Component: ARM Compiler 5.06 (build 20) Tool: armlink [4d35a3]

==============================================================================

Section Cross References

    main_1.o(.text) refers to init.o(.text) for Init
    main_1.o(.text) refers to switch.o(.text) for switch_mode
    main_1.o(.text) refers to car_test.o(.text) for Test_module
    main_1.o(.text) refers to running.o(.text) for Run_init
    main_1.o(.text) refers to main_1.o(.data) for mode_selection
    camera.o(.text) refers to uart.o(.text) for UART_WriteByte
    camera.o(.text) refers to img_processing.o(.text) for findpoint
    camera.o(.text) refers to ov7620.o(.data) for ov7620_img_flag
    camera.o(.text) refers to ov7620.o(.bss) for CCD_Image1
    camera.o(.text) refers to variable.o(.data) for target_flag
    running.o(.text) refers to ov7620.o(.text) for OV7620_Init
    running.o(.text) refers to camera.o(.text) for Start_image
    running.o(.text) refers to motor.o(.text) for Motor_PWM_Output
    running.o(.text) refers to drv_lcd.o(.text) for LCD_Init
    running.o(.text) refers to gpio.o(.text) for GPIO_ToggleBit
    running.o(.text) refers to img_processing.o(.text) for findpoint
    running.o(.text) refers to move.o(.text) for Lookfor
    running.o(.text) refers to delay.o(.data) for delay_flag
    running.o(.text) refers to variable.o(.data) for target_flag
    delay.o(.text) refers to delay.o(.data) for delay_flag
    img_processing.o(.text) refers to _printf_percent.o(.ARM.Collect$$_printf_percent$$00000000) for _printf_percent
    img_processing.o(.text) refers to _printf_d.o(.ARM.Collect$$_printf_percent$$00000009) for _printf_d
    img_processing.o(.text) refers to _printf_dec.o(.text) for _printf_int_dec
    img_processing.o(.text) refers to drv_lcd.o(.text) for LCD_printf
    img_processing.o(.text) refers to __2printf.o(.text) for __2printf
    img_processing.o(.text) refers to f2d.o(x$fpl$f2d) for __aeabi_f2d
    img_processing.o(.text) refers to ov7620.o(.data) for Image_Change
    img_processing.o(.text) refers to ov7620.o(.bss) for CCD_Image1
    img_processing.o(.text) refers to variable.o(.data) for target_door
    img_processing.o(.text) refers to main_1.o(.data) for data_selection
    img_processing.o(.text) refers to delay.o(.data) for tt
    img_processing.o(.text) refers to img_processing.o(.data) for cnt
    img_processing.o(.text) refers to motor.o(.data) for qd_left_value
    img_processing.o(.text) refers to car_test.o(.text) for min_point
    init.o(.text) refers to common.o(.text) for DelayInit
    init.o(.text) refers to gpio.o(.text) for GPIO_QuickInit
    init.o(.text) refers to uart.o(.text) for UART_QuickInit
    init.o(.text) refers to ftm.o(.text) for FTM_QD_QuickInit
    init.o(.text) refers to cmt.o(.text) for CMT_PWM_QuickInit
    init.o(.text) refers to pit.o(.text) for PIT_QuickInit
    init.o(.text) refers to motor.o(.text) for QD_value
    init.o(.text) refers to delay.o(.text) for PIT1_HandlerU
    car_test.o(.text) refers to drv_lcd.o(.text) for LCD_Init
    car_test.o(.text) refers to ov7620.o(.text) for OV7620_Init
    car_test.o(.text) refers to camera.o(.text) for Start_image
    car_test.o(.text) refers to gpio.o(.text) for GPIO_ToggleBit
    car_test.o(.text) refers to motor.o(.text) for PID_speed_set
    car_test.o(.text) refers to uart.o(.text) for UART_ReadByte
    car_test.o(.text) refers to fflt_clz.o(x$fpl$ffltu) for __aeabi_ui2f
    car_test.o(.text) refers to dflt_clz.o(x$fpl$dfltu) for __aeabi_ui2d
    car_test.o(.text) refers to dmul.o(x$fpl$dmul) for __aeabi_dmul
    car_test.o(.text) refers to d2f.o(x$fpl$d2f) for __aeabi_d2f
    car_test.o(.text) refers to ov7620.o(.data) for Image_Change
    car_test.o(.text) refers to variable.o(.data) for barrier_H
    car_test.o(.text) refers to ov7620.o(.bss) for CCD_Image1
    car_test.o(.text) refers to motor.o(.data) for pwm_Kp
    car_test.o(.text) refers to ftm.o(.text) for FTM_PWM_ChangeDuty
    car_test.o(.text) refers to cmt.o(.text) for CMT_PWM_ChangDuty
    car_test.o(.text) refers to rt_memcpy_w.o(.text) for __aeabi_memcpy4
    car_test.o(.text) refers to printf.o(.text) for printf
    car_test.o(.text) refers to car_test.o(.data) for PID_test_flag
    motor.o(.text) refers to ftm.o(.text) for FTM_QD_GetData
    motor.o(.text) refers to f2d.o(x$fpl$f2d) for __aeabi_f2d
    motor.o(.text) refers to drv_lcd.o(.text) for LCD_printf
    motor.o(.text) refers to car_test.o(.text) for send_PC_data
    motor.o(.text) refers to cmt.o(.text) for CMT_PWM_ChangDuty
    motor.o(.text) refers to common.o(.text) for DelayMs
    motor.o(.text) refers to fflt_clz.o(x$fpl$fflt) for __aeabi_i2f
    motor.o(.text) refers to fmul.o(x$fpl$fmul) for __aeabi_fmul
    motor.o(.text) refers to faddsub_clz.o(x$fpl$fadd) for __aeabi_fadd
    motor.o(.text) refers to ffix.o(x$fpl$ffix) for __aeabi_f2iz
    motor.o(.text) refers to motor.o(.data) for direction_right
    motor.o(.text) refers to car_test.o(.data) for PID_test_flag
[...]
    .data                                    0x1fff0046   Section       10  ov7620.o(.data)
    .data                                    0x1fff0050   Section       16  switch.o(.data)
    .data                                    0x1fff0060   Section      182  variable.o(.data)
    .data                                    0x1fff0116   Section        1  move.o(.data)
    .data                                    0x1fff0118   Section        4  system_mk60d10.o(.data)
    .data                                    0x1fff011c   Section        8  adc.o(.data)
    ADC_CallBackTable                        0x1fff011c   Data           8  adc.o(.data)
    .data                                    0x1fff0124   Section        2  cmt.o(.data)
    FullDuty                                 0x1fff0124   Data           2  cmt.o(.data)
    .data                                    0x1fff0128   Section        8  dac.o(.data)
    DAC_CallBackTable                        0x1fff0128   Data           8  dac.o(.data)
    .data                                    0x1fff0130   Section        4  dma.o(.data)
    DMAChlMAP                                0x1fff0130   Data           4  dma.o(.data)
    .data                                    0x1fff0134   Section        4  pit.o(.data)
    fac_us                                   0x1fff0134   Data           4  pit.o(.data)
    .data                                    0x1fff0138   Section       37  uart.o(.data)
    UART_DebugInstance                       0x1fff0138   Data           1  uart.o(.data)
    _UART_DMA_sAddrTable                     0x1fff0144   Data          24  uart.o(.data)
    is_fitst_init                            0x1fff015c   Data           1  uart.o(.data)
    .data                                    0x1fff0160   Section        4  wdog.o(.data)
    WDOG_CallBackTable                       0x1fff0160   Data           4  wdog.o(.data)
    .data                                    0x1fff0164   Section       16  drv_lcd.o(.data)
    _gFontTbl                                0x1fff0168   Data          12  drv_lcd.o(.data)
    .bss                                     0x1fff0174   Section       64  dma.o(.bss)
    DMA_CallBackTable                        0x1fff0174   Data          64  dma.o(.bss)
    .bss                                     0x1fff01b4   Section       12  ftm.o(.bss)
    FTM_CallBackTable                        0x1fff01b4   Data          12  ftm.o(.bss)
    .bss                                     0x1fff01c0   Section       20  gpio.o(.bss)
    GPIO_CallBackTable                       0x1fff01c0   Data          20  gpio.o(.bss)
    .bss                                     0x1fff01d4   Section       16  pit.o(.bss)
    PIT_CallBackTable                        0x1fff01d4   Data          16  pit.o(.bss)
    .bss                                     0x1fff01e4   Section       68  uart.o(.bss)
    UART_CallBackTxTable                     0x1fff01e4   Data          24  uart.o(.bss)
    UART_CallBackRxTable                     0x1fff01fc   Data          24  uart.o(.bss)
    DMA2UARTChlTable                         0x1fff0214   Data          20  uart.o(.bss)
    .bss                                     0x1fff0228   Section       12  spi.o(.bss)
    SPI_CallBackTable                        0x1fff0228   Data          12  spi.o(.bss)
    .bss                                     0x1fff0234   Section       96  libspace.o(.bss)
    HEAP                                     0x1fff0298   Section     8192  startup_mk60d10.o(HEAP)
    Heap_Mem                                 0x1fff0298   Data        8192  startup_mk60d10.o(HEAP)
    STACK                                    0x1fff2298   Section     8192  startup_mk60d10.o(STACK)
    Stack_Mem                                0x1fff2298   Data        8192  startup_mk60d10.o(STACK)
    __initial_sp                             0x1fff4298   Data           0  startup_mk60d10.o(STACK)
    .bss                                     0x20000000   Section    64048  ov7620.o(.bss)

    Global Symbols

    Symbol Name                              Value     Ov Type        Size  Object(Section)

    BuildAttributes$$THM_ISAv4$E$P$D$K$B$S$7EM$PE$A:L22UL41UL21$X:L11$S22US41US21$IEEE1$IW$USESV6$~STKCKD$USESV7$~SHL$OTIME$ROPI$IEEEJ$EBA8$UX$STANDARDLIB$REQ8$PRES8$EABIv2 0x00000000   Number         0  anon$$obj.o ABSOLUTE
    __ARM_use_no_argv                        0x00000000   Number         0  main_1.o ABSOLUTE
    __Vectors                                0x00000000   Data           4  startup_mk60d10.o(RESET)
    _printf_flags                            0x00000000   Number         0  printf_stubs.o ABSOLUTE
    _printf_return_value                     0x00000000   Number         0  printf_stubs.o ABSOLUTE
    _printf_sizespec                         0x00000000   Number         0  printf_stubs.o ABSOLUTE
    _printf_widthprec                        0x00000000   Number         0  printf_stubs.o ABSOLUTE
    __ARM_exceptions_init                     - Undefined Weak Reference
    __alloca_initialize                       - Undefined Weak Reference
    __arm_preinit_                            - Undefined Weak Reference
    __cpp_initialize__aeabi_                  - Undefined Weak Reference
    __cxa_finalize                            - Undefined Weak Reference
    __sigvec_lookup                           - Undefined Weak Reference
    _atexit_init                              - Undefined Weak Reference
    _call_atexit_fns                          - Undefined Weak Reference
    _clock_init                               - Undefined Weak Reference
    _fp_trap_init                             - Undefined Weak Reference
    _fp_trap_shutdown                         - Undefined Weak Reference
    _get_lc_collate                           - Undefined Weak Reference
    _get_lc_monetary                          - Undefined Weak Reference
    _get_lc_time                              - Undefined Weak Reference
    _getenv_init                              - Undefined Weak Reference
    _handle_redirection                       - Undefined Weak Reference
    _init_alloc                               - Undefined Weak Reference
    _init_user_alloc                          - Undefined Weak Reference
    _initio                                   - Undefined Weak Reference
    _mutex_acquire                            - Undefined Weak Reference
    _mutex_release                            - Undefined Weak Reference
    _printf_mbtowc                            - Undefined Weak Reference
    _printf_wc                                - Undefined Weak Reference
    _rand_init                                - Undefined Weak Reference
    _signal_finish                            - Undefined Weak Reference
    _signal_init                              - Undefined Weak Reference
    _terminate_alloc                          - Undefined Weak Reference
    _terminate_user_alloc                     - Undefined Weak Reference
    _terminateio                              - Undefined Weak Reference
    __Vectors_End                            0x00000400   Data           0  startup_mk60d10.o(RESET)
    __Vectors_Size                           0x00000400   Number         0  startup_mk60d10.o ABSOLUTE
    __main                                   0x00000411   Thumb Code     8  __main.o(!!!main)
    __scatterload                            0x00000419   Thumb Code     0  __scatter.o(!!!scatter)
    __scatterload_rt2                        0x00000419   Thumb Code    44  __scatter.o(!!!scatter)
    __scatterload_rt2_thumb_only             0x00000419   Thumb Code     0  __scatter.o(!!!scatter)
    __scatterload_null                       0x00000427   Thumb Code     0  __scatter.o(!!!scatter)
    __decompress                             0x0000044d   Thumb Code    90  __dczerorl2.o(!!dczerorl2)
    __decompress1                            0x0000044d   Thumb Code     0  __dczerorl2.o(!!dczerorl2)
    __scatterload_zeroinit                   0x000004a9   Thumb Code    28  __scatter_zi.o(!!handler_zi)
    _printf_n                                0x000004c5   Thumb Code     0  _printf_n.o(.ARM.Collect$$_printf_percent$$00000001)
    _printf_percent                          0x000004c5   Thumb Code     0  _printf_percent.o(.ARM.Collect$$_printf_percent$$00000000)
    _printf_p                                0x000004cb   Thumb Code     0  _printf_p.o(.ARM.Collect$$_printf_percent$$00000002)
    _printf_f                                0x000004d1   Thumb Code     0  _printf_f.o(.ARM.Collect$$_printf_percent$$00000003)
    _printf_e                                0x000004d7   Thumb Code     0  _printf_e.o(.ARM.Collect$$_printf_percent$$00000004)
    _printf_g                                0x000004dd   Thumb Code     0  _printf_g.o(.ARM.Collect$$_printf_percent$$00000005)
    _printf_a                                0x000004e3   Thumb Code     0  _printf_a.o(.ARM.Collect$$_printf_percent$$00000006)
    _printf_ll                               0x000004e9   Thumb Code     0  _printf_ll.o(.ARM.Collect$$_printf_percent$$00000007)
    _printf_i                                0x000004f3   Thumb Code     0  _printf_i.o(.ARM.Collect$$_printf_percent$$00000008)
    _printf_d                                0x000004f9   Thumb Code     0  _printf_d.o(.ARM.Collect$$_printf_percent$$00000009)
    _printf_u                                0x000004ff   Thumb Code     0  _printf_u.o(.ARM.Collect$$_printf_percent$$0000000A)
    _printf_o                                0x00000505   Thumb Code     0  _printf_o.o(.ARM.Collect$$_printf_percent$$0000000B)
    _printf_x                                0x0000050b   Thumb Code     0  _printf_x.o(.ARM.Collect$$_printf_percent$$0000000C)
    _printf_lli                              0x00000511   Thumb Code     0  _printf_lli.o(.ARM.Collect$$_printf_percent$$0000000D)
    _printf_lld                              0x00000517   Thumb Code     0  _printf_lld.o(.ARM.Collect$$_printf_percent$$0000000E)
    _printf_llu                              0x0000051d   Thumb Code     0  _printf_llu.o(.ARM.Collect$$_printf_percent$$0000000F)
    _printf_llo                              0x00000523   Thumb Code     0  _printf_llo.o(.ARM.Collect$$_printf_percent$$00000010)
    _printf_llx                              0x00000529   Thumb Code     0  _printf_llx.o(.ARM.Collect$$_printf_percent$$00000011)
    _printf_l                                0x0000052f   Thumb Code     0  _printf_l.o(.ARM.Collect$$_printf_percent$$00000012)
    _printf_c                                0x00000539   Thumb Code     0  _printf_c.o(.ARM.Collect$$_printf_percent$$00000013)
    _printf_s                                0x0000053f   Thumb Code     0  _printf_s.o(.ARM.Collect$$_printf_percent$$00000014)
    _printf_lc                               0x00000545   Thumb Code     0  _printf_lc.o(.ARM.Collect$$_printf_percent$$00000015)
    _printf_ls                               0x0000054b   Thumb Code     0  _printf_ls.o(.ARM.Collect$$_printf_percent$$00000016)
    _printf_percent_end                      0x00000551   Thumb Code     0  _printf_percent_end.o(.ARM.Collect$$_printf_percent$$00000017)
    __rt_lib_init                            0x00000555   Thumb Code     0  libinit.o(.ARM.Collect$$libinit$$00000000)
    __rt_lib_init_fp_1                       0x00000557   Thumb Code     0  libinit2.o(.ARM.Collect$$libinit$$00000002)
    __rt_lib_init_heap_1                     0x00000557   Thumb Code     0  libinit2.o(.ARM.Collect$$libinit$$0000000A)
    __rt_lib_init_lc_common                  0x00000557   Thumb Code     0  libinit2.o(.ARM.Collect$$libinit$$0000000F)
    __rt_lib_init_preinit_1                  0x00000557   Thumb Code     0  libinit2.o(.ARM.Collect$$libinit$$00000004)
    __rt_lib_init_rand_1                     0x00000557   Thumb Code     0  libinit2.o(.ARM.Collect$$libinit$$0000000E)
    __rt_lib_init_user_alloc_1               0x00000557   Thumb Code     0  libinit2.o(.ARM.Collect$$libinit$$0000000C)
    __rt_lib_init_lc_collate_1               0x0000055d   Thumb Code     0  libinit2.o(.ARM.Collect$$libinit$$00000011)
    __rt_lib_init_lc_ctype_2                 0x0000055d   Thumb Code     0  libinit2.o(.ARM.Collect$$libinit$$00000012)
    __rt_lib_init_lc_ctype_1                 0x00000569   Thumb Code     0  libinit2.o(.ARM.Collect$$libinit$$00000013)
    __rt_lib_init_lc_monetary_1              0x00000569   Thumb Code     0  libinit2.o(.ARM.Collect$$libinit$$00000015)
    __rt_lib_init_lc_numeric_2               0x00000569   Thumb Code     0  libinit2.o(.ARM.Collect$$libinit$$00000016)
    __rt_lib_init_alloca_1                   0x00000573   Thumb Code     0  libinit2.o(.ARM.Collect$$libinit$$0000002E)
    __rt_lib_init_argv_1                     0x00000573   Thumb Code     0  libinit2.o(.ARM.Collect$$libinit$$0000002C)
    __rt_lib_init_atexit_1                   0x00000573   Thumb Code     0  libinit2.o(.ARM.Collect$$libinit$$0000001B)
    __rt_lib_init_clock_1                    0x00000573   Thumb Code     0  libinit2.o(.ARM.Collect$$libinit$$00000021)
    __rt_lib_init_cpp_1                      0x00000573   Thumb Code     0  libinit2.o(.ARM.Collect$$libinit$$00000032)
    __rt_lib_init_exceptions_1               0x00000573   Thumb Code     0  libinit2.o(.ARM.Collect$$libinit$$00000030)
    __rt_lib_init_fp_trap_1                  0x00000573   Thumb Code     0  libinit2.o(.ARM.Collect$$libinit$$0000001F)
    __rt_lib_init_getenv_1                   0x00000573   Thumb Code     0  libinit2.o(.ARM.Collect$$libinit$$00000023)
    __rt_lib_init_lc_numeric_1               0x00000573   Thumb Code     0  libinit2.o(.ARM.Collect$$libinit$$00000017)
    __rt_lib_init_lc_time_1                  0x00000573   Thumb Code     0  libinit2.o(.ARM.Collect$$libinit$$00000019)
    __rt_lib_init_return                     0x00000573   Thumb Code     0  libinit2.o(.ARM.Collect$$libinit$$00000033)
    __rt_lib_init_signal_1                   0x00000573   Thumb Code     0  libinit2.o(.ARM.Collect$$libinit$$0000001D)
    __rt_lib_init_stdio_1                    0x00000573   Thumb Code     0  libinit2.o(.ARM.Collect$$libinit$$00000025)
    __rt_lib_shutdown                        0x00000575   Thumb Code     0  libshutdown.o(.ARM.Collect$$libshutdown$$00000000)
    __rt_lib_shutdown_cpp_1                  0x00000577   Thumb Code     0  libshutdown2.o(.ARM.Collect$$libshutdown$$00000002)
    __rt_lib_shutdown_fp_trap_1              0x00000577   Thumb Code     0  libshutdown2.o(.ARM.Collect$$libshutdown$$00000007)
    __rt_lib_shutdown_heap_1                 0x00000577   Thumb Code     0  libshutdown2.o(.ARM.Collect$$libshutdown$$0000000F)
    __rt_lib_shutdown_return                 0x00000577   Thumb Code     0  libshutdown2.o(.ARM.Collect$$libshutdown$$00000010)
    __rt_lib_shutdown_signal_1               0x00000577   Thumb Code     0  libshutdown2.o(.ARM.Collect$$libshutdown$$0000000A)
    __rt_lib_shutdown_stdio_1                0x00000577   Thumb Code     0  libshutdown2.o(.ARM.Collect$$libshutdown$$00000004)
    __rt_lib_shutdown_user_alloc_1           0x00000577   Thumb Code     0  libshutdown2.o(.ARM.Collect$$libshutdown$$0000000C)
    __rt_entry                               0x00000579   Thumb Code     0  __rtentry.o(.ARM.Collect$$rtentry$$00000000)
    __rt_entry_presh_1                       0x00000579   Thumb Code     0  __rtentry2.o(.ARM.Collect$$rtentry$$00000002)
    __rt_entry_sh                            0x00000579   Thumb Code     0  __rtentry4.o(.ARM.Collect$$rtentry$$00000004)
    __rt_entry_li                            0x0000057f   Thumb Code     0  __rtentry2.o(.ARM.Collect$$rtentry$$0000000A)
    __rt_entry_postsh_1                      0x0000057f   Thumb Code     0  __rtentry2.o(.ARM.Collect$$rtentry$$00000009)
    __rt_entry_main                          0x00000583   Thumb Code     0  __rtentry2.o(.ARM.Collect$$rtentry$$0000000D)
    __rt_entry_postli_1                      0x00000583   Thumb Code     0  __rtentry2.o(.ARM.Collect$$rtentry$$0000000C)
    __rt_exit                                0x0000058b   Thumb Code     0  rtexit.o(.ARM.Collect$$rtexit$$00000000)
    __rt_exit_ls                             0x0000058d   Thumb Code     0  rtexit2.o(.ARM.Collect$$rtexit$$00000003)
    __rt_exit_prels_1                        0x0000058d   Thumb Code     0  rtexit2.o(.ARM.Collect$$rtexit$$00000002)
    __rt_exit_exit                           0x00000591   Thumb Code     0  rtexit2.o(.ARM.Collect$$rtexit$$00000004)
    main                                     0x00000599   Thumb Code    68  main_1.o(.text)
    Start_image                              0x000005e5   Thumb Code    50  camera.o(.text)
    End_image                                0x00000617   Thumb Code    12  camera.o(.text)
    send_image                               0x00000623   Thumb Code    94  camera.o(.text)
    First_image                              0x00000681   Thumb Code   136  camera.o(.text)
    Run_init                                 0x00000735   Thumb Code    34  running.o(.text)
    Run_car                                  0x00000757   Thumb Code   170  running.o(.text)
    delay_ms                                 0x00000821   Thumb Code    36  delay.o(.text)
    PIT1_HandlerU                            0x00000845   Thumb Code    38  delay.o(.text)
    findpoint                                0x00000875   Thumb Code  1412  img_processing.o(.text)
    findbarrier                              0x00000df9   Thumb Code   574  img_processing.o(.text)
    Init                                     0x000010ad   Thumb Code   354  init.o(.text)
    min_point                                0x00001229   Thumb Code   146  car_test.o(.text)
    barrier_Test                             0x000012bb   Thumb Code   940  car_test.o(.text)
    PID_Test                                 0x00001667   Thumb Code   308  car_test.o(.text)
    LCD_Test                                 0x0000179b   Thumb Code   656  car_test.o(.text)
    Image_Test                               0x00001a2b   Thumb Code    28  car_test.o(.text)
    Motor_Test                               0x00001a47   Thumb Code    48  car_test.o(.text)
    Servo_Test                               0x00001a77   Thumb Code   110  car_test.o(.text)
    Uart_test                                0x00001ae5   Thumb Code   180  car_test.o(.text)
    Test_module                              0x00001b99   Thumb Code    54  car_test.o(.text)
    send_PC_data                             0x00001bcf   Thumb Code   112  car_test.o(.text)
    QD_value                                 0x00001c41   Thumb Code   276  motor.o(.text)
    Servo_Control                            0x00001d55   Thumb Code   200  motor.o(.text)
    Motor_PWM_Output                         0x00001e1d   Thumb Code   140  motor.o(.text)
    Motor_PID_Output                         0x00001ea9   Thumb Code   332  motor.o(.text)
    PID_speed_set                            0x00001ff5   Thumb Code    14  motor.o(.text)
    ov7620_DMA                               0x00002091   Thumb Code    38  ov7620.o(.text)
    OV7620_Init                              0x000020b7   Thumb Code   218  ov7620.o(.text)
    PORTE_IRQHandler                         0x00002191   Thumb Code   114  ov7620.o(.text)
    PORTD_IRQHandler                         0x00002203   Thumb Code   102  ov7620.o(.text)
    switch_mode                              0x000022b9   Thumb Code   144  switch.o(.text)
    switch_data                              0x00002349   Thumb Code   104  switch.o(.text)
    speed_tran                               0x000023b9   Thumb Code    38  move.o(.text)
    Lookfor                                  0x000023df   Thumb Code   164  move.o(.text)
    GotoTarget                               0x00002483   Thumb Code   156  move.o(.text)
    Turn                                     0x0000251f   Thumb Code   176  move.o(.text)
    Back                                     0x000025cf   Thumb Code   148  move.o(.text)
    Pass                                     0x00002663   Thumb Code    42  move.o(.text)
    Evade                                    0x0000268d   Thumb Code   156  move.o(.text)
    SystemInit                               0x00002785   Thumb Code   196  system_mk60d10.o(.text)
    SystemCoreClockUpdate                    0x00002849   Thumb Code   324  system_mk60d10.o(.text)
    Reset_Handler                            0x000029ad   Thumb Code     8  startup_mk60d10.o(.text)
    HardFault_Handler                        0x000029b7   Thumb Code     2  startup_mk60d10.o(.text)
    MemManage_Handler                        0x000029b9   Thumb Code     2  startup_mk60d10.o(.text)
    BusFault_Handler                         0x000029bb   Thumb Code     2  startup_mk60d10.o(.text)
    UsageFault_Handler                       0x000029bd   Thumb Code     2  startup_mk60d10.o(.text)
    SVC_Handler                              0x000029bf   Thumb Code     2  startup_mk60d10.o(.text)
    DebugMon_Handler                         0x000029c1   Thumb Code     2  startup_mk60d10.o(.text)
    PendSV_Handler                           0x000029c3   Thumb Code     2  startup_mk60d10.o(.text)
    SysTick_Handler                          0x000029c5   Thumb Code     2  startup_mk60d10.o(.text)
    CAN0_Bus_Off_IRQHandler                  0x000029c7   Thumb Code     0  startup_mk60d10.o(.text)
    CAN0_Error_IRQHandler                    0x000029c7   Thumb Code     0  startup_mk60d10.o(.text)
    CAN0_ORed_Message_buffer_IRQHandler      0x000029c7   Thumb Code     0  startup_mk60d10.o(.text)
    CAN0_Rx_Warning_IRQHandler               0x000029c7   Thumb Code     0  startup_mk60d10.o(.text)
    CAN0_Tx_Warning_IRQHandler               0x000029c7   Thumb Code     0  startup_mk60d10.o(.text)
    CAN0_Wake_Up_IRQHandler                  0x000029c7   Thumb Code     0  startup_mk60d10.o(.text)
    CAN1_Bus_Off_IRQHandler                  0x000029c7   Thumb Code     0  startup_mk60d10.o(.text)
    CAN1_Error_IRQHandler                    0x000029c7   Thumb Code     0  startup_mk60d10.o(.text)
    CAN1_ORed_Message_buffer_IRQHandler      0x000029c7   Thumb Code     0  startup_mk60d10.o(.text)
    CAN1_Rx_Warning_IRQHandler               0x000029c7   Thumb Code     0  startup_mk60d10.o(.text)
    CAN1_Tx_Warning_IRQHandler               0x000029c7   Thumb Code     0  startup_mk60d10.o(.text)
    CAN1_Wake_Up_IRQHandler                  0x000029c7   Thumb Code     0  startup_mk60d10.o(.text)
    CMP0_IRQHandler                          0x000029c7   Thumb Code     0  startup_mk60d10.o(.text)
    CMP1_IRQHandler                          0x000029c7   Thumb Code     0  startup_mk60d10.o(.text)
    CMP2_IRQHandler                          0x000029c7   Thumb Code     0  startup_mk60d10.o(.text)
    CMT_IRQHandler                           0x000029c7   Thumb Code     0  startup_mk60d10.o(.text)
    DMA_Error_IRQHandler                     0x000029c7   Thumb Code     0  startup_mk60d10.o(.text)
    DefaultISR                               0x000029c7   Thumb Code     0  startup_mk60d10.o(.text)
    ENET_1588_Timer_IRQHandler               0x000029c7   Thumb Code     0  startup_mk60d10.o(.text)
    ENET_Error_IRQHandler                    0x000029c7   Thumb Code     0  startup_mk60d10.o(.text)
    ENET_Receive_IRQHandler                  0x000029c7   Thumb Code     0  startup_mk60d10.o(.text)
    ENET_Transmit_IRQHandler                 0x000029c7   Thumb Code     0  startup_mk60d10.o(.text)
    FTFL_IRQHandler                          0x000029c7   Thumb Code     0  startup_mk60d10.o(.text)
    I2C0_IRQHandler                          0x000029c7   Thumb Code     0  startup_mk60d10.o(.text)
    I2C1_IRQHandler                          0x000029c7   Thumb Code     0  startup_mk60d10.o(.text)
    I2S0_Rx_IRQHandler                       0x000029c7   Thumb Code     0  startup_mk60d10.o(.text)
    I2S0_Tx_IRQHandler                       0x000029c7   Thumb Code     0  startup_mk60d10.o(.text)
    LLW_IRQHandler                           0x000029c7   Thumb Code     0  startup_mk60d10.o(.text)
    LPTimer_IRQHandler                       0x000029c7   Thumb Code     0  startup_mk60d10.o(.text)
    LVD_LVW_IRQHandler                       0x000029c7   Thumb Code     0  startup_mk60d10.o(.text)
    MCG_IRQHandler                           0x000029c7   Thumb Code     0  startup_mk60d10.o(.text)
    MCM_IRQHandler                           0x000029c7   Thumb Code     0  startup_mk60d10.o(.text)
    PDB0_IRQHandler                          0x000029c7   Thumb Code     0  startup_mk60d10.o(.text)
    RNG_IRQHandler                           0x000029c7   Thumb Code     0  startup_mk60d10.o(.text)
    RTC_IRQHandler                           0x000029c7   Thumb Code     0  startup_mk60d10.o(.text)
    RTC_Seconds_IRQHandler                   0x000029c7   Thumb Code     0  startup_mk60d10.o(.text)
    Read_Collision_IRQHandler                0x000029c7   Thumb Code     0  startup_mk60d10.o(.text)
    Reserved102_IRQHandler                   0x000029c7   Thumb Code     0  startup_mk60d10.o(.text)
    Reserved108_IRQHandler                   0x000029c7   Thumb Code     0  startup_mk60d10.o(.text)
    Reserved109_IRQHandler                   0x000029c7   Thumb Code     0  startup_mk60d10.o(.text)
    Reserved111_IRQHandler                   0x000029c7   Thumb Code     0  startup_mk60d10.o(.text)
    Reserved112_IRQHandler                   0x000029c7   Thumb Code     0  startup_mk60d10.o(.text)
    Reserved113_IRQHandler                   0x000029c7   Thumb Code     0  startup_mk60d10.o(.text)
    Reserved114_IRQHandler                   0x000029c7   Thumb Code     0  startup_mk60d10.o(.text)
    Reserved115_IRQHandler                   0x000029c7   Thumb Code     0  startup_mk60d10.o(.text)
    Reserved116_IRQHandler                   0x000029c7   Thumb Code     0  startup_mk60d10.o(.text)
    Reserved117_IRQHandler                   0x000029c7   Thumb Code     0  startup_mk60d10.o(.text)
    Reserved118_IRQHandler                   0x000029c7   Thumb Code     0  startup_mk60d10.o(.text)
    Reserved119_IRQHandler                   0x000029c7   Thumb Code     0  startup_mk60d10.o(.text)
    Reserved59_IRQHandler                    0x000029c7   Thumb Code     0  startup_mk60d10.o(.text)
    Reserved95_IRQHandler                    0x000029c7   Thumb Code     0  startup_mk60d10.o(.text)
    SDHC_IRQHandler                          0x000029c7   Thumb Code     0  startup_mk60d10.o(.text)
    SWI_IRQHandler                           0x000029c7   Thumb Code     0  startup_mk60d10.o(.text)
    TSI0_IRQHandler                          0x000029c7   Thumb Code     0  startup_mk60d10.o(.text)
    UART0_ERR_IRQHandler                     0x000029c7   Thumb Code     0  startup_mk60d10.o(.text)
    UART0_LON_IRQHandler                     0x000029c7   Thumb Code     0  startup_mk60d10.o(.text)
    UART1_ERR_IRQHandler                     0x000029c7   Thumb Code     0  startup_mk60d10.o(.text)
    UART2_ERR_IRQHandler                     0x000029c7   Thumb Code     0  startup_mk60d10.o(.text)
    UART3_ERR_IRQHandler                     0x000029c7   Thumb Code     0  startup_mk60d10.o(.text)
    UART4_ERR_IRQHandler                     0x000029c7   Thumb Code     0  startup_mk60d10.o(.text)
    UART5_ERR_IRQHandler                     0x000029c7   Thumb Code     0  startup_mk60d10.o(.text)
    USB0_IRQHandler                          0x000029c7   Thumb Code     0  startup_mk60d10.o(.text)
    USBDCD_IRQHandler                        0x000029c7   Thumb Code     0  startup_mk60d10.o(.text)
    __user_initial_stackheap                 0x000029c9   Thumb Code     0  startup_mk60d10.o(.text)
    ADC_IsConversionCompleted                0x000029ed   Thumb Code    26  adc.o(.text)
    ADC_ITDMAConfig                          0x00002a07   Thumb Code   170  adc.o(.text)
    ADC_Init                                 0x00002bf5   Thumb Code   556  adc.o(.text)
    ADC_EnableHardwareTrigger                0x00002e21   Thumb Code    46  adc.o(.text)
    ADC_ChlMuxConfig                         0x00002e4f   Thumb Code    48  adc.o(.text)
    ADC_QuickInit                            0x00002e7f   Thumb Code   146  adc.o(.text)
    ADC_StartConversion                      0x00002f11   Thumb Code    54  adc.o(.text)
    ADC_ReadValue                            0x00002f47   Thumb Code    16  adc.o(.text)
    ADC_QuickReadValue                       0x00002f57   Thumb Code    54  adc.o(.text)
    ADC_CallbackInstall                      0x00002f8d   Thumb Code    10  adc.o(.text)
    ADC0_IRQHandler                          0x00002f97   Thumb Code    16  adc.o(.text)
    ADC1_IRQHandler                          0x00002fa7   Thumb Code    16  adc.o(.text)
    CMT_PWM_QuickInit                        0x00002fc1   Thumb Code   140  cmt.o(.text)
    CMT_PWM_ChangDuty                        0x0000304d   Thumb Code    44  cmt.o(.text)
    CLOCK_GetClockFrequency                  0x00003085   Thumb Code   124  common.o(.text)
    QuickInitEncode                          0x00003101   Thumb Code     6  common.o(.text)
    QuickInitDecode                          0x00003107   Thumb Code    10  common.o(.text)
    DWT_DelayInit                            0x00003111   Thumb Code    26  common.o(.text)
    DWT_DelayUs                              0x0000312b   Thumb Code    62  common.o(.text)
    DWT_DelayMs                              0x00003169   Thumb Code    18  common.o(.text)
    DelayInit                                0x0000317b   Thumb Code     8  common.o(.text)
    DelayMs                                  0x00003183   Thumb Code    12  common.o(.text)
    DelayUs                                  0x0000318f   Thumb Code    12  common.o(.text)
    NMI_Handler                              0x0000319b   Thumb Code     2  common.o(.text)
    DAC_Init                                 0x000031b1   Thumb Code   568  dac.o(.text)
    DAC_GetBufferReadPointer                 0x000033e9   Thumb Code    16  dac.o(.text)
    DAC_SetBufferReadPointer                 0x000033f9   Thumb Code    54  dac.o(.text)
    DAC_SetBufferUpperLimit                  0x0000342f   Thumb Code    52  dac.o(.text)
    DAC_ITDMAConfig                          0x00003463   Thumb Code   352  dac.o(.text)
    DAC_SoftwareStartConversion              0x000035c3   Thumb Code    26  dac.o(.text)
    DAC_SetWaterMark                         0x000035dd   Thumb Code   146  dac.o(.text)
    DAC_SetBufferValue                       0x0000366f   Thumb Code    50  dac.o(.text)
    DAC_CallbackInstall                      0x000036a1   Thumb Code    10  dac.o(.text)
    DAC0_IRQHandler                          0x000036ab   Thumb Code   102  dac.o(.text)
    DAC1_IRQHandler                          0x00003711   Thumb Code   102  dac.o(.text)
    DMA_DisableRequest                       0x00003795   Thumb Code    10  dma.o(.text)
    DMA_Init                                 0x0000379f   Thumb Code   392  dma.o(.text)
    DMA_ChlAlloc                             0x00003927   Thumb Code    46  dma.o(.text)
    DMA_ChlFree                              0x00003955   Thumb Code    16  dma.o(.text)
    DMA_GetMajorLoopCount                    0x00003965   Thumb Code    16  dma.o(.text)
    DMA_SetMajorLoopCounter                  0x00003975   Thumb Code    44  dma.o(.text)
    DMA_EnableRequest                        0x000039a1   Thumb Code    10  dma.o(.text)
    DMA_EnableAutoDisableRequest             0x000039ab   Thumb Code    46  dma.o(.text)
    DMA_EnableMajorLink                      0x000039d9   Thumb Code    94  dma.o(.text)
    DMA_ITConfig                             0x00003a37   Thumb Code   140  dma.o(.text)
    DMA_CallbackInstall                      0x00003ac3   Thumb Code    10  dma.o(.text)
    DMA_IsMajorLoopComplete                  0x00003acd   Thumb Code    56  dma.o(.text)
    DMA_SetDestAddress                       0x00003b05   Thumb Code    10  dma.o(.text)
    DMA_GetDestAddress                       0x00003b0f   Thumb Code    12  dma.o(.text)
    DMA_SetSourceAddress                     0x00003b1b   Thumb Code    10  dma.o(.text)
    DMA_GetSourceAddress                     0x00003b25   Thumb Code    12  dma.o(.text)
    DMA_CancelTransfer                       0x00003b31   Thumb Code    14  dma.o(.text)
    DMA0_IRQHandler                          0x00003b3f   Thumb Code    22  dma.o(.text)
    DMA1_IRQHandler                          0x00003b55   Thumb Code    22  dma.o(.text)
    DMA2_IRQHandler                          0x00003b6b   Thumb Code    50  dma.o(.text)
    DMA3_IRQHandler                          0x00003b9d   Thumb Code    22  dma.o(.text)
    DMA4_IRQHandler                          0x00003bb3   Thumb Code    22  dma.o(.text)
    DMA5_IRQHandler                          0x00003bc9   Thumb Code    22  dma.o(.text)
    DMA6_IRQHandler                          0x00003bdf   Thumb Code    22  dma.o(.text)
    DMA7_IRQHandler                          0x00003bf5   Thumb Code    22  dma.o(.text)
    DMA8_IRQHandler                          0x00003c0b   Thumb Code    22  dma.o(.text)
    DMA9_IRQHandler                          0x00003c21   Thumb Code    22  dma.o(.text)
    DMA10_IRQHandler                         0x00003c37   Thumb Code    22  dma.o(.text)
    DMA11_IRQHandler                         0x00003c4d   Thumb Code    22  dma.o(.text)
    DMA12_IRQHandler                         0x00003c63   Thumb Code    22  dma.o(.text)
    DMA13_IRQHandler                         0x00003c79   Thumb Code    22  dma.o(.text)
    DMA14_IRQHandler                         0x00003c8f   Thumb Code    22  dma.o(.text)
    DMA15_IRQHandler                         0x00003ca5   Thumb Code    22  dma.o(.text)
    FTM_PWM_InvertPolarity                   0x00003e57   Thumb Code   132  ftm.o(.text)
    FTM_QD_QuickInit                         0x0000434d   Thumb Code   380  ftm.o(.text)
    FTM_QD_GetData                           0x000044c9   Thumb Code    30  ftm.o(.text)
    FTM_QD_ClearCount                        0x000044e7   Thumb Code    12  ftm.o(.text)
    FTM_PWM_ChangeDuty                       0x000044f3   Thumb Code   150  ftm.o(.text)
    FTM_PWM_QuickInit                        0x00004589   Thumb Code   328  ftm.o(.text)
    FTM_IC_QuickInit                         0x000046d1   Thumb Code    82  ftm.o(.text)
    FTM_IC_SetTriggerMode                    0x00004723   Thumb Code   194  ftm.o(.text)
    FTM_GetChlCounter                        0x000047e5   Thumb Code    18  ftm.o(.text)
    FTM_SetMoudleCounter                     0x000047f7   Thumb Code    10  ftm.o(.text)
    FTM_CallbackInstall                      0x00004801   Thumb Code    10  ftm.o(.text)
    FTM_ITDMAConfig                          0x0000480b   Thumb Code   370  ftm.o(.text)
    FTM0_IRQHandler                          0x0000497d   Thumb Code   102  ftm.o(.text)
    FTM1_IRQHandler                          0x000049e3   Thumb Code   102  ftm.o(.text)
    FTM2_IRQHandler                          0x00004a49   Thumb Code   102  ftm.o(.text)
    PORT_PinMuxConfig                        0x00004ac1   Thumb Code    74  gpio.o(.text)
    PORT_PinPullConfig                       0x00004b0b   Thumb Code   162  gpio.o(.text)
    PORT_PinOpenDrainConfig                  0x00004bad   Thumb Code    74  gpio.o(.text)
    PORT_PinPassiveFilterConfig              0x00004bf7   Thumb Code    74  gpio.o(.text)
    GPIO_PinConfig                           0x00004c41   Thumb Code    70  gpio.o(.text)
    GPIO_Init                                0x00004c87   Thumb Code   196  gpio.o(.text)
    GPIO_QuickInit                           0x00004d4b   Thumb Code    30  gpio.o(.text)
    GPIO_WriteBit                            0x00004d69   Thumb Code    68  gpio.o(.text)
    GPIO_SetBit                              0x00004dad   Thumb Code    24  gpio.o(.text)
    GPIO_ResetBit                            0x00004dc5   Thumb Code    24  gpio.o(.text)
    GPIO_ReadBit                             0x00004ddd   Thumb Code    50  gpio.o(.text)
    GPIO_ToggleBit                           0x00004e0f   Thumb Code    24  gpio.o(.text)
    GPIO_ReadPort                            0x00004e27   Thumb Code    12  gpio.o(.text)
    GPIO_WritePort                           0x00004e33   Thumb Code    10  gpio.o(.text)
    GPIO_ITDMAConfig                         0x00004e3d   Thumb Code   402  gpio.o(.text)
    GPIO_CallbackInstall                     0x00004fcf   Thumb Code    26  gpio.o(.text)
    PORTA_IRQHandler                         0x00004fe9   Thumb Code    38  gpio.o(.text)
    PORTB_IRQHandler                         0x0000500f   Thumb Code    38  gpio.o(.text)
    PORTC_IRQHandler                         0x00005035   Thumb Code    38  gpio.o(.text)
    PIT_Init                                 0x00005085   Thumb Code    92  pit.o(.text)
    PIT_QuickInit                            0x000050e1   Thumb Code    20  pit.o(.text)
    PIT_ITDMAConfig                          0x000050f5   Thumb Code   114  pit.o(.text)
    PIT_ResetCounter                         0x00005167   Thumb Code    42  pit.o(.text)
    PIT_GetCounterValue                      0x00005191   Thumb Code    12  pit.o(.text)
    PIT_CallbackInstall                      0x0000519d   Thumb Code    22  pit.o(.text)
    PIT0_IRQHandler                          0x000051dd   Thumb Code    10  pit.o(.text)
    PIT1_IRQHandler                          0x000051e7   Thumb Code    10  pit.o(.text)
    PIT2_IRQHandler                          0x000051f1   Thumb Code    10  pit.o(.text)
    PIT3_IRQHandler                          0x000051fb   Thumb Code    10  pit.o(.text)
    UART_GetTxFIFOSize                       0x00005221   Thumb Code    22  uart.o(.text)
    UART_WriteByte                           0x00005237   Thumb Code   118  uart.o(.text)
    fputc                                    0x000052ad   Thumb Code    20  uart.o(.text)
    UART_ReadByte                            0x000052c1   Thumb Code    56  uart.o(.text)
    fgetc                                    0x000052f9   Thumb Code    28  uart.o(.text)
    UART_Init                                0x00005315   Thumb Code   606  uart.o(.text)
    UART_DeInit                              0x00005573   Thumb Code    66  uart.o(.text)
    UART_SelectDebugInstance                 0x000055b5   Thumb Code    26  uart.o(.text)
    UART_EnableTxFIFO                        0x000055cf   Thumb Code    86  uart.o(.text)
    UART_EnableRxFIFO                        0x00005625   Thumb Code    46  uart.o(.text)
    UART_GetRxFIFOSize                       0x00005653   Thumb Code    22  uart.o(.text)
    UART_SetTxFIFOWatermark                  0x00005669   Thumb Code    50  uart.o(.text)
    UART_SetRxFIFOWatermark                  0x0000569b   Thumb Code    50  uart.o(.text)
    UART_ITDMAConfig                         0x000056cd   Thumb Code   346  uart.o(.text)
    UART_CallbackTxInstall                   0x00005827   Thumb Code    36  uart.o(.text)
    UART_CallbackRxInstall                   0x0000584b   Thumb Code    36  uart.o(.text)
    UART_QuickInit                           0x0000586f   Thumb Code   150  uart.o(.text)
    UART0_RX_TX_IRQHandler                   0x00005905   Thumb Code   100  uart.o(.text)
    UART1_RX_TX_IRQHandler                   0x00005969   Thumb Code   100  uart.o(.text)
    UART2_RX_TX_IRQHandler                   0x000059cd   Thumb Code   126  uart.o(.text)
    UART3_RX_TX_IRQHandler                   0x00005a4b   Thumb Code   100  uart.o(.text)
    UART4_RX_TX_IRQHandler                   0x00005aaf   Thumb Code   100  uart.o(.text)
    UART5_RX_TX_IRQHandler                   0x00005b13   Thumb Code   100  uart.o(.text)
    UART_SetDMATxMode                        0x00005b77   Thumb Code   126  uart.o(.text)
    UART_DMASendByte                         0x00005bf5   Thumb Code    44  uart.o(.text)
    UART_DMAGetRemainByte                    0x00005c21   Thumb Code    16  uart.o(.text)
    WDOG_Init                                0x00005c75   Thumb Code   112  wdog.o(.text)
    WDOG_QuickInit                           0x00005ce5   Thumb Code    24  wdog.o(.text)
    WDOG_ITDMAConfig                         0x00005cfd   Thumb Code    84  wdog.o(.text)
    WDOG_CallbackInstall                     0x00005d51   Thumb Code     8  wdog.o(.text)
    WDOG_GetResetCounter                     0x00005d59   Thumb Code     6  wdog.o(.text)
    WDOG_ClearResetCounter                   0x00005d5f   Thumb Code    10  wdog.o(.text)
    WDOG_GetCurrentCounter                   0x00005d69   Thumb Code    14  wdog.o(.text)
    WDOG_Refresh                             0x00005d77   Thumb Code    32  wdog.o(.text)
    Watchdog_IRQHandler                      0x00005d97   Thumb Code    28  wdog.o(.text)
    SPI_CTARConfig                           0x00005ea3   Thumb Code   464  spi.o(.text)
    SPI_Init                                 0x00006073   Thumb Code   228  spi.o(.text)
    SPI_QuickInit                            0x00006157   Thumb Code   126  spi.o(.text)
    SPI_EnableTxFIFO                         0x000061d5   Thumb Code    66  spi.o(.text)
    SPI_EnableRxFIFO                         0x00006217   Thumb Code    66  spi.o(.text)
    SPI_ITDMAConfig                          0x00006259   Thumb Code   276  spi.o(.text)
    SPI_CallbackInstall                      0x0000636d   Thumb Code    10  spi.o(.text)
    SPI_ReadWriteByte                        0x00006377   Thumb Code   114  spi.o(.text)
    SPI0_IRQHandler                          0x000063e9   Thumb Code    32  spi.o(.text)
    SPI1_IRQHandler                          0x00006409   Thumb Code    32  spi.o(.text)
    SPI2_IRQHandler                          0x00006429   Thumb Code    32  spi.o(.text)
    LCD_Display_BackgroundColor              0x00006455   Thumb Code    98  drv_lcd.o(.text)
    LCD_Init                                 0x000064b7   Thumb Code  1418  drv_lcd.o(.text)
    LCD_Draw_Point                           0x00006a41   Thumb Code   214  drv_lcd.o(.text)
    LCD_Sleep                                0x00006b17   Thumb Code    46  drv_lcd.o(.text)
    LCD_WakeUp                               0x00006b45   Thumb Code    46  drv_lcd.o(.text)
    _LCD_DispChar                            0x00006b73   Thumb Code   286  drv_lcd.o(.text)
    LCD_DispChar                             0x00006c91   Thumb Code    46  drv_lcd.o(.text)
    LCD_printf                               0x00006cbf   Thumb Code    68  drv_lcd.o(.text)
    printf                                   0x00006d09   Thumb Code    20  printf.o(.text)
    vsprintf                                 0x00006d21   Thumb Code    32  vsprintf.o(.text)
    __2printf                                0x00006d45   Thumb Code    20  __2printf.o(.text)
    _printf_int_dec                          0x00006d5d   Thumb Code   104  _printf_dec.o(.text)
    _printf_longlong_hex                     0x00006dd5   Thumb Code    86  _printf_hex_int_ll_ptr.o(.text)
    _printf_int_hex                          0x00006e2b   Thumb Code    28  _printf_hex_int_ll_ptr.o(.text)
    _printf_ll_hex                           0x00006e47   Thumb Code    12  _printf_hex_int_ll_ptr.o(.text)
    _printf_hex_ptr                          0x00006e53   Thumb Code    18  _printf_hex_int_ll_ptr.o(.text)
    __printf                                 0x00006e69   Thumb Code   388  __printf_flags_ss_wp.o(.text)
    __aeabi_memcpy4                          0x00006ff1   Thumb Code     0  rt_memcpy_w.o(.text)
    __aeabi_memcpy8                          0x00006ff1   Thumb Code     0  rt_memcpy_w.o(.text)
    __rt_memcpy_w                            0x00006ff1   Thumb Code   100  rt_memcpy_w.o(.text)
    _memcpy_lastbytes_aligned                0x00007039   Thumb Code     0  rt_memcpy_w.o(.text)
    __use_two_region_memory                  0x00007055   Thumb Code     2  heapauxi.o(.text)
    __rt_heap_escrow$2region                 0x00007057   Thumb Code     2  heapauxi.o(.text)
    __rt_heap_expand$2region                 0x00007059   Thumb Code     2  heapauxi.o(.text)
    _printf_pre_padding                      0x0000705b   Thumb Code    44  _printf_pad.o(.text)
    _printf_post_padding                     0x00007087   Thumb Code    34  _printf_pad.o(.text)
    _printf_truncate_signed                  0x000070a9   Thumb Code    18  _printf_truncate.o(.text)
    _printf_truncate_unsigned                0x000070bb   Thumb Code    18  _printf_truncate.o(.text)
    _printf_str                              0x000070cd   Thumb Code    82  _printf_str.o(.text)
    _printf_int_common                       0x0000711f   Thumb Code   178  _printf_intcommon.o(.text)
    _printf_charcount                        0x000071d1   Thumb Code    40  _printf_charcount.o(.text)
    _printf_char_common                      0x00007203   Thumb Code    32  _printf_char_common.o(.text)
    _sputc                                   0x00007229   Thumb Code    10  _sputc.o(.text)
    _printf_char_file                        0x00007235   Thumb Code    32  _printf_char_file.o(.text)
    _printf_wctomb                           0x00007259   Thumb Code   182  _printf_wctomb.o(.text)
    _printf_longlong_dec                     0x00007315   Thumb Code   108  _printf_longlong_dec.o(.text)
    _printf_longlong_oct                     0x00007391   Thumb Code    68  _printf_oct_int_ll.o(.text)
    _printf_int_oct                          0x000073d5   Thumb Code    24  _printf_oct_int_ll.o(.text)
    _printf_ll_oct                           0x000073ed   Thumb Code    12  _printf_oct_int_ll.o(.text)
    _ll_udiv10                               0x00007401   Thumb Code   138  lludiv10.o(.text)
    __lib_sel_fp_printf                      0x0000748b   Thumb Code     2  _printf_fp_dec.o(.text)
    _printf_fp_dec_real                      0x00007639   Thumb Code   620  _printf_fp_dec.o(.text)
    _printf_fp_hex_real                      0x000078a5   Thumb Code   754  _printf_fp_hex.o(.text)
    _printf_cs_common                        0x00007ba1   Thumb Code    20  _printf_char.o(.text)
    _printf_char                             0x00007bb5   Thumb Code    16  _printf_char.o(.text)
    _printf_string                           0x00007bc5   Thumb Code     8  _printf_char.o(.text)
    _printf_lcs_common                       0x00007bcd   Thumb Code    20  _printf_wchar.o(.text)
    _printf_wchar                            0x00007be1   Thumb Code    16  _printf_wchar.o(.text)
    _printf_wstring                          0x00007bf1   Thumb Code     8  _printf_wchar.o(.text)
    ferror                                   0x00007bf9   Thumb Code     8  ferror.o(.text)
    _wcrtomb                                 0x00007c01   Thumb Code    64  _wcrtomb.o(.text)
    __user_setup_stackheap                   0x00007c41   Thumb Code    74  sys_stackheap_outer.o(.text)
    __rt_ctype_table                         0x00007c8d   Thumb Code    16  rt_ctype_table.o(.text)
    __rt_locale                              0x00007c9d   Thumb Code     8  rt_locale_intlibspace.o(.text)
    _printf_fp_infnan                        0x00007ca5   Thumb Code   112  _printf_fp_infnan.o(.text)
    _btod_etento                             0x00007d25   Thumb Code   216  bigflt0.o(.text)
    exit                                     0x00007e01   Thumb Code    18  exit.o(.text)
    __user_libspace                          0x00007e15   Thumb Code     8  libspace.o(.text)
    __user_perproc_libspace                  0x00007e15   Thumb Code     0  libspace.o(.text)
    __user_perthread_libspace                0x00007e15   Thumb Code     0  libspace.o(.text)
    strcmp                                   0x00007e1d   Thumb Code   128  strcmpv7m.o(.text)
    _sys_exit                                0x00007e9d   Thumb Code     8  sys_exit.o(.text)
    __I$use$semihosting                      0x00007ea9   Thumb Code     0  use_no_semi.o(.text)
    __use_no_semihosting_swi                 0x00007ea9   Thumb Code     2  use_no_semi.o(.text)
    __semihosting_library_function           0x00007eab   Thumb Code     0  indicate_semi.o(.text)
    _btod_d2e                                0x00007eab   Thumb Code    62  btod.o(CL$$btod_d2e)
    _d2e_denorm_low                          0x00007ee9   Thumb Code    70  btod.o(CL$$btod_d2e_denorm_low)
    _d2e_norm_op1                            0x00007f2f   Thumb Code    96  btod.o(CL$$btod_d2e_norm_op1)
    __btod_div_common                        0x00007f8f   Thumb Code   696  btod.o(CL$$btod_div_common)
    _e2e                                     0x000082c7   Thumb Code   198  btod.o(CL$$btod_e2e)
    _btod_ediv                               0x0000838d   Thumb Code    40  btod.o(CL$$btod_ediv)
    _btod_emul                               0x000083b5   Thumb Code    40  btod.o(CL$$btod_emul)
    __btod_mult_common                       0x000083dd   Thumb Code   580  btod.o(CL$$btod_mult_common)
    __ARM_fpclassify                         0x00008621   Thumb Code    40  fpclassify.o(i.__ARM_fpclassify)
    _is_digit                                0x00008649   Thumb Code    14  __printf_wp.o(i._is_digit)
    _get_lc_numeric                          0x00008659   Thumb Code    44  lc_numeric_c.o(locale$$code)
    _get_lc_ctype                            0x00008685   Thumb Code    44  lc_ctype_c.o(locale$$code)
    __aeabi_d2f                              0x000086b1   Thumb Code     0  d2f.o(x$fpl$d2f)
    _d2f                                     0x000086b1   Thumb Code    98  d2f.o(x$fpl$d2f)
    __aeabi_dadd                             0x00008715   Thumb Code     0  daddsub_clz.o(x$fpl$dadd)
    _dadd                                    0x00008715   Thumb Code   332  daddsub_clz.o(x$fpl$dadd)
    __aeabi_d2uiz                            0x00008865   Thumb Code     0  dfixu.o(x$fpl$dfixu)
    _dfixu                                   0x00008865   Thumb Code    90  dfixu.o(x$fpl$dfixu)
    __aeabi_i2d                              0x000088bf   Thumb Code     0  dflt_clz.o(x$fpl$dflt)
    _dflt                                    0x000088bf   Thumb Code    46  dflt_clz.o(x$fpl$dflt)
    __aeabi_ui2d                             0x000088ed   Thumb Code     0  dflt_clz.o(x$fpl$dfltu)
    _dfltu                                   0x000088ed   Thumb Code    38  dflt_clz.o(x$fpl$dfltu)
    __aeabi_dmul                             0x00008915   Thumb Code     0  dmul.o(x$fpl$dmul)
    _dmul                                    0x00008915   Thumb Code   332  dmul.o(x$fpl$dmul)
    __fpl_dnaninf                            0x00008a69   Thumb Code   156  dnaninf.o(x$fpl$dnaninf)
    __fpl_dretinf                            0x00008b05   Thumb Code    12  dretinf.o(x$fpl$dretinf)
    __aeabi_dsub                             0x00008b11   Thumb Code     0  daddsub_clz.o(x$fpl$dsub)
    _dsub                                    0x00008b11   Thumb Code   464  daddsub_clz.o(x$fpl$dsub)
    __aeabi_f2d                              0x00008ce5   Thumb Code     0  f2d.o(x$fpl$f2d)
    _f2d                                     0x00008ce5   Thumb Code    86  f2d.o(x$fpl$f2d)
    __aeabi_fadd                             0x00008d3d   Thumb Code     0  faddsub_clz.o(x$fpl$fadd)
    _fadd                                    0x00008d3d   Thumb Code   196  faddsub_clz.o(x$fpl$fadd)
    __aeabi_f2iz                             0x00008e01   Thumb Code     0  ffix.o(x$fpl$ffix)
    _ffix                                    0x00008e01   Thumb Code    54  ffix.o(x$fpl$ffix)
    __aeabi_i2f                              0x00008e39   Thumb Code     0  fflt_clz.o(x$fpl$fflt)
    _fflt                                    0x00008e39   Thumb Code    48  fflt_clz.o(x$fpl$fflt)
    __aeabi_ui2f                             0x00008e69   Thumb Code     0  fflt_clz.o(x$fpl$ffltu)
    _ffltu                                   0x00008e69   Thumb Code    38  fflt_clz.o(x$fpl$ffltu)
    __aeabi_fmul                             0x00008e91   Thumb Code     0  fmul.o(x$fpl$fmul)
    _fmul                                    0x00008e91   Thumb Code   258  fmul.o(x$fpl$fmul)
    __fpl_fnaninf                            0x00008f93   Thumb Code   140  fnaninf.o(x$fpl$fnaninf)
    __fpl_fretinf                            0x0000901f   Thumb Code    10  fretinf.o(x$fpl$fretinf)
    __aeabi_fsub                             0x00009029   Thumb Code     0  faddsub_clz.o(x$fpl$fsub)
    _fsub                                    0x00009029   Thumb Code   234  faddsub_clz.o(x$fpl$fsub)
    _printf_fp_dec                           0x00009113   Thumb Code     4  printf1.o(x$fpl$printf1)
    _printf_fp_hex                           0x00009117   Thumb Code     4  printf2.o(x$fpl$printf2)
    Row_Select                               0x0000911a   Data         100  ov7620.o(.constdata)
    __I$use$fp                               0x0000911a   Number         0  usenofp.o(x$fpl$usenofp)
    ADC_InstanceTable                        0x00009180   Data           8  adc.o(.constdata)
    SPI_InstanceTable                        0x000092b8   Data          12  spi.o(.constdata)
    FONT_SimSun6x8                           0x00009330   Data        1140  drv_lcd.o(.constdata)
    Region$$Table$$Base                      0x000098ac   Number         0  anon$$obj.o(Region$$Table)
    Region$$Table$$Limit                     0x000098dc   Number         0  anon$$obj.o(Region$$Table)
    __ctype                                  0x00009905   Data           0  lc_ctype_c.o(locale$$data)
    mode_selection                           0x1fff0000   Data           4  main_1.o(.data)
    data_selection                           0x1fff0004   Data           4  main_1.o(.data)
    tt                                       0x1fff0008   Data           2  delay.o(.data)
    delay_flag                               0x1fff000a   Data           2  delay.o(.data)
    PID_test_flag                            0x1fff000e   Data           1  car_test.o(.data)
    qd_left_value                            0x1fff0010   Data           2  motor.o(.data)
    qd_right_value                           0x1fff0012   Data           2  motor.o(.data)
    avespeed                                 0x1fff0014   Data           2  motor.o(.data)
    sum_left_value                           0x1fff0016   Data           2  motor.o(.data)
    sum_right_value                          0x1fff0018   Data           2  motor.o(.data)
    left_speed_desire                        0x1fff001a   Data           2  motor.o(.data)
    right_speed_desire                       0x1fff001c   Data           2  motor.o(.data)
    direction_left                           0x1fff001e   Data           1  motor.o(.data)
    direction_right                          0x1fff001f   Data           1  motor.o(.data)
    Left_QD_value                            0x1fff0020   Data           4  motor.o(.data)
    Right_QD_value                           0x1fff0024   Data           4  motor.o(.data)
    pwm_Kp                                   0x1fff0028   Data           4  motor.o(.data)
    pwm_Ki                                   0x1fff002c   Data           4  motor.o(.data)
    pwm_Kd                                   0x1fff0030   Data           4  motor.o(.data)
    loopcnt                                  0x1fff0044   Data           2  motor.o(.data)
    ov7620_img_flag                          0x1fff0046   Data           1  ov7620.o(.data)
    Image_Change                             0x1fff0047   Data           1  ov7620.o(.data)
    Image_count                              0x1fff0048   Data           2  ov7620.o(.data)
    Error_count                              0x1fff004a   Data           2  ov7620.o(.data)
    Image_Row                                0x1fff004c   Data           2  ov7620.o(.data)
    Curr_Row                                 0x1fff004e   Data           2  ov7620.o(.data)
    mode_switch                              0x1fff0050   Data           8  switch.o(.data)
    data_switch                              0x1fff0058   Data           8  switch.o(.data)
    loop_count                               0x1fff0060   Data           2  variable.o(.data)
    state                                    0x1fff0062   Data           1  variable.o(.data)
    angle_now                                0x1fff0064   Data           2  variable.o(.data)
    angle_fore                               0x1fff0066   Data           2  variable.o(.data)
    angle_target                             0x1fff0068   Data           2  variable.o(.data)
    motor_speed                              0x1fff006a   Data           2  variable.o(.data)
    speed_left                               0x1fff006c   Data           2  variable.o(.data)
    speed_right                              0x1fff006e   Data           2  variable.o(.data)
    target_door                              0x1fff0070   Data           2  variable.o(.data)
    target_H                                 0x1fff0074   Data           4  variable.o(.data)
    target_W                                 0x1fff0078   Data           4  variable.o(.data)
    barrier_H                                0x1fff007c   Data           4  variable.o(.data)
    barrier_W                                0x1fff0080   Data           4  variable.o(.data)
    target_flag                              0x1fff0084   Data           4  variable.o(.data)
    turn_flag                                0x1fff0088   Data           4  variable.o(.data)
    pass_flag                                0x1fff008c   Data           4  variable.o(.data)
    barrier_flag                             0x1fff0090   Data           4  variable.o(.data)
    cnt_lookfor                              0x1fff0094   Data           4  variable.o(.data)
    target_H_pre                             0x1fff0098   Data           4  variable.o(.data)
    target_W_pre                             0x1fff009c   Data           4  variable.o(.data)
    target_flag_pre                          0x1fff00a0   Data           4  variable.o(.data)
    turn_flag_pre                            0x1fff00a4   Data           4  variable.o(.data)
    pass_flag_pre                            0x1fff00a8   Data           4  variable.o(.data)
    barrier_flag_pre                         0x1fff00ac   Data           4  variable.o(.data)
    count_pre                                0x1fff00b0   Data           4  variable.o(.data)
    route_select                             0x1fff00b4   Data          40  variable.o(.data)
    turn_select                              0x1fff00dc   Data          40  variable.o(.data)
    barrier_turn_select                      0x1fff0104   Data           4  variable.o(.data)
    count_record                             0x1fff0108   Data           4  variable.o(.data)
    Img_Mid                                  0x1fff010c   Data          10  variable.o(.data)
    speed_cnt                                0x1fff0116   Data           1  move.o(.data)
    SystemCoreClock                          0x1fff0118   Data           4  system_mk60d10.o(.data)
    __stdout                                 0x1fff013c   Data           4  uart.o(.data)
    __stdin                                  0x1fff0140   Data           4  uart.o(.data)
    display_on_LCD                           0x1fff0164   Data           1  drv_lcd.o(.data)
    __libspace_start                         0x1fff0234   Data          96  libspace.o(.bss)
    __temporary_stack_top$libspace           0x1fff0294   Data           0  libspace.o(.bss)
    CCD_Image1                               0x20000000   Data       32000  ov7620.o(.bss)
    CCD_Image2                               0x20007d00   Data       32000  ov7620.o(.bss)
    DMA_InitStruct1                          0x2000fa00   Data          48  ov7620.o(.bss)



==============================================================================

Memory Map of the image

  Image Entry point : 0x00000411

  Load Region LR_IROM1 (Base: 0x00000000, Size: 0x00009b7c, Max: 0x00080000, ABSOLUTE, COMPRESSED[0x00009a5c])

    Execution Region ER_IROM1 (Base: 0x00000000, Size: 0x00009a08, Max: 0x00080000, ABSOLUTE)

    Base Addr    Size         Type   Attr      Idx    E Section Name        Object

    0x00000000   0x00000400   Data   RO          436    RESET               startup_mk60d10.o
    0x00000400   0x00000010   Code   RO          437    .ARM.__at_0x400     startup_mk60d10.o
    0x00000410   0x00000008   Code   RO          993  * !!!main             c_w.l(__main.o)
    0x00000418   0x00000034   Code   RO         1322    !!!scatter          c_w.l(__scatter.o)
    0x0000044c   0x0000005a   Code   RO         1320    !!dczerorl2         c_w.l(__dczerorl2.o)
    0x000004a6   0x00000002   PAD
    0x000004a8   0x0000001c   Code   RO         1324    !!handler_zi        c_w.l(__scatter_zi.o)
    0x000004c4   0x00000000   Code   RO          988    .ARM.Collect$$_printf_percent$$00000000  c_w.l(_printf_percent.o)
    0x000004c4   0x00000006   Code   RO         1065    .ARM.Collect$$_printf_percent$$00000001  c_w.l(_printf_n.o)
    0x000004ca   0x00000006   Code   RO         1066    .ARM.Collect$$_printf_percent$$00000002  c_w.l(_printf_p.o)
    0x000004d0   0x00000006   Code   RO         1070    .ARM.Collect$$_printf_percent$$00000003  c_w.l(_printf_f.o)
    0x000004d6   0x00000006   Code   RO         1071    .ARM.Collect$$_printf_percent$$00000004  c_w.l(_printf_e.o)
    0x000004dc   0x00000006   Code   RO         1072    .ARM.Collect$$_printf_percent$$00000005  c_w.l(_printf_g.o)
    0x000004e2   0x00000006   Code   RO         1073    .ARM.Collect$$_printf_percent$$00000006  c_w.l(_printf_a.o)
    0x000004e8   0x0000000a   Code   RO         1078    .ARM.Collect$$_printf_percent$$00000007  c_w.l(_printf_ll.o)
    0x000004f2   0x00000006   Code   RO         1068    .ARM.Collect$$_printf_percent$$00000008  c_w.l(_printf_i.o)
    0x000004f8   0x00000006   Code   RO          987    .ARM.Collect$$_printf_percent$$00000009  c_w.l(_printf_d.o)
    0x000004fe   0x00000006   Code   RO         1069    .ARM.Collect$$_printf_percent$$0000000A  c_w.l(_printf_u.o)
    0x00000504   0x00000006   Code   RO         1067    .ARM.Collect$$_printf_percent$$0000000B  c_w.l(_printf_o.o)
    0x0000050a   0x00000006   Code   RO          986    .ARM.Collect$$_printf_percent$$0000000C  c_w.l(_printf_x.o)
    0x00000510   0x00000006   Code   RO         1075    .ARM.Collect$$_printf_percent$$0000000D  c_w.l(_printf_lli.o)
    0x00000516   0x00000006   Code   RO         1076    .ARM.Collect$$_printf_percent$$0000000E  c_w.l(_printf_lld.o)
    0x0000051c   0x00000006   Code   RO         1077    .ARM.Collect$$_printf_percent$$0000000F  c_w.l(_printf_llu.o)
    0x00000522   0x00000006   Code   RO         1082    .ARM.Collect$$_printf_percent$$00000010  c_w.l(_printf_llo.o)
    0x00000528   0x00000006   Code   RO         1083    .ARM.Collect$$_printf_percent$$00000011  c_w.l(_printf_llx.o)
    0x0000052e   0x0000000a   Code   RO         1079    .ARM.Collect$$_printf_percent$$00000012  c_w.l(_printf_l.o)
    0x00000538   0x00000006   Code   RO         1063    .ARM.Collect$$_printf_percent$$00000013  c_w.l(_printf_c.o)
    0x0000053e   0x00000006   Code   RO         1064    .ARM.Collect$$_printf_percent$$00000014  c_w.l(_printf_s.o)
    0x00000544   0x00000006   Code   RO         1080    .ARM.Collect$$_printf_percent$$00000015  c_w.l(_printf_lc.o)
    0x0000054a   0x00000006   Code   RO         1081    .ARM.Collect$$_printf_percent$$00000016  c_w.l(_printf_ls.o)
    0x00000550   0x00000004   Code   RO         1074    .ARM.Collect$$_printf_percent$$00000017  c_w.l(_printf_percent_end.o)
    0x00000554   0x00000002   Code   RO         1181    .ARM.Collect$$libinit$$00000000  c_w.l(libinit.o)
    0x00000556   0x00000000   Code   RO         1197    .ARM.Collect$$libinit$$00000002  c_w.l(libinit2.o)
    0x00000556   0x00000000   Code   RO         1199    .ARM.Collect$$libinit$$00000004  c_w.l(libinit2.o)
    0x00000556   0x00000000   Code   RO         1202    .ARM.Collect$$libinit$$0000000A  c_w.l(libinit2.o)
    0x00000556   0x00000000   Code   RO         1204    .ARM.Collect$$libinit$$0000000C  c_w.l(libinit2.o)
    0x00000556   0x00000000   Code   RO         1206    .ARM.Collect$$libinit$$0000000E  c_w.l(libinit2.o)
    0x00000556   0x00000006   Code   RO         1207    .ARM.Collect$$libinit$$0000000F  c_w.l(libinit2.o)
    0x0000055c   0x00000000   Code   RO         1209    .ARM.Collect$$libinit$$00000011  c_w.l(libinit2.o)
    0x0000055c   0x0000000c   Code   RO         1210    .ARM.Collect$$libinit$$00000012  c_w.l(libinit2.o)
    0x00000568   0x00000000   Code   RO         1211    .ARM.Collect$$libinit$$00000013  c_w.l(libinit2.o)
    0x00000568   0x00000000   Code   RO         1213    .ARM.Collect$$libinit$$00000015  c_w.l(libinit2.o)
    0x00000568   0x0000000a   Code   RO         1214    .ARM.Collect$$libinit$$00000016  c_w.l(libinit2.o)
    0x00000572   0x00000000   Code   RO         1215    .ARM.Collect$$libinit$$00000017  c_w.l(libinit2.o)
    0x00000572   0x00000000   Code   RO         1217    .ARM.Collect$$libinit$$00000019  c_w.l(libinit2.o)
    0x00000572   0x00000000   Code   RO         1219    .ARM.Collect$$libinit$$0000001B  c_w.l(libinit2.o)
    0x00000572   0x00000000   Code   RO         1221    .ARM.Collect$$libinit$$0000001D  c_w.l(libinit2.o)
    0x00000572   0x00000000   Code   RO         1223    .ARM.Collect$$libinit$$0000001F  c_w.l(libinit2.o)
    0x00000572   0x00000000   Code   RO         1225    .ARM.Collect$$libinit$$00000021  c_w.l(libinit2.o)
    0x00000572   0x00000000   Code   RO         1227    .ARM.Collect$$libinit$$00000023  c_w.l(libinit2.o)
    0x00000572   0x00000000   Code   RO         1229    .ARM.Collect$$libinit$$00000025  c_w.l(libinit2.o)
    0x00000572   0x00000000   Code   RO         1233    .ARM.Collect$$libinit$$0000002C  c_w.l(libinit2.o)
    0x00000572   0x00000000   Code   RO         1235    .ARM.Collect$$libinit$$0000002E  c_w.l(libinit2.o)
    0x00000572   0x00000000   Code   RO         1237    .ARM.Collect$$libinit$$00000030  c_w.l(libinit2.o)
    0x00000572   0x00000000   Code   RO         1239    .ARM.Collect$$libinit$$00000032  c_w.l(libinit2.o)
    0x00000572   0x00000002   Code   RO         1240    .ARM.Collect$$libinit$$00000033  c_w.l(libinit2.o)
    0x00000574   0x00000002   Code   RO         1260    .ARM.Collect$$libshutdown$$00000000  c_w.l(libshutdown.o)
    0x00000576   0x00000000   Code   RO         1273    .ARM.Collect$$libshutdown$$00000002  c_w.l(libshutdown2.o)
    0x00000576   0x00000000   Code   RO         1275    .ARM.Collect$$libshutdown$$00000004  c_w.l(libshutdown2.o)
    0x00000576   0x00000000   Code   RO         1278    .ARM.Collect$$libshutdown$$00000007  c_w.l(libshutdown2.o)
    0x00000576   0x00000000   Code   RO         1281    .ARM.Collect$$libshutdown$$0000000A  c_w.l(libshutdown2.o)
    0x00000576   0x00000000   Code   RO         1283    .ARM.Collect$$libshutdown$$0000000C  c_w.l(libshutdown2.o)
    0x00000576   0x00000000   Code   RO         1286    .ARM.Collect$$libshutdown$$0000000F  c_w.l(libshutdown2.o)
    0x00000576   0x00000002   Code   RO         1287    .ARM.Collect$$libshutdown$$00000010  c_w.l(libshutdown2.o)
    0x00000578   0x00000000   Code   RO         1035    .ARM.Collect$$rtentry$$00000000  c_w.l(__rtentry.o)
    0x00000578   0x00000000   Code   RO         1102    .ARM.Collect$$rtentry$$00000002  c_w.l(__rtentry2.o)
    0x00000578   0x00000006   Code   RO         1114    .ARM.Collect$$rtentry$$00000004  c_w.l(__rtentry4.o)
    0x0000057e   0x00000000   Code   RO         1104    .ARM.Collect$$rtentry$$00000009  c_w.l(__rtentry2.o)
    0x0000057e   0x00000004   Code   RO         1105    .ARM.Collect$$rtentry$$0000000A  c_w.l(__rtentry2.o)
    0x00000582   0x00000000   Code   RO         1107    .ARM.Collect$$rtentry$$0000000C  c_w.l(__rtentry2.o)
    0x00000582   0x00000008   Code   RO         1108    .ARM.Collect$$rtentry$$0000000D  c_w.l(__rtentry2.o)
    0x0000058a   0x00000002   Code   RO         1189    .ARM.Collect$$rtexit$$00000000  c_w.l(rtexit.o)
    0x0000058c   0x00000000   Code   RO         1242    .ARM.Collect$$rtexit$$00000002  c_w.l(rtexit2.o)
    0x0000058c   0x00000004   Code   RO         1243    .ARM.Collect$$rtexit$$00000003  c_w.l(rtexit2.o)
    0x00000590   0x00000006   Code   RO         1244    .ARM.Collect$$rtexit$$00000004  c_w.l(rtexit2.o)
    0x00000596   0x00000002   PAD
    0x00000598   0x0000004c   Code   RO            3    .text               main_1.o
    0x000005e4   0x00000150   Code   RO          134    .text               camera.o
    0x00000734   0x000000ec   Code   RO          162    .text               running.o
    0x00000820   0x00000054   Code   RO          182    .text               delay.o
    0x00000874   0x00000838   Code   RO          208    .text               img_processing.o
    0x000010ac   0x0000017c   Code   RO          229    .text               init.o
    0x00001228   0x00000a16   Code   RO          249    .text               car_test.o
    0x00001c3e   0x00000002   PAD
    0x00001c40   0x00000450   Code   RO          276    .text               motor.o
    0x00002090   0x00000228   Code   RO          302    .text               ov7620.o
    0x000022b8   0x00000100   Code   RO          341    .text               switch.o
    0x000023b8   0x000003cc   Code   RO          387    .text               move.o
    0x00002784   0x00000228   Code   RO          410    .text               system_mk60d10.o
    0x000029ac   0x00000040   Code   RO          438    .text               startup_mk60d10.o
    0x000029ec   0x000005d4   Code   RO          446    .text               adc.o
    0x00002fc0   0x000000c4   Code   RO          470    .text               cmt.o
    0x00003084   0x0000012c   Code   RO          492    .text               common.o
    0x000031b0   0x000005e4   Code   RO          512    .text               dac.o
    0x00003794   0x00000530   Code   RO          538    .text               dma.o
    0x00003cc4   0x00000dfc   Code   RO          562    .text               ftm.o
    0x00004ac0   0x000005c4   Code   RO          589    .text               gpio.o
    0x00005084   0x0000019c   Code   RO          632    .text               pit.o
    0x00005220   0x00000a40   Code   RO          706    .text               uart.o
    0x00005c60   0x00000160   Code   RO          738    .text               wdog.o
    0x00005dc0   0x00000694   Code   RO          760    .text               spi.o
    0x00006454   0x000008b4   Code   RO          812    .text               drv_lcd.o
    0x00006d08   0x00000018   Code   RO          933    .text               c_w.l(printf.o)
    0x00006d20   0x00000024   Code   RO          935    .text               c_w.l(vsprintf.o)
    0x00006d44   0x00000018   Code   RO          937    .text               c_w.l(__2printf.o)
    0x00006d5c   0x00000078   Code   RO          943    .text               c_w.l(_printf_dec.o)
    0x00006dd4   0x00000094   Code   RO          963    .text               c_w.l(_printf_hex_int_ll_ptr.o)
    0x00006e68   0x00000188   Code   RO          983    .text               c_w.l(__printf_flags_ss_wp.o)
    0x00006ff0   0x00000064   Code   RO          989    .text               c_w.l(rt_memcpy_w.o)
    0x00007054   0x00000006   Code   RO          991    .text               c_w.l(heapauxi.o)
    0x0000705a   0x0000004e   Code   RO         1036    .text               c_w.l(_printf_pad.o)
    0x000070a8   0x00000024   Code   RO         1038    .text               c_w.l(_printf_truncate.o)
    0x000070cc   0x00000052   Code   RO         1040    .text               c_w.l(_printf_str.o)
    0x0000711e   0x000000b2   Code   RO         1042    .text               c_w.l(_printf_intcommon.o)
    0x000071d0   0x00000028   Code   RO         1044    .text               c_w.l(_printf_charcount.o)
    0x000071f8   0x00000030   Code   RO         1046    .text               c_w.l(_printf_char_common.o)
    0x00007228   0x0000000a   Code   RO         1048    .text               c_w.l(_sputc.o)
    0x00007232   0x00000002   PAD
    0x00007234   0x00000024   Code   RO         1050    .text               c_w.l(_printf_char_file.o)
    0x00007258   0x000000bc   Code   RO         1052    .text               c_w.l(_printf_wctomb.o)
    0x00007314   0x0000007c   Code   RO         1055    .text               c_w.l(_printf_longlong_dec.o)
    0x00007390   0x00000070   Code   RO         1061    .text               c_w.l(_printf_oct_int_ll.o)
    0x00007400   0x0000008a   Code   RO         1116    .text               c_w.l(lludiv10.o)
    0x0000748a   0x0000041a   Code   RO         1118    .text               c_w.l(_printf_fp_dec.o)
    0x000078a4   0x000002fc   Code   RO         1120    .text               c_w.l(_printf_fp_hex.o)
    0x00007ba0   0x0000002c   Code   RO         1125    .text               c_w.l(_printf_char.o)
    0x00007bcc   0x0000002c   Code   RO         1127    .text               c_w.l(_printf_wchar.o)
    0x00007bf8   0x00000008   Code   RO         1129    .text               c_w.l(ferror.o)
    0x00007c00   0x00000040   Code   RO         1133    .text               c_w.l(_wcrtomb.o)
    0x00007c40   0x0000004a   Code   RO         1135    .text               c_w.l(sys_stackheap_outer.o)
    0x00007c8a   0x00000002   PAD
    0x00007c8c   0x00000010   Code   RO         1137    .text               c_w.l(rt_ctype_table.o)
    0x00007c9c   0x00000008   Code   RO         1142    .text               c_w.l(rt_locale_intlibspace.o)
    0x00007ca4   0x00000080   Code   RO         1144    .text               c_w.l(_printf_fp_infnan.o)
    0x00007d24   0x000000dc   Code   RO         1146    .text               c_w.l(bigflt0.o)
    0x00007e00   0x00000012   Code   RO         1174    .text               c_w.l(exit.o)
    0x00007e12   0x00000002   PAD
    0x00007e14   0x00000008   Code   RO         1186    .text               c_w.l(libspace.o)
    0x00007e1c   0x00000080   Code   RO         1194    .text               c_w.l(strcmpv7m.o)
    0x00007e9c   0x0000000c   Code   RO         1252    .text               c_w.l(sys_exit.o)
    0x00007ea8   0x00000002   Code   RO         1263    .text               c_w.l(use_no_semi.o)
    0x00007eaa   0x00000000   Code   RO         1265    .text               c_w.l(indicate_semi.o)
    0x00007eaa   0x0000003e   Code   RO         1149    CL$$btod_d2e        c_w.l(btod.o)
    0x00007ee8   0x00000046   Code   RO         1151    CL$$btod_d2e_denorm_low  c_w.l(btod.o)
    0x00007f2e   0x00000060   Code   RO         1150    CL$$btod_d2e_norm_op1  c_w.l(btod.o)
    0x00007f8e   0x00000338   Code   RO         1159    CL$$btod_div_common  c_w.l(btod.o)
    0x000082c6   0x000000c6   Code   RO         1156    CL$$btod_e2e        c_w.l(btod.o)
    0x0000838c   0x00000028   Code   RO         1153    CL$$btod_ediv       c_w.l(btod.o)
    0x000083b4   0x00000028   Code   RO         1152    CL$$btod_emul       c_w.l(btod.o)
    0x000083dc   0x00000244   Code   RO         1158    CL$$btod_mult_common  c_w.l(btod.o)
    0x00008620   0x00000028   Code   RO         1184    i.__ARM_fpclassify  m_ws.l(fpclassify.o)
    0x00008648   0x0000000e   Code   RO          976    i._is_digit         c_w.l(__printf_wp.o)
    0x00008656   0x00000002   PAD
    0x00008658   0x0000002c   Code   RO         1172    locale$$code        c_w.l(lc_numeric_c.o)
    0x00008684   0x0000002c   Code   RO         1192    locale$$code        c_w.l(lc_ctype_c.o)
    0x000086b0   0x00000062   Code   RO          995    x$fpl$d2f           fz_ws.l(d2f.o)
    0x00008712   0x00000002   PAD
    0x00008714   0x00000150   Code   RO          997    x$fpl$dadd          fz_ws.l(daddsub_clz.o)
    0x00008864   0x0000005a   Code   RO         1003    x$fpl$dfixu         fz_ws.l(dfixu.o)
    0x000088be   0x0000002e   Code   RO         1008    x$fpl$dflt          fz_ws.l(dflt_clz.o)
    0x000088ec   0x00000026   Code   RO         1007    x$fpl$dfltu         fz_ws.l(dflt_clz.o)
    0x00008912   0x00000002   PAD
    0x00008914   0x00000154   Code   RO         1013    x$fpl$dmul          fz_ws.l(dmul.o)
    0x00008a68   0x0000009c   Code   RO         1084    x$fpl$dnaninf       fz_ws.l(dnaninf.o)
    0x00008b04   0x0000000c   Code   RO         1086    x$fpl$dretinf       fz_ws.l(dretinf.o)
    0x00008b10   0x000001d4   Code   RO          999    x$fpl$dsub          fz_ws.l(daddsub_clz.o)
    0x00008ce4   0x00000056   Code   RO         1015    x$fpl$f2d           fz_ws.l(f2d.o)
    0x00008d3a   0x00000002   PAD
    0x00008d3c   0x000000c4   Code   RO         1017    x$fpl$fadd          fz_ws.l(faddsub_clz.o)
    0x00008e00   0x00000036   Code   RO         1023    x$fpl$ffix          fz_ws.l(ffix.o)
    0x00008e36   0x00000002   PAD
    0x00008e38   0x00000030   Code   RO         1028    x$fpl$fflt          fz_ws.l(fflt_clz.o)
    0x00008e68   0x00000026   Code   RO         1027    x$fpl$ffltu         fz_ws.l(fflt_clz.o)
    0x00008e8e   0x00000002   PAD
    0x00008e90   0x00000102   Code   RO         1033    x$fpl$fmul          fz_ws.l(fmul.o)
    0x00008f92   0x0000008c   Code   RO         1088    x$fpl$fnaninf       fz_ws.l(fnaninf.o)
    0x0000901e   0x0000000a   Code   RO         1090    x$fpl$fretinf       fz_ws.l(fretinf.o)
    0x00009028   0x000000ea   Code   RO         1019    x$fpl$fsub          fz_ws.l(faddsub_clz.o)
    0x00009112   0x00000004   Code   RO         1092    x$fpl$printf1       fz_ws.l(printf1.o)
    0x00009116   0x00000004   Code   RO         1094    x$fpl$printf2       fz_ws.l(printf2.o)
    0x0000911a   0x00000000   Code   RO         1100    x$fpl$usenofp       fz_ws.l(usenofp.o)
    0x0000911a   0x00000064   Data   RO          304    .constdata          ov7620.o
    0x0000917e   0x00000002   PAD
    0x00009180   0x0000001a   Data   RO          447    .constdata          adc.o
    0x0000919a   0x00000002   PAD
    0x0000919c   0x0000000a   Data   RO          513    .constdata          dac.o
    0x000091a6   0x00000010   Data   RO          540    .constdata          dma.o
    0x000091b6   0x00000002   PAD
    0x000091b8   0x00000033   Data   RO          564    .constdata          ftm.o
    0x000091eb   0x00000001   PAD
    0x000091ec   0x00000041   Data   RO          591    .constdata          gpio.o
    0x0000922d   0x00000004   Data   RO          634    .constdata          pit.o
    0x00009231   0x00000003   PAD
    0x00009234   0x00000084   Data   RO          708    .constdata          uart.o
    0x000092b8   0x00000078   Data   RO          762    .constdata          spi.o
    0x00009330   0x00000474   Data   RO          813    .constdata          drv_lcd.o
    0x000097a4   0x00000028   Data   RO          964    .constdata          c_w.l(_printf_hex_int_ll_ptr.o)
    0x000097cc   0x00000011   Data   RO          984    .constdata          c_w.l(__printf_flags_ss_wp.o)
    0x000097dd   0x00000003   PAD
    0x000097e0   0x00000008   Data   RO         1053    .constdata          c_w.l(_printf_wctomb.o)
    0x000097e8   0x00000026   Data   RO         1121    .constdata          c_w.l(_printf_fp_hex.o)
    0x0000980e   0x00000002   PAD
    0x00009810   0x00000094   Data   RO         1147    .constdata          c_w.l(bigflt0.o)
    0x000098a4   0x00000007   Data   RO          814    .conststring        drv_lcd.o
    0x000098ab   0x00000001   PAD
    0x000098ac   0x00000030   Data   RO         1318    Region$$Table       anon$$obj.o
    0x000098dc   0x0000001c   Data   RO         1171    locale$$data        c_w.l(lc_numeric_c.o)
    0x000098f8   0x00000110   Data   RO         1191    locale$$data        c_w.l(lc_ctype_c.o)


    Execution Region RW_IRAM2 (Base: 0x1fff0000, Size: 0x00004298, Max: 0x00010000, ABSOLUTE, COMPRESSED[0x00000054])

    Base Addr    Size         Type   Attr      Idx    E Section Name        Object

    0x1fff0000   0x00000008   Data   RW            4    .data               main_1.o
    0x1fff0008   0x00000004   Data   RW          183    .data               delay.o
    0x1fff000c   0x00000002   Data   RW          209    .data               img_processing.o
    0x1fff000e   0x00000001   Data   RW          250    .data               car_test.o
    0x1fff000f   0x00000001   PAD
    0x1fff0010   0x00000036   Data   RW          277    .data               motor.o
    0x1fff0046   0x0000000a   Data   RW          305    .data               ov7620.o
    0x1fff0050   0x00000010   Data   RW          342    .data               switch.o
    0x1fff0060   0x000000b6   Data   RW          367    .data               variable.o
    0x1fff0116   0x00000001   Data   RW          388    .data               move.o
    0x1fff0117   0x00000001   PAD
    0x1fff0118   0x00000004   Data   RW          411    .data               system_mk60d10.o
    0x1fff011c   0x00000008   Data   RW          448    .data               adc.o
    0x1fff0124   0x00000002   Data   RW          471    .data               cmt.o
    0x1fff0126   0x00000002   PAD
    0x1fff0128   0x00000008   Data   RW          514    .data               dac.o
    0x1fff0130   0x00000004   Data   RW          541    .data               dma.o
    0x1fff0134   0x00000004   Data   RW          635    .data               pit.o
    0x1fff0138   0x00000025   Data   RW          709    .data               uart.o
    0x1fff015d   0x00000003   PAD
    0x1fff0160   0x00000004   Data   RW          739    .data               wdog.o
    0x1fff0164   0x00000010   Data   RW          815    .data               drv_lcd.o
    0x1fff0174   0x00000040   Zero   RW          539    .bss                dma.o
    0x1fff01b4   0x0000000c   Zero   RW          563    .bss                ftm.o
    0x1fff01c0   0x00000014   Zero   RW          590    .bss                gpio.o
    0x1fff01d4   0x00000010   Zero   RW          633    .bss                pit.o
    0x1fff01e4   0x00000044   Zero   RW          707    .bss                uart.o
    0x1fff0228   0x0000000c   Zero   RW          761    .bss                spi.o
    0x1fff0234   0x00000060   Zero   RW         1187    .bss                c_w.l(libspace.o)
    0x1fff0294   0x00000004   PAD
    0x1fff0298   0x00002000   Zero   RW          435    HEAP                startup_mk60d10.o
    0x1fff2298   0x00002000   Zero   RW          434    STACK               startup_mk60d10.o


    Execution Region RW_IRAM1 (Base: 0x20000000, Size: 0x0000fa30, Max: 0x00010000, ABSOLUTE)

    Base Addr    Size         Type   Attr      Idx    E Section Name        Object

    0x20000000   0x0000fa30   Zero   RW          303    .bss                ov7620.o


==============================================================================

Image component sizes


      Code (inc. data)   RO Data    RW Data    ZI Data      Debug   Object Name

      1492         36         26          8          0       4515   adc.o
       336         44          0          0          0      23294   camera.o
      2582        226          0          1          0       4407   car_test.o
       196         12          0          2          0       1014   cmt.o
       300         26          0          0          0       3222   common.o
      1508         34         10          8          0       4913   dac.o
        84         10          0          4          0        833   delay.o
      1328         38         16          4         64       6682   dma.o
      2228         12       1147         16          0       7206   drv_lcd.o
      3580         70         51          0         12       7082   ftm.o
      1476         60         65          0         20       5757   gpio.o
      2104        522          0          2          0       2360   img_processing.o
       380         26          0          0          0        535   init.o
        76          8          0          8          0     253787   main_1.o
      1104        148          0         54          0       2538   motor.o
       972         92          0          1          0       1681   move.o
       552         62        100         10      64048      24545   ov7620.o
       412         28          4          4         16       3050   pit.o
       236         38          0          0          0        647   running.o
      1684         40        120          0         12       6556   spi.o
        80         42       1024          0      16384       1064   startup_mk60d10.o
       256          8          0         16          0       1228   switch.o
       552         40          0          4          0       1305   system_mk60d10.o
      2624         72        132         37         68      10659   uart.o
         0          0          0        182          0       1642   variable.o
       352         14          0          4          0       2869   wdog.o

    ----------------------------------------------------------------------
     26496       1708       2754        372      80624     383391   Object Totals
         0          0         48          0          0          0   (incl. Generated)
         2          0         11          7          0          0   (incl. Padding)

    ----------------------------------------------------------------------

      Code (inc. data)   RO Data    RW Data    ZI Data      Debug   Library Member Name

        24          4          0          0          0         84   __2printf.o
        90          0          0          0          0          0   __dczerorl2.o
         8          0          0          0          0         68   __main.o
       392          4         17          0          0         92   __printf_flags_ss_wp.o
        14          0          0          0          0         68   __printf_wp.o
         0          0          0          0          0          0   __rtentry.o
        12          0          0          0          0          0   __rtentry2.o
         6          0          0          0          0          0   __rtentry4.o
        52          8          0          0          0          0   __scatter.o
        28          0          0          0          0          0   __scatter_zi.o
         6          0          0          0          0          0   _printf_a.o
         6          0          0          0          0          0   _printf_c.o
        44          0          0          0          0        108   _printf_char.o
        48          6          0          0          0         96   _printf_char_common.o
        36          4          0          0          0         80   _printf_char_file.o
        40          0          0          0          0         68   _printf_charcount.o
         6          0          0          0          0          0   _printf_d.o
       120         16          0          0          0         92   _printf_dec.o
         6          0          0          0          0          0   _printf_e.o
         6          0          0          0          0          0   _printf_f.o
      1050          0          0          0          0        216   _printf_fp_dec.o
       764         10         38          0          0        100   _printf_fp_hex.o
       128         16          0          0          0         84   _printf_fp_infnan.o
         6          0          0          0          0          0   _printf_g.o
       148          4         40          0          0        160   _printf_hex_int_ll_ptr.o
         6          0          0          0          0          0   _printf_i.o
       178          0          0          0          0         88   _printf_intcommon.o
        10          0          0          0          0          0   _printf_l.o
         6          0          0          0          0          0   _printf_lc.o
        10          0          0          0          0          0   _printf_ll.o
         6          0          0          0          0          0   _printf_lld.o
         6          0          0          0          0          0   _printf_lli.o
         6          0          0          0          0          0   _printf_llo.o
         6          0          0          0          0          0   _printf_llu.o
         6          0          0          0          0          0   _printf_llx.o
       124         16          0          0          0         92   _printf_longlong_dec.o
         6          0          0          0          0          0   _printf_ls.o
         6          0          0          0          0          0   _printf_n.o
         6          0          0          0          0          0   _printf_o.o
       112          8          0          0          0        124   _printf_oct_int_ll.o
         6          0          0          0          0          0   _printf_p.o
        78          0          0          0          0        108   _printf_pad.o
         0          0          0          0          0          0   _printf_percent.o
         4          0          0          0          0          0   _printf_percent_end.o
         6          0          0          0          0          0   _printf_s.o
        82          0          0          0          0         80   _printf_str.o
        36          0          0          0          0         84   _printf_truncate.o
         6          0          0          0          0          0   _printf_u.o
        44          0          0          0          0        108   _printf_wchar.o
       188          6          8          0          0         92   _printf_wctomb.o
         6          0          0          0          0          0   _printf_x.o
        10          0          0          0          0         68   _sputc.o
        64          0          0          0          0         92   _wcrtomb.o
       220          4        148          0          0         96   bigflt0.o
      1910        128          0          0          0        672   btod.o
        18          0          0          0          0         80   exit.o
         8          0          0          0          0         68   ferror.o
         6          0          0          0          0        152   heapauxi.o
         0          0          0          0          0          0   indicate_semi.o
        44         10        272          0          0         76   lc_ctype_c.o
        44         10         28          0          0         76   lc_numeric_c.o
         2          0          0          0          0          0   libinit.o
        30          0          0          0          0          0   libinit2.o
         2          0          0          0          0          0   libshutdown.o
         2          0          0          0          0          0   libshutdown2.o
         8          4          0          0         96         68   libspace.o
       138          0          0          0          0         80   lludiv10.o
        24          4          0          0          0         84   printf.o
        16          4          0          0          0         76   rt_ctype_table.o
         8          4          0          0          0         68   rt_locale_intlibspace.o
       100          0          0          0          0         80   rt_memcpy_w.o
         2          0          0          0          0          0   rtexit.o
        10          0          0          0          0          0   rtexit2.o
       128          0          0          0          0         68   strcmpv7m.o
        12          4          0          0          0         68   sys_exit.o
        74          0          0          0          0         80   sys_stackheap_outer.o
         2          0          0          0          0         68   use_no_semi.o
        36          4          0          0          0         76   vsprintf.o
        98          4          0          0          0         92   d2f.o
       804         16          0          0          0        272   daddsub_clz.o
        90          4          0          0          0         92   dfixu.o
        84          0          0          0          0        136   dflt_clz.o
       340         12          0          0          0        104   dmul.o
       156          4          0          0          0         92   dnaninf.o
        12          0          0          0          0         68   dretinf.o
        86          4          0          0          0         84   f2d.o
       430          8          0          0          0        168   faddsub_clz.o
        54          4          0          0          0         84   ffix.o
        86          0          0          0          0        136   fflt_clz.o
       258          4          0          0          0         84   fmul.o
       140          4          0          0          0         84   fnaninf.o
        10          0          0          0          0         68   fretinf.o
         4          0          0          0          0         68   printf1.o
         4          0          0          0          0         68   printf2.o
         0          0          0          0          0          0   usenofp.o
        40          0          0          0          0         68   fpclassify.o

    ----------------------------------------------------------------------
      9626        342        556          0        100       6056   Library Totals
        22          0          5          0          4          0   (incl. Padding)

    ----------------------------------------------------------------------

      Code (inc. data)   RO Data    RW Data    ZI Data      Debug   Library Name

      6908        278        551          0         96       4288   c_w.l
      2656         64          0          0          0       1700   fz_ws.l
        40          0          0          0          0         68   m_ws.l

    ----------------------------------------------------------------------
      9626        342        556          0        100       6056   Library Totals

    ----------------------------------------------------------------------

==============================================================================


      Code (inc. data)   RO Data    RW Data    ZI Data      Debug   

     36122       2050       3310        372      80724     383827   Grand Totals
     36122       2050       3310         84      80724     383827   ELF Image Totals (compressed)
     36122       2050       3310         84          0          0   ROM Totals

==============================================================================

    Total RO  Size (Code + RO Data)                39432 (  38.51kB)
    Total RW  Size (RW Data + ZI Data)             81096 (  79.20kB)
    Total ROM Size (Code + RO Data + RW Data)      39516 (  38.59kB)

==============================================================================

