<!doctype html public "-//w3c//dtd html 4.0 transitional//en">
<html><head>
<title>Static Call Graph - [.\Objects\NXP_Car.axf]</title></head>
<body><HR>
<H1>Static Call Graph for image .\Objects\NXP_Car.axf</H1><HR>
<BR><P>#&#060CALLGRAPH&#062# ARM Linker, 5060020: Last Updated: Fri May 25 00:24:00 2018
<BR><P>
<H3>Maximum Stack Usage =        320 bytes + Unknown(Functions without stacksize, Cycles, Untraceable Function Pointers)</H3><H3>
Call chain for Maximum Stack Depth:</H3>
_printf_f &rArr; _printf_fp_dec &rArr; _printf_fp_dec_real &rArr; _fp_digits &rArr; _btod_etento &rArr; _btod_emul &rArr; _e2e
<P>
<H3>
Functions with no stack information
</H3><UL>
 <LI><a href="#[15e]">__user_initial_stackheap</a>
</UL>
</UL>
<P>
<H3>
Mutually Recursive functions
</H3> <LI><a href="#[6]">HardFault_Handler</a>&nbsp;&nbsp;&nbsp;&rArr;&nbsp;&nbsp;&nbsp;<a href="#[6]">HardFault_Handler</a><BR>
 <LI><a href="#[7]">MemManage_Handler</a>&nbsp;&nbsp;&nbsp;&rArr;&nbsp;&nbsp;&nbsp;<a href="#[7]">MemManage_Handler</a><BR>
 <LI><a href="#[8]">BusFault_Handler</a>&nbsp;&nbsp;&nbsp;&rArr;&nbsp;&nbsp;&nbsp;<a href="#[8]">BusFault_Handler</a><BR>
 <LI><a href="#[9]">UsageFault_Handler</a>&nbsp;&nbsp;&nbsp;&rArr;&nbsp;&nbsp;&nbsp;<a href="#[9]">UsageFault_Handler</a><BR>
 <LI><a href="#[a]">SVC_Handler</a>&nbsp;&nbsp;&nbsp;&rArr;&nbsp;&nbsp;&nbsp;<a href="#[a]">SVC_Handler</a><BR>
 <LI><a href="#[b]">DebugMon_Handler</a>&nbsp;&nbsp;&nbsp;&rArr;&nbsp;&nbsp;&nbsp;<a href="#[b]">DebugMon_Handler</a><BR>
 <LI><a href="#[c]">PendSV_Handler</a>&nbsp;&nbsp;&nbsp;&rArr;&nbsp;&nbsp;&nbsp;<a href="#[c]">PendSV_Handler</a><BR>
 <LI><a href="#[d]">SysTick_Handler</a>&nbsp;&nbsp;&nbsp;&rArr;&nbsp;&nbsp;&nbsp;<a href="#[d]">SysTick_Handler</a><BR>
 <LI><a href="#[2c]">CAN0_Bus_Off_IRQHandler</a>&nbsp;&nbsp;&nbsp;&rArr;&nbsp;&nbsp;&nbsp;<a href="#[2c]">CAN0_Bus_Off_IRQHandler</a><BR>
</UL>
<P>
<H3>
Function Pointers
</H3><UL>
 <LI><a href="#[47]">ADC0_IRQHandler</a> from adc.o(.text) referenced from startup_mk60d10.o(RESET)
 <LI><a href="#[48]">ADC1_IRQHandler</a> from adc.o(.text) referenced from startup_mk60d10.o(RESET)
 <LI><a href="#[8]">BusFault_Handler</a> from startup_mk60d10.o(.text) referenced from startup_mk60d10.o(RESET)
 <LI><a href="#[2c]">CAN0_Bus_Off_IRQHandler</a> from startup_mk60d10.o(.text) referenced from startup_mk60d10.o(RESET)
 <LI><a href="#[2d]">CAN0_Error_IRQHandler</a> from startup_mk60d10.o(.text) referenced from startup_mk60d10.o(RESET)
 <LI><a href="#[2b]">CAN0_ORed_Message_buffer_IRQHandler</a> from startup_mk60d10.o(.text) referenced from startup_mk60d10.o(RESET)
 <LI><a href="#[2f]">CAN0_Rx_Warning_IRQHandler</a> from startup_mk60d10.o(.text) referenced from startup_mk60d10.o(RESET)
 <LI><a href="#[2e]">CAN0_Tx_Warning_IRQHandler</a> from startup_mk60d10.o(.text) referenced from startup_mk60d10.o(RESET)
 <LI><a href="#[30]">CAN0_Wake_Up_IRQHandler</a> from startup_mk60d10.o(.text) referenced from startup_mk60d10.o(RESET)
 <LI><a href="#[34]">CAN1_Bus_Off_IRQHandler</a> from startup_mk60d10.o(.text) referenced from startup_mk60d10.o(RESET)
 <LI><a href="#[35]">CAN1_Error_IRQHandler</a> from startup_mk60d10.o(.text) referenced from startup_mk60d10.o(RESET)
 <LI><a href="#[33]">CAN1_ORed_Message_buffer_IRQHandler</a> from startup_mk60d10.o(.text) referenced from startup_mk60d10.o(RESET)
 <LI><a href="#[37]">CAN1_Rx_Warning_IRQHandler</a> from startup_mk60d10.o(.text) referenced from startup_mk60d10.o(RESET)
 <LI><a href="#[36]">CAN1_Tx_Warning_IRQHandler</a> from startup_mk60d10.o(.text) referenced from startup_mk60d10.o(RESET)
 <LI><a href="#[38]">CAN1_Wake_Up_IRQHandler</a> from startup_mk60d10.o(.text) referenced from startup_mk60d10.o(RESET)
 <LI><a href="#[49]">CMP0_IRQHandler</a> from startup_mk60d10.o(.text) referenced from startup_mk60d10.o(RESET)
 <LI><a href="#[4a]">CMP1_IRQHandler</a> from startup_mk60d10.o(.text) referenced from startup_mk60d10.o(RESET)
 <LI><a href="#[4b]">CMP2_IRQHandler</a> from startup_mk60d10.o(.text) referenced from startup_mk60d10.o(RESET)
 <LI><a href="#[4f]">CMT_IRQHandler</a> from startup_mk60d10.o(.text) referenced from startup_mk60d10.o(RESET)
 <LI><a href="#[5f]">DAC0_IRQHandler</a> from dac.o(.text) referenced from startup_mk60d10.o(RESET)
 <LI><a href="#[60]">DAC1_IRQHandler</a> from dac.o(.text) referenced from startup_mk60d10.o(RESET)
 <LI><a href="#[e]">DMA0_IRQHandler</a> from dma.o(.text) referenced from startup_mk60d10.o(RESET)
 <LI><a href="#[18]">DMA10_IRQHandler</a> from dma.o(.text) referenced from startup_mk60d10.o(RESET)
 <LI><a href="#[19]">DMA11_IRQHandler</a> from dma.o(.text) referenced from startup_mk60d10.o(RESET)
 <LI><a href="#[1a]">DMA12_IRQHandler</a> from dma.o(.text) referenced from startup_mk60d10.o(RESET)
 <LI><a href="#[1b]">DMA13_IRQHandler</a> from dma.o(.text) referenced from startup_mk60d10.o(RESET)
 <LI><a href="#[1c]">DMA14_IRQHandler</a> from dma.o(.text) referenced from startup_mk60d10.o(RESET)
 <LI><a href="#[1d]">DMA15_IRQHandler</a> from dma.o(.text) referenced from startup_mk60d10.o(RESET)
 <LI><a href="#[f]">DMA1_IRQHandler</a> from dma.o(.text) referenced from startup_mk60d10.o(RESET)
 <LI><a href="#[10]">DMA2_IRQHandler</a> from dma.o(.text) referenced from startup_mk60d10.o(RESET)
 <LI><a href="#[11]">DMA3_IRQHandler</a> from dma.o(.text) referenced from startup_mk60d10.o(RESET)
 <LI><a href="#[12]">DMA4_IRQHandler</a> from dma.o(.text) referenced from startup_mk60d10.o(RESET)
 <LI><a href="#[13]">DMA5_IRQHandler</a> from dma.o(.text) referenced from startup_mk60d10.o(RESET)
 <LI><a href="#[14]">DMA6_IRQHandler</a> from dma.o(.text) referenced from startup_mk60d10.o(RESET)
 <LI><a href="#[15]">DMA7_IRQHandler</a> from dma.o(.text) referenced from startup_mk60d10.o(RESET)
 <LI><a href="#[16]">DMA8_IRQHandler</a> from dma.o(.text) referenced from startup_mk60d10.o(RESET)
 <LI><a href="#[17]">DMA9_IRQHandler</a> from dma.o(.text) referenced from startup_mk60d10.o(RESET)
 <LI><a href="#[1e]">DMA_Error_IRQHandler</a> from startup_mk60d10.o(.text) referenced from startup_mk60d10.o(RESET)
 <LI><a href="#[b]">DebugMon_Handler</a> from startup_mk60d10.o(.text) referenced from startup_mk60d10.o(RESET)
 <LI><a href="#[76]">DefaultISR</a> from startup_mk60d10.o(.text) referenced 136 times from startup_mk60d10.o(RESET)
 <LI><a href="#[59]">ENET_1588_Timer_IRQHandler</a> from startup_mk60d10.o(.text) referenced from startup_mk60d10.o(RESET)
 <LI><a href="#[5c]">ENET_Error_IRQHandler</a> from startup_mk60d10.o(.text) referenced from startup_mk60d10.o(RESET)
 <LI><a href="#[5b]">ENET_Receive_IRQHandler</a> from startup_mk60d10.o(.text) referenced from startup_mk60d10.o(RESET)
 <LI><a href="#[5a]">ENET_Transmit_IRQHandler</a> from startup_mk60d10.o(.text) referenced from startup_mk60d10.o(RESET)
 <LI><a href="#[20]">FTFL_IRQHandler</a> from startup_mk60d10.o(.text) referenced from startup_mk60d10.o(RESET)
 <LI><a href="#[4c]">FTM0_IRQHandler</a> from ftm.o(.text) referenced from startup_mk60d10.o(RESET)
 <LI><a href="#[4d]">FTM1_IRQHandler</a> from ftm.o(.text) referenced from startup_mk60d10.o(RESET)
 <LI><a href="#[4e]">FTM2_IRQHandler</a> from ftm.o(.text) referenced from startup_mk60d10.o(RESET)
 <LI><a href="#[6]">HardFault_Handler</a> from startup_mk60d10.o(.text) referenced from startup_mk60d10.o(RESET)
 <LI><a href="#[26]">I2C0_IRQHandler</a> from startup_mk60d10.o(.text) referenced from startup_mk60d10.o(RESET)
 <LI><a href="#[27]">I2C1_IRQHandler</a> from startup_mk60d10.o(.text) referenced from startup_mk60d10.o(RESET)
 <LI><a href="#[32]">I2S0_Rx_IRQHandler</a> from startup_mk60d10.o(.text) referenced from startup_mk60d10.o(RESET)
 <LI><a href="#[31]">I2S0_Tx_IRQHandler</a> from startup_mk60d10.o(.text) referenced from startup_mk60d10.o(RESET)
 <LI><a href="#[23]">LLW_IRQHandler</a> from startup_mk60d10.o(.text) referenced from startup_mk60d10.o(RESET)
 <LI><a href="#[63]">LPTimer_IRQHandler</a> from startup_mk60d10.o(.text) referenced from startup_mk60d10.o(RESET)
 <LI><a href="#[22]">LVD_LVW_IRQHandler</a> from startup_mk60d10.o(.text) referenced from startup_mk60d10.o(RESET)
 <LI><a href="#[62]">MCG_IRQHandler</a> from startup_mk60d10.o(.text) referenced from startup_mk60d10.o(RESET)
 <LI><a href="#[1f]">MCM_IRQHandler</a> from startup_mk60d10.o(.text) referenced from startup_mk60d10.o(RESET)
 <LI><a href="#[7]">MemManage_Handler</a> from startup_mk60d10.o(.text) referenced from startup_mk60d10.o(RESET)
 <LI><a href="#[79]">Motor_PID_Output</a> from motor.o(.text) referenced from init.o(.text)
 <LI><a href="#[5]">NMI_Handler</a> from common.o(.text) referenced from startup_mk60d10.o(RESET)
 <LI><a href="#[56]">PDB0_IRQHandler</a> from startup_mk60d10.o(.text) referenced from startup_mk60d10.o(RESET)
 <LI><a href="#[52]">PIT0_IRQHandler</a> from pit.o(.text) referenced from startup_mk60d10.o(RESET)
 <LI><a href="#[78]">PIT1_HandlerU</a> from delay.o(.text) referenced from init.o(.text)
 <LI><a href="#[53]">PIT1_IRQHandler</a> from pit.o(.text) referenced from startup_mk60d10.o(RESET)
 <LI><a href="#[54]">PIT2_IRQHandler</a> from pit.o(.text) referenced from startup_mk60d10.o(RESET)
 <LI><a href="#[55]">PIT3_IRQHandler</a> from pit.o(.text) referenced from startup_mk60d10.o(RESET)
 <LI><a href="#[65]">PORTA_IRQHandler</a> from gpio.o(.text) referenced from startup_mk60d10.o(RESET)
 <LI><a href="#[66]">PORTB_IRQHandler</a> from gpio.o(.text) referenced from startup_mk60d10.o(RESET)
 <LI><a href="#[67]">PORTC_IRQHandler</a> from gpio.o(.text) referenced from startup_mk60d10.o(RESET)
 <LI><a href="#[68]">PORTD_IRQHandler</a> from ov7620.o(.text) referenced from startup_mk60d10.o(RESET)
 <LI><a href="#[69]">PORTE_IRQHandler</a> from ov7620.o(.text) referenced from startup_mk60d10.o(RESET)
 <LI><a href="#[c]">PendSV_Handler</a> from startup_mk60d10.o(.text) referenced from startup_mk60d10.o(RESET)
 <LI><a href="#[77]">QD_value</a> from motor.o(.text) referenced from init.o(.text)
 <LI><a href="#[25]">RNG_IRQHandler</a> from startup_mk60d10.o(.text) referenced from startup_mk60d10.o(RESET)
 <LI><a href="#[50]">RTC_IRQHandler</a> from startup_mk60d10.o(.text) referenced from startup_mk60d10.o(RESET)
 <LI><a href="#[51]">RTC_Seconds_IRQHandler</a> from startup_mk60d10.o(.text) referenced from startup_mk60d10.o(RESET)
 <LI><a href="#[21]">Read_Collision_IRQHandler</a> from startup_mk60d10.o(.text) referenced from startup_mk60d10.o(RESET)
 <LI><a href="#[64]">Reserved102_IRQHandler</a> from startup_mk60d10.o(.text) referenced from startup_mk60d10.o(RESET)
 <LI><a href="#[6a]">Reserved108_IRQHandler</a> from startup_mk60d10.o(.text) referenced from startup_mk60d10.o(RESET)
 <LI><a href="#[6b]">Reserved109_IRQHandler</a> from startup_mk60d10.o(.text) referenced from startup_mk60d10.o(RESET)
 <LI><a href="#[6d]">Reserved111_IRQHandler</a> from startup_mk60d10.o(.text) referenced from startup_mk60d10.o(RESET)
 <LI><a href="#[6e]">Reserved112_IRQHandler</a> from startup_mk60d10.o(.text) referenced from startup_mk60d10.o(RESET)
 <LI><a href="#[6f]">Reserved113_IRQHandler</a> from startup_mk60d10.o(.text) referenced from startup_mk60d10.o(RESET)
 <LI><a href="#[70]">Reserved114_IRQHandler</a> from startup_mk60d10.o(.text) referenced from startup_mk60d10.o(RESET)
 <LI><a href="#[71]">Reserved115_IRQHandler</a> from startup_mk60d10.o(.text) referenced from startup_mk60d10.o(RESET)
 <LI><a href="#[72]">Reserved116_IRQHandler</a> from startup_mk60d10.o(.text) referenced from startup_mk60d10.o(RESET)
 <LI><a href="#[73]">Reserved117_IRQHandler</a> from startup_mk60d10.o(.text) referenced from startup_mk60d10.o(RESET)
 <LI><a href="#[74]">Reserved118_IRQHandler</a> from startup_mk60d10.o(.text) referenced from startup_mk60d10.o(RESET)
 <LI><a href="#[75]">Reserved119_IRQHandler</a> from startup_mk60d10.o(.text) referenced from startup_mk60d10.o(RESET)
 <LI><a href="#[39]">Reserved59_IRQHandler</a> from startup_mk60d10.o(.text) referenced from startup_mk60d10.o(RESET)
 <LI><a href="#[5d]">Reserved95_IRQHandler</a> from startup_mk60d10.o(.text) referenced from startup_mk60d10.o(RESET)
 <LI><a href="#[4]">Reset_Handler</a> from startup_mk60d10.o(.text) referenced from startup_mk60d10.o(RESET)
 <LI><a href="#[5e]">SDHC_IRQHandler</a> from startup_mk60d10.o(.text) referenced from startup_mk60d10.o(RESET)
 <LI><a href="#[28]">SPI0_IRQHandler</a> from spi.o(.text) referenced from startup_mk60d10.o(RESET)
 <LI><a href="#[29]">SPI1_IRQHandler</a> from spi.o(.text) referenced from startup_mk60d10.o(RESET)
 <LI><a href="#[2a]">SPI2_IRQHandler</a> from spi.o(.text) referenced from startup_mk60d10.o(RESET)
 <LI><a href="#[a]">SVC_Handler</a> from startup_mk60d10.o(.text) referenced from startup_mk60d10.o(RESET)
 <LI><a href="#[6c]">SWI_IRQHandler</a> from startup_mk60d10.o(.text) referenced from startup_mk60d10.o(RESET)
 <LI><a href="#[d]">SysTick_Handler</a> from startup_mk60d10.o(.text) referenced from startup_mk60d10.o(RESET)
 <LI><a href="#[7a]">SystemInit</a> from system_mk60d10.o(.text) referenced from startup_mk60d10.o(.text)
 <LI><a href="#[61]">TSI0_IRQHandler</a> from startup_mk60d10.o(.text) referenced from startup_mk60d10.o(RESET)
 <LI><a href="#[3c]">UART0_ERR_IRQHandler</a> from startup_mk60d10.o(.text) referenced from startup_mk60d10.o(RESET)
 <LI><a href="#[3a]">UART0_LON_IRQHandler</a> from startup_mk60d10.o(.text) referenced from startup_mk60d10.o(RESET)
 <LI><a href="#[3b]">UART0_RX_TX_IRQHandler</a> from uart.o(.text) referenced from startup_mk60d10.o(RESET)
 <LI><a href="#[3e]">UART1_ERR_IRQHandler</a> from startup_mk60d10.o(.text) referenced from startup_mk60d10.o(RESET)
 <LI><a href="#[3d]">UART1_RX_TX_IRQHandler</a> from uart.o(.text) referenced from startup_mk60d10.o(RESET)
 <LI><a href="#[40]">UART2_ERR_IRQHandler</a> from startup_mk60d10.o(.text) referenced from startup_mk60d10.o(RESET)
 <LI><a href="#[3f]">UART2_RX_TX_IRQHandler</a> from uart.o(.text) referenced from startup_mk60d10.o(RESET)
 <LI><a href="#[42]">UART3_ERR_IRQHandler</a> from startup_mk60d10.o(.text) referenced from startup_mk60d10.o(RESET)
 <LI><a href="#[41]">UART3_RX_TX_IRQHandler</a> from uart.o(.text) referenced from startup_mk60d10.o(RESET)
 <LI><a href="#[44]">UART4_ERR_IRQHandler</a> from startup_mk60d10.o(.text) referenced from startup_mk60d10.o(RESET)
 <LI><a href="#[43]">UART4_RX_TX_IRQHandler</a> from uart.o(.text) referenced from startup_mk60d10.o(RESET)
 <LI><a href="#[46]">UART5_ERR_IRQHandler</a> from startup_mk60d10.o(.text) referenced from startup_mk60d10.o(RESET)
 <LI><a href="#[45]">UART5_RX_TX_IRQHandler</a> from uart.o(.text) referenced from startup_mk60d10.o(RESET)
 <LI><a href="#[57]">USB0_IRQHandler</a> from startup_mk60d10.o(.text) referenced from startup_mk60d10.o(RESET)
 <LI><a href="#[58]">USBDCD_IRQHandler</a> from startup_mk60d10.o(.text) referenced from startup_mk60d10.o(RESET)
 <LI><a href="#[9]">UsageFault_Handler</a> from startup_mk60d10.o(.text) referenced from startup_mk60d10.o(RESET)
 <LI><a href="#[24]">Watchdog_IRQHandler</a> from wdog.o(.text) referenced from startup_mk60d10.o(RESET)
 <LI><a href="#[80]">__main</a> from __main.o(!!!main) referenced from startup_mk60d10.o(.text)
 <LI><a href="#[7f]">_get_lc_ctype</a> from lc_ctype_c.o(locale$$code) referenced from rt_ctype_table.o(.text)
 <LI><a href="#[7d]">_printf_input_char</a> from _printf_char_common.o(.text) referenced from _printf_char_common.o(.text)
 <LI><a href="#[7c]">_sputc</a> from _sputc.o(.text) referenced from vsprintf.o(.text)
 <LI><a href="#[7e]">fputc</a> from uart.o(.text) referenced from _printf_char_file.o(.text)
 <LI><a href="#[f5]">ov7620_DMA</a> from ov7620.o(.text) referenced from ov7620.o(.text)
</UL>
<P>
<H3>
Global Symbols
</H3>
<P><STRONG><a name="[80]"></a>__main</STRONG> (Thumb, 8 bytes, Stack size 0 bytes, __main.o(!!!main))
<BR><BR>[Calls]<UL><LI><a href="#[81]">&gt;&gt;</a>&nbsp;&nbsp;&nbsp;__scatterload
<LI><a href="#[82]">&gt;&gt;</a>&nbsp;&nbsp;&nbsp;__rt_entry
</UL>

<P><STRONG><a name="[81]"></a>__scatterload</STRONG> (Thumb, 0 bytes, Stack size unknown bytes, __scatter.o(!!!scatter))
<BR><BR>[Called By]<UL><LI><a href="#[80]">&gt;&gt;</a>&nbsp;&nbsp;&nbsp;__main
</UL>

<P><STRONG><a name="[83]"></a>__scatterload_rt2</STRONG> (Thumb, 44 bytes, Stack size unknown bytes, __scatter.o(!!!scatter), UNUSED)
<BR><BR>[Calls]<UL><LI><a href="#[82]">&gt;&gt;</a>&nbsp;&nbsp;&nbsp;__rt_entry
</UL>

<P><STRONG><a name="[178]"></a>__scatterload_rt2_thumb_only</STRONG> (Thumb, 0 bytes, Stack size unknown bytes, __scatter.o(!!!scatter), UNUSED)

<P><STRONG><a name="[179]"></a>__scatterload_null</STRONG> (Thumb, 0 bytes, Stack size unknown bytes, __scatter.o(!!!scatter), UNUSED)

<P><STRONG><a name="[17a]"></a>__decompress</STRONG> (Thumb, 90 bytes, Stack size unknown bytes, __dczerorl2.o(!!dczerorl2), UNUSED)

<P><STRONG><a name="[17b]"></a>__decompress1</STRONG> (Thumb, 0 bytes, Stack size unknown bytes, __dczerorl2.o(!!dczerorl2), UNUSED)

<P><STRONG><a name="[17c]"></a>__scatterload_zeroinit</STRONG> (Thumb, 28 bytes, Stack size unknown bytes, __scatter_zi.o(!!handler_zi), UNUSED)

<P><STRONG><a name="[84]"></a>_printf_n</STRONG> (Thumb, 0 bytes, Stack size unknown bytes, _printf_n.o(.ARM.Collect$$_printf_percent$$00000001))
<BR><BR>[Calls]<UL><LI><a href="#[85]">&gt;&gt;</a>&nbsp;&nbsp;&nbsp;_printf_charcount
</UL>

<P><STRONG><a name="[148]"></a>_printf_percent</STRONG> (Thumb, 0 bytes, Stack size unknown bytes, _printf_percent.o(.ARM.Collect$$_printf_percent$$00000000))
<BR><BR>[Called By]<UL><LI><a href="#[146]">&gt;&gt;</a>&nbsp;&nbsp;&nbsp;__printf
</UL>

<P><STRONG><a name="[86]"></a>_printf_p</STRONG> (Thumb, 0 bytes, Stack size unknown bytes, _printf_p.o(.ARM.Collect$$_printf_percent$$00000002))
<BR><BR>[Stack]<UL><LI>Max Depth = 64 + Unknown Stack Size
<LI>Call Chain = _printf_p &rArr; _printf_hex_ptr &rArr; _printf_longlong_hex &rArr; _printf_int_common &rArr; _printf_post_padding
</UL>
<BR>[Calls]<UL><LI><a href="#[87]">&gt;&gt;</a>&nbsp;&nbsp;&nbsp;_printf_hex_ptr
</UL>

<P><STRONG><a name="[88]"></a>_printf_f</STRONG> (Thumb, 0 bytes, Stack size unknown bytes, _printf_f.o(.ARM.Collect$$_printf_percent$$00000003))
<BR><BR>[Stack]<UL><LI>Max Depth = 320 + Unknown Stack Size
<LI>Call Chain = _printf_f &rArr; _printf_fp_dec &rArr; _printf_fp_dec_real &rArr; _fp_digits &rArr; _btod_etento &rArr; _btod_emul &rArr; _e2e
</UL>
<BR>[Calls]<UL><LI><a href="#[89]">&gt;&gt;</a>&nbsp;&nbsp;&nbsp;_printf_fp_dec
</UL>

<P><STRONG><a name="[8a]"></a>_printf_e</STRONG> (Thumb, 0 bytes, Stack size unknown bytes, _printf_e.o(.ARM.Collect$$_printf_percent$$00000004))
<BR><BR>[Stack]<UL><LI>Max Depth = 320 + Unknown Stack Size
<LI>Call Chain = _printf_e &rArr; _printf_fp_dec &rArr; _printf_fp_dec_real &rArr; _fp_digits &rArr; _btod_etento &rArr; _btod_emul &rArr; _e2e
</UL>
<BR>[Calls]<UL><LI><a href="#[89]">&gt;&gt;</a>&nbsp;&nbsp;&nbsp;_printf_fp_dec
</UL>

<P><STRONG><a name="[8b]"></a>_printf_g</STRONG> (Thumb, 0 bytes, Stack size unknown bytes, _printf_g.o(.ARM.Collect$$_printf_percent$$00000005))
<BR><BR>[Stack]<UL><LI>Max Depth = 320 + Unknown Stack Size
<LI>Call Chain = _printf_g &rArr; _printf_fp_dec &rArr; _printf_fp_dec_real &rArr; _fp_digits &rArr; _btod_etento &rArr; _btod_emul &rArr; _e2e
</UL>
<BR>[Calls]<UL><LI><a href="#[89]">&gt;&gt;</a>&nbsp;&nbsp;&nbsp;_printf_fp_dec
</UL>

<P><STRONG><a name="[8c]"></a>_printf_a</STRONG> (Thumb, 0 bytes, Stack size unknown bytes, _printf_a.o(.ARM.Collect$$_printf_percent$$00000006))
<BR><BR>[Stack]<UL><LI>Max Depth = 112 + Unknown Stack Size
<LI>Call Chain = _printf_a &rArr; _printf_fp_hex &rArr; _printf_fp_hex_real &rArr; _printf_fp_infnan &rArr; _printf_post_padding
</UL>
<BR>[Calls]<UL><LI><a href="#[8d]">&gt;&gt;</a>&nbsp;&nbsp;&nbsp;_printf_fp_hex
</UL>

<P><STRONG><a name="[17d]"></a>_printf_ll</STRONG> (Thumb, 0 bytes, Stack size unknown bytes, _printf_ll.o(.ARM.Collect$$_printf_percent$$00000007))

<P><STRONG><a name="[8e]"></a>_printf_i</STRONG> (Thumb, 0 bytes, Stack size unknown bytes, _printf_i.o(.ARM.Collect$$_printf_percent$$00000008))
<BR><BR>[Stack]<UL><LI>Max Depth = 72 + Unknown Stack Size
<LI>Call Chain = _printf_i &rArr; _printf_int_dec &rArr; _printf_int_common &rArr; _printf_post_padding
</UL>
<BR>[Calls]<UL><LI><a href="#[8f]">&gt;&gt;</a>&nbsp;&nbsp;&nbsp;_printf_int_dec
</UL>

<P><STRONG><a name="[90]"></a>_printf_d</STRONG> (Thumb, 0 bytes, Stack size unknown bytes, _printf_d.o(.ARM.Collect$$_printf_percent$$00000009))
<BR><BR>[Stack]<UL><LI>Max Depth = 72 + Unknown Stack Size
<LI>Call Chain = _printf_d &rArr; _printf_int_dec &rArr; _printf_int_common &rArr; _printf_post_padding
</UL>
<BR>[Calls]<UL><LI><a href="#[8f]">&gt;&gt;</a>&nbsp;&nbsp;&nbsp;_printf_int_dec
</UL>

<P><STRONG><a name="[91]"></a>_printf_u</STRONG> (Thumb, 0 bytes, Stack size unknown bytes, _printf_u.o(.ARM.Collect$$_printf_percent$$0000000A))
<BR><BR>[Stack]<UL><LI>Max Depth = 72 + Unknown Stack Size
<LI>Call Chain = _printf_u &rArr; _printf_int_dec &rArr; _printf_int_common &rArr; _printf_post_padding
</UL>
<BR>[Calls]<UL><LI><a href="#[8f]">&gt;&gt;</a>&nbsp;&nbsp;&nbsp;_printf_int_dec
</UL>

<P><STRONG><a name="[92]"></a>_printf_o</STRONG> (Thumb, 0 bytes, Stack size unknown bytes, _printf_o.o(.ARM.Collect$$_printf_percent$$0000000B))
<BR><BR>[Stack]<UL><LI>Max Depth = 64 + Unknown Stack Size
<LI>Call Chain = _printf_o &rArr; _printf_int_oct &rArr; _printf_longlong_oct &rArr; _printf_int_common &rArr; _printf_post_padding
</UL>
<BR>[Calls]<UL><LI><a href="#[93]">&gt;&gt;</a>&nbsp;&nbsp;&nbsp;_printf_int_oct
</UL>

<P><STRONG><a name="[94]"></a>_printf_x</STRONG> (Thumb, 0 bytes, Stack size unknown bytes, _printf_x.o(.ARM.Collect$$_printf_percent$$0000000C))
<BR><BR>[Stack]<UL><LI>Max Depth = 80 + Unknown Stack Size
<LI>Call Chain = _printf_x &rArr; _printf_int_hex &rArr; _printf_longlong_hex &rArr; _printf_int_common &rArr; _printf_post_padding
</UL>
<BR>[Calls]<UL><LI><a href="#[95]">&gt;&gt;</a>&nbsp;&nbsp;&nbsp;_printf_int_hex
</UL>

<P><STRONG><a name="[96]"></a>_printf_lli</STRONG> (Thumb, 0 bytes, Stack size unknown bytes, _printf_lli.o(.ARM.Collect$$_printf_percent$$0000000D))
<BR><BR>[Stack]<UL><LI>Max Depth = 72 + Unknown Stack Size
<LI>Call Chain = _printf_lli &rArr; _printf_longlong_dec &rArr; _printf_int_common &rArr; _printf_post_padding
</UL>
<BR>[Calls]<UL><LI><a href="#[97]">&gt;&gt;</a>&nbsp;&nbsp;&nbsp;_printf_longlong_dec
</UL>

<P><STRONG><a name="[98]"></a>_printf_lld</STRONG> (Thumb, 0 bytes, Stack size unknown bytes, _printf_lld.o(.ARM.Collect$$_printf_percent$$0000000E))
<BR><BR>[Stack]<UL><LI>Max Depth = 72 + Unknown Stack Size
<LI>Call Chain = _printf_lld &rArr; _printf_longlong_dec &rArr; _printf_int_common &rArr; _printf_post_padding
</UL>
<BR>[Calls]<UL><LI><a href="#[97]">&gt;&gt;</a>&nbsp;&nbsp;&nbsp;_printf_longlong_dec
</UL>

<P><STRONG><a name="[99]"></a>_printf_llu</STRONG> (Thumb, 0 bytes, Stack size unknown bytes, _printf_llu.o(.ARM.Collect$$_printf_percent$$0000000F))
<BR><BR>[Stack]<UL><LI>Max Depth = 72 + Unknown Stack Size
<LI>Call Chain = _printf_llu &rArr; _printf_longlong_dec &rArr; _printf_int_common &rArr; _printf_post_padding
</UL>
<BR>[Calls]<UL><LI><a href="#[97]">&gt;&gt;</a>&nbsp;&nbsp;&nbsp;_printf_longlong_dec
</UL>

<P><STRONG><a name="[9a]"></a>_printf_llo</STRONG> (Thumb, 0 bytes, Stack size unknown bytes, _printf_llo.o(.ARM.Collect$$_printf_percent$$00000010))
<BR><BR>[Stack]<UL><LI>Max Depth = 56 + Unknown Stack Size
<LI>Call Chain = _printf_llo &rArr; _printf_ll_oct &rArr; _printf_longlong_oct &rArr; _printf_int_common &rArr; _printf_post_padding
</UL>
<BR>[Calls]<UL><LI><a href="#[9b]">&gt;&gt;</a>&nbsp;&nbsp;&nbsp;_printf_ll_oct
</UL>

<P><STRONG><a name="[9c]"></a>_printf_llx</STRONG> (Thumb, 0 bytes, Stack size unknown bytes, _printf_llx.o(.ARM.Collect$$_printf_percent$$00000011))
<BR><BR>[Stack]<UL><LI>Max Depth = 64 + Unknown Stack Size
<LI>Call Chain = _printf_llx &rArr; _printf_ll_hex &rArr; _printf_longlong_hex &rArr; _printf_int_common &rArr; _printf_post_padding
</UL>
<BR>[Calls]<UL><LI><a href="#[9d]">&gt;&gt;</a>&nbsp;&nbsp;&nbsp;_printf_ll_hex
</UL>

<P><STRONG><a name="[17e]"></a>_printf_l</STRONG> (Thumb, 0 bytes, Stack size unknown bytes, _printf_l.o(.ARM.Collect$$_printf_percent$$00000012))

<P><STRONG><a name="[9e]"></a>_printf_c</STRONG> (Thumb, 0 bytes, Stack size unknown bytes, _printf_c.o(.ARM.Collect$$_printf_percent$$00000013))
<BR><BR>[Stack]<UL><LI>Max Depth = 40 + Unknown Stack Size
<LI>Call Chain = _printf_c &rArr; _printf_char &rArr; _printf_cs_common &rArr; _printf_str &rArr; _printf_post_padding
</UL>
<BR>[Calls]<UL><LI><a href="#[9f]">&gt;&gt;</a>&nbsp;&nbsp;&nbsp;_printf_char
</UL>

<P><STRONG><a name="[a0]"></a>_printf_s</STRONG> (Thumb, 0 bytes, Stack size unknown bytes, _printf_s.o(.ARM.Collect$$_printf_percent$$00000014))
<BR><BR>[Stack]<UL><LI>Max Depth = 40 + Unknown Stack Size
<LI>Call Chain = _printf_s &rArr; _printf_string &rArr; _printf_cs_common &rArr; _printf_str &rArr; _printf_post_padding
</UL>
<BR>[Calls]<UL><LI><a href="#[a1]">&gt;&gt;</a>&nbsp;&nbsp;&nbsp;_printf_string
</UL>

<P><STRONG><a name="[a2]"></a>_printf_lc</STRONG> (Thumb, 0 bytes, Stack size unknown bytes, _printf_lc.o(.ARM.Collect$$_printf_percent$$00000015))
<BR><BR>[Stack]<UL><LI>Max Depth = 88 + Unknown Stack Size
<LI>Call Chain = _printf_lc &rArr; _printf_wchar &rArr; _printf_lcs_common &rArr; _printf_wctomb &rArr; _wcrtomb &rArr; __rt_ctype_table
</UL>
<BR>[Calls]<UL><LI><a href="#[a3]">&gt;&gt;</a>&nbsp;&nbsp;&nbsp;_printf_wchar
</UL>

<P><STRONG><a name="[a4]"></a>_printf_ls</STRONG> (Thumb, 0 bytes, Stack size unknown bytes, _printf_ls.o(.ARM.Collect$$_printf_percent$$00000016))
<BR><BR>[Stack]<UL><LI>Max Depth = 88 + Unknown Stack Size
<LI>Call Chain = _printf_ls &rArr; _printf_wstring &rArr; _printf_lcs_common &rArr; _printf_wctomb &rArr; _wcrtomb &rArr; __rt_ctype_table
</UL>
<BR>[Calls]<UL><LI><a href="#[a5]">&gt;&gt;</a>&nbsp;&nbsp;&nbsp;_printf_wstring
</UL>

<P><STRONG><a name="[17f]"></a>_printf_percent_end</STRONG> (Thumb, 0 bytes, Stack size unknown bytes, _printf_percent_end.o(.ARM.Collect$$_printf_percent$$00000017))

<P><STRONG><a name="[ae]"></a>__rt_lib_init</STRONG> (Thumb, 0 bytes, Stack size unknown bytes, libinit.o(.ARM.Collect$$libinit$$00000000))
<BR><BR>[Called By]<UL><LI><a href="#[ad]">&gt;&gt;</a>&nbsp;&nbsp;&nbsp;__rt_entry_li
</UL>

<P><STRONG><a name="[180]"></a>__rt_lib_init_fp_1</STRONG> (Thumb, 0 bytes, Stack size unknown bytes, libinit2.o(.ARM.Collect$$libinit$$00000002))

<P><STRONG><a name="[181]"></a>__rt_lib_init_heap_1</STRONG> (Thumb, 0 bytes, Stack size unknown bytes, libinit2.o(.ARM.Collect$$libinit$$0000000A))

<P><STRONG><a name="[a6]"></a>__rt_lib_init_lc_common</STRONG> (Thumb, 0 bytes, Stack size unknown bytes, libinit2.o(.ARM.Collect$$libinit$$0000000F))
<BR><BR>[Calls]<UL><LI><a href="#[a7]">&gt;&gt;</a>&nbsp;&nbsp;&nbsp;__rt_locale
</UL>

<P><STRONG><a name="[182]"></a>__rt_lib_init_preinit_1</STRONG> (Thumb, 0 bytes, Stack size unknown bytes, libinit2.o(.ARM.Collect$$libinit$$00000004))

<P><STRONG><a name="[183]"></a>__rt_lib_init_rand_1</STRONG> (Thumb, 0 bytes, Stack size unknown bytes, libinit2.o(.ARM.Collect$$libinit$$0000000E))

<P><STRONG><a name="[184]"></a>__rt_lib_init_user_alloc_1</STRONG> (Thumb, 0 bytes, Stack size unknown bytes, libinit2.o(.ARM.Collect$$libinit$$0000000C))

<P><STRONG><a name="[185]"></a>__rt_lib_init_lc_collate_1</STRONG> (Thumb, 0 bytes, Stack size unknown bytes, libinit2.o(.ARM.Collect$$libinit$$00000011))

<P><STRONG><a name="[a8]"></a>__rt_lib_init_lc_ctype_2</STRONG> (Thumb, 0 bytes, Stack size unknown bytes, libinit2.o(.ARM.Collect$$libinit$$00000012))
<BR><BR>[Stack]<UL><LI>Max Depth = 8 + Unknown Stack Size
<LI>Call Chain = __rt_lib_init_lc_ctype_2 &rArr; _get_lc_ctype
</UL>
<BR>[Calls]<UL><LI><a href="#[7f]">&gt;&gt;</a>&nbsp;&nbsp;&nbsp;_get_lc_ctype
</UL>

<P><STRONG><a name="[186]"></a>__rt_lib_init_lc_ctype_1</STRONG> (Thumb, 0 bytes, Stack size unknown bytes, libinit2.o(.ARM.Collect$$libinit$$00000013))

<P><STRONG><a name="[187]"></a>__rt_lib_init_lc_monetary_1</STRONG> (Thumb, 0 bytes, Stack size unknown bytes, libinit2.o(.ARM.Collect$$libinit$$00000015))

<P><STRONG><a name="[a9]"></a>__rt_lib_init_lc_numeric_2</STRONG> (Thumb, 0 bytes, Stack size unknown bytes, libinit2.o(.ARM.Collect$$libinit$$00000016))
<BR><BR>[Stack]<UL><LI>Max Depth = 8 + Unknown Stack Size
<LI>Call Chain = __rt_lib_init_lc_numeric_2 &rArr; _get_lc_numeric
</UL>
<BR>[Calls]<UL><LI><a href="#[aa]">&gt;&gt;</a>&nbsp;&nbsp;&nbsp;_get_lc_numeric
</UL>

<P><STRONG><a name="[188]"></a>__rt_lib_init_alloca_1</STRONG> (Thumb, 0 bytes, Stack size unknown bytes, libinit2.o(.ARM.Collect$$libinit$$0000002E))

<P><STRONG><a name="[189]"></a>__rt_lib_init_argv_1</STRONG> (Thumb, 0 bytes, Stack size unknown bytes, libinit2.o(.ARM.Collect$$libinit$$0000002C))

<P><STRONG><a name="[18a]"></a>__rt_lib_init_atexit_1</STRONG> (Thumb, 0 bytes, Stack size unknown bytes, libinit2.o(.ARM.Collect$$libinit$$0000001B))

<P><STRONG><a name="[18b]"></a>__rt_lib_init_clock_1</STRONG> (Thumb, 0 bytes, Stack size unknown bytes, libinit2.o(.ARM.Collect$$libinit$$00000021))

<P><STRONG><a name="[18c]"></a>__rt_lib_init_cpp_1</STRONG> (Thumb, 0 bytes, Stack size unknown bytes, libinit2.o(.ARM.Collect$$libinit$$00000032))

<P><STRONG><a name="[18d]"></a>__rt_lib_init_exceptions_1</STRONG> (Thumb, 0 bytes, Stack size unknown bytes, libinit2.o(.ARM.Collect$$libinit$$00000030))

<P><STRONG><a name="[18e]"></a>__rt_lib_init_fp_trap_1</STRONG> (Thumb, 0 bytes, Stack size unknown bytes, libinit2.o(.ARM.Collect$$libinit$$0000001F))

<P><STRONG><a name="[18f]"></a>__rt_lib_init_getenv_1</STRONG> (Thumb, 0 bytes, Stack size unknown bytes, libinit2.o(.ARM.Collect$$libinit$$00000023))

<P><STRONG><a name="[190]"></a>__rt_lib_init_lc_numeric_1</STRONG> (Thumb, 0 bytes, Stack size unknown bytes, libinit2.o(.ARM.Collect$$libinit$$00000017))

<P><STRONG><a name="[191]"></a>__rt_lib_init_lc_time_1</STRONG> (Thumb, 0 bytes, Stack size unknown bytes, libinit2.o(.ARM.Collect$$libinit$$00000019))

<P><STRONG><a name="[192]"></a>__rt_lib_init_return</STRONG> (Thumb, 0 bytes, Stack size unknown bytes, libinit2.o(.ARM.Collect$$libinit$$00000033))

<P><STRONG><a name="[193]"></a>__rt_lib_init_signal_1</STRONG> (Thumb, 0 bytes, Stack size unknown bytes, libinit2.o(.ARM.Collect$$libinit$$0000001D))

<P><STRONG><a name="[194]"></a>__rt_lib_init_stdio_1</STRONG> (Thumb, 0 bytes, Stack size unknown bytes, libinit2.o(.ARM.Collect$$libinit$$00000025))

<P><STRONG><a name="[b3]"></a>__rt_lib_shutdown</STRONG> (Thumb, 0 bytes, Stack size unknown bytes, libshutdown.o(.ARM.Collect$$libshutdown$$00000000))
<BR><BR>[Called By]<UL><LI><a href="#[b2]">&gt;&gt;</a>&nbsp;&nbsp;&nbsp;__rt_exit_ls
</UL>

<P><STRONG><a name="[195]"></a>__rt_lib_shutdown_cpp_1</STRONG> (Thumb, 0 bytes, Stack size unknown bytes, libshutdown2.o(.ARM.Collect$$libshutdown$$00000002))

<P><STRONG><a name="[196]"></a>__rt_lib_shutdown_fp_trap_1</STRONG> (Thumb, 0 bytes, Stack size unknown bytes, libshutdown2.o(.ARM.Collect$$libshutdown$$00000007))

<P><STRONG><a name="[197]"></a>__rt_lib_shutdown_heap_1</STRONG> (Thumb, 0 bytes, Stack size unknown bytes, libshutdown2.o(.ARM.Collect$$libshutdown$$0000000F))

<P><STRONG><a name="[198]"></a>__rt_lib_shutdown_return</STRONG> (Thumb, 0 bytes, Stack size unknown bytes, libshutdown2.o(.ARM.Collect$$libshutdown$$00000010))

<P><STRONG><a name="[199]"></a>__rt_lib_shutdown_signal_1</STRONG> (Thumb, 0 bytes, Stack size unknown bytes, libshutdown2.o(.ARM.Collect$$libshutdown$$0000000A))

<P><STRONG><a name="[19a]"></a>__rt_lib_shutdown_stdio_1</STRONG> (Thumb, 0 bytes, Stack size unknown bytes, libshutdown2.o(.ARM.Collect$$libshutdown$$00000004))

<P><STRONG><a name="[19b]"></a>__rt_lib_shutdown_user_alloc_1</STRONG> (Thumb, 0 bytes, Stack size unknown bytes, libshutdown2.o(.ARM.Collect$$libshutdown$$0000000C))

<P><STRONG><a name="[82]"></a>__rt_entry</STRONG> (Thumb, 0 bytes, Stack size unknown bytes, __rtentry.o(.ARM.Collect$$rtentry$$00000000))
<BR><BR>[Called By]<UL><LI><a href="#[80]">&gt;&gt;</a>&nbsp;&nbsp;&nbsp;__main
<LI><a href="#[83]">&gt;&gt;</a>&nbsp;&nbsp;&nbsp;__scatterload_rt2
</UL>

<P><STRONG><a name="[19c]"></a>__rt_entry_presh_1</STRONG> (Thumb, 0 bytes, Stack size unknown bytes, __rtentry2.o(.ARM.Collect$$rtentry$$00000002))

<P><STRONG><a name="[ab]"></a>__rt_entry_sh</STRONG> (Thumb, 0 bytes, Stack size unknown bytes, __rtentry4.o(.ARM.Collect$$rtentry$$00000004))
<BR><BR>[Stack]<UL><LI>Max Depth = 8 + Unknown Stack Size
<LI>Call Chain = __rt_entry_sh &rArr; __user_setup_stackheap
</UL>
<BR>[Calls]<UL><LI><a href="#[ac]">&gt;&gt;</a>&nbsp;&nbsp;&nbsp;__user_setup_stackheap
</UL>

<P><STRONG><a name="[ad]"></a>__rt_entry_li</STRONG> (Thumb, 0 bytes, Stack size unknown bytes, __rtentry2.o(.ARM.Collect$$rtentry$$0000000A))
<BR><BR>[Calls]<UL><LI><a href="#[ae]">&gt;&gt;</a>&nbsp;&nbsp;&nbsp;__rt_lib_init
</UL>

<P><STRONG><a name="[19d]"></a>__rt_entry_postsh_1</STRONG> (Thumb, 0 bytes, Stack size unknown bytes, __rtentry2.o(.ARM.Collect$$rtentry$$00000009))

<P><STRONG><a name="[af]"></a>__rt_entry_main</STRONG> (Thumb, 0 bytes, Stack size unknown bytes, __rtentry2.o(.ARM.Collect$$rtentry$$0000000D))
<BR><BR>[Stack]<UL><LI>Max Depth = 308 + Unknown Stack Size
<LI>Call Chain = __rt_entry_main &rArr; main &rArr; Run_car &rArr; findbarrier &rArr; LCD_printf &rArr; LCD_DispChar &rArr; _LCD_DispChar &rArr; LCD_Draw_Point &rArr; SPI_ReadWriteByte
</UL>
<BR>[Calls]<UL><LI><a href="#[b0]">&gt;&gt;</a>&nbsp;&nbsp;&nbsp;main
<LI><a href="#[b1]">&gt;&gt;</a>&nbsp;&nbsp;&nbsp;exit
</UL>

<P><STRONG><a name="[19e]"></a>__rt_entry_postli_1</STRONG> (Thumb, 0 bytes, Stack size unknown bytes, __rtentry2.o(.ARM.Collect$$rtentry$$0000000C))

<P><STRONG><a name="[15f]"></a>__rt_exit</STRONG> (Thumb, 0 bytes, Stack size unknown bytes, rtexit.o(.ARM.Collect$$rtexit$$00000000))
<BR><BR>[Called By]<UL><LI><a href="#[b1]">&gt;&gt;</a>&nbsp;&nbsp;&nbsp;exit
</UL>

<P><STRONG><a name="[b2]"></a>__rt_exit_ls</STRONG> (Thumb, 0 bytes, Stack size unknown bytes, rtexit2.o(.ARM.Collect$$rtexit$$00000003))
<BR><BR>[Calls]<UL><LI><a href="#[b3]">&gt;&gt;</a>&nbsp;&nbsp;&nbsp;__rt_lib_shutdown
</UL>

<P><STRONG><a name="[19f]"></a>__rt_exit_prels_1</STRONG> (Thumb, 0 bytes, Stack size unknown bytes, rtexit2.o(.ARM.Collect$$rtexit$$00000002))

<P><STRONG><a name="[b4]"></a>__rt_exit_exit</STRONG> (Thumb, 0 bytes, Stack size unknown bytes, rtexit2.o(.ARM.Collect$$rtexit$$00000004))
<BR><BR>[Calls]<UL><LI><a href="#[b5]">&gt;&gt;</a>&nbsp;&nbsp;&nbsp;_sys_exit
</UL>

<P><STRONG><a name="[b0]"></a>main</STRONG> (Thumb, 68 bytes, Stack size 0 bytes, main_1.o(.text))
<BR><BR>[Stack]<UL><LI>Max Depth = 308 + Unknown Stack Size
<LI>Call Chain = main &rArr; Run_car &rArr; findbarrier &rArr; LCD_printf &rArr; LCD_DispChar &rArr; _LCD_DispChar &rArr; LCD_Draw_Point &rArr; SPI_ReadWriteByte
</UL>
<BR>[Calls]<UL><LI><a href="#[b7]">&gt;&gt;</a>&nbsp;&nbsp;&nbsp;switch_mode
<LI><a href="#[b8]">&gt;&gt;</a>&nbsp;&nbsp;&nbsp;switch_data
<LI><a href="#[b9]">&gt;&gt;</a>&nbsp;&nbsp;&nbsp;Test_module
<LI><a href="#[ba]">&gt;&gt;</a>&nbsp;&nbsp;&nbsp;Run_init
<LI><a href="#[bb]">&gt;&gt;</a>&nbsp;&nbsp;&nbsp;Run_car
<LI><a href="#[b6]">&gt;&gt;</a>&nbsp;&nbsp;&nbsp;Init
</UL>
<BR>[Called By]<UL><LI><a href="#[af]">&gt;&gt;</a>&nbsp;&nbsp;&nbsp;__rt_entry_main
</UL>

<P><STRONG><a name="[bd]"></a>Start_image</STRONG> (Thumb, 50 bytes, Stack size 0 bytes, camera.o(.text))
<BR><BR>[Called By]<UL><LI><a href="#[e7]">&gt;&gt;</a>&nbsp;&nbsp;&nbsp;Image_Test
<LI><a href="#[e6]">&gt;&gt;</a>&nbsp;&nbsp;&nbsp;LCD_Test
<LI><a href="#[de]">&gt;&gt;</a>&nbsp;&nbsp;&nbsp;barrier_Test
<LI><a href="#[c0]">&gt;&gt;</a>&nbsp;&nbsp;&nbsp;First_image
<LI><a href="#[bc]">&gt;&gt;</a>&nbsp;&nbsp;&nbsp;send_image
<LI><a href="#[ba]">&gt;&gt;</a>&nbsp;&nbsp;&nbsp;Run_init
<LI><a href="#[bb]">&gt;&gt;</a>&nbsp;&nbsp;&nbsp;Run_car
</UL>

<P><STRONG><a name="[be]"></a>End_image</STRONG> (Thumb, 12 bytes, Stack size 0 bytes, camera.o(.text))
<BR><BR>[Called By]<UL><LI><a href="#[e7]">&gt;&gt;</a>&nbsp;&nbsp;&nbsp;Image_Test
<LI><a href="#[e6]">&gt;&gt;</a>&nbsp;&nbsp;&nbsp;LCD_Test
<LI><a href="#[de]">&gt;&gt;</a>&nbsp;&nbsp;&nbsp;barrier_Test
<LI><a href="#[c0]">&gt;&gt;</a>&nbsp;&nbsp;&nbsp;First_image
<LI><a href="#[bc]">&gt;&gt;</a>&nbsp;&nbsp;&nbsp;send_image
<LI><a href="#[ba]">&gt;&gt;</a>&nbsp;&nbsp;&nbsp;Run_init
<LI><a href="#[bb]">&gt;&gt;</a>&nbsp;&nbsp;&nbsp;Run_car
</UL>

<P><STRONG><a name="[bc]"></a>send_image</STRONG> (Thumb, 94 bytes, Stack size 16 bytes, camera.o(.text))
<BR><BR>[Stack]<UL><LI>Max Depth = 28<LI>Call Chain = send_image &rArr; UART_WriteByte
</UL>
<BR>[Calls]<UL><LI><a href="#[bf]">&gt;&gt;</a>&nbsp;&nbsp;&nbsp;UART_WriteByte
<LI><a href="#[be]">&gt;&gt;</a>&nbsp;&nbsp;&nbsp;End_image
<LI><a href="#[bd]">&gt;&gt;</a>&nbsp;&nbsp;&nbsp;Start_image
</UL>
<BR>[Called By]<UL><LI><a href="#[e7]">&gt;&gt;</a>&nbsp;&nbsp;&nbsp;Image_Test
</UL>

<P><STRONG><a name="[c0]"></a>First_image</STRONG> (Thumb, 136 bytes, Stack size 8 bytes, camera.o(.text))
<BR><BR>[Stack]<UL><LI>Max Depth = 300 + Unknown Stack Size
<LI>Call Chain = First_image &rArr; findpoint &rArr; LCD_printf &rArr; LCD_DispChar &rArr; _LCD_DispChar &rArr; LCD_Draw_Point &rArr; SPI_ReadWriteByte
</UL>
<BR>[Calls]<UL><LI><a href="#[c1]">&gt;&gt;</a>&nbsp;&nbsp;&nbsp;findpoint
<LI><a href="#[be]">&gt;&gt;</a>&nbsp;&nbsp;&nbsp;End_image
<LI><a href="#[bd]">&gt;&gt;</a>&nbsp;&nbsp;&nbsp;Start_image
</UL>
<BR>[Called By]<UL><LI><a href="#[bb]">&gt;&gt;</a>&nbsp;&nbsp;&nbsp;Run_car
</UL>

<P><STRONG><a name="[ba]"></a>Run_init</STRONG> (Thumb, 34 bytes, Stack size 8 bytes, running.o(.text))
<BR><BR>[Stack]<UL><LI>Max Depth = 180<LI>Call Chain = Run_init &rArr; LCD_Init &rArr; SPI_QuickInit &rArr; SPI_Init &rArr; SPI_CTARConfig &rArr; dspi_hal_set_baud
</UL>
<BR>[Calls]<UL><LI><a href="#[c2]">&gt;&gt;</a>&nbsp;&nbsp;&nbsp;OV7620_Init
<LI><a href="#[c3]">&gt;&gt;</a>&nbsp;&nbsp;&nbsp;Motor_PWM_Output
<LI><a href="#[c4]">&gt;&gt;</a>&nbsp;&nbsp;&nbsp;LCD_Init
<LI><a href="#[be]">&gt;&gt;</a>&nbsp;&nbsp;&nbsp;End_image
<LI><a href="#[bd]">&gt;&gt;</a>&nbsp;&nbsp;&nbsp;Start_image
</UL>
<BR>[Called By]<UL><LI><a href="#[b0]">&gt;&gt;</a>&nbsp;&nbsp;&nbsp;main
</UL>

<P><STRONG><a name="[bb]"></a>Run_car</STRONG> (Thumb, 170 bytes, Stack size 0 bytes, running.o(.text))
<BR><BR>[Stack]<UL><LI>Max Depth = 308 + Unknown Stack Size
<LI>Call Chain = Run_car &rArr; findbarrier &rArr; LCD_printf &rArr; LCD_DispChar &rArr; _LCD_DispChar &rArr; LCD_Draw_Point &rArr; SPI_ReadWriteByte
</UL>
<BR>[Calls]<UL><LI><a href="#[c6]">&gt;&gt;</a>&nbsp;&nbsp;&nbsp;findbarrier
<LI><a href="#[c9]">&gt;&gt;</a>&nbsp;&nbsp;&nbsp;Turn
<LI><a href="#[cd]">&gt;&gt;</a>&nbsp;&nbsp;&nbsp;Servo_Control
<LI><a href="#[ca]">&gt;&gt;</a>&nbsp;&nbsp;&nbsp;Pass
<LI><a href="#[cc]">&gt;&gt;</a>&nbsp;&nbsp;&nbsp;PID_speed_set
<LI><a href="#[c7]">&gt;&gt;</a>&nbsp;&nbsp;&nbsp;Lookfor
<LI><a href="#[c8]">&gt;&gt;</a>&nbsp;&nbsp;&nbsp;GotoTarget
<LI><a href="#[c5]">&gt;&gt;</a>&nbsp;&nbsp;&nbsp;GPIO_ToggleBit
<LI><a href="#[cb]">&gt;&gt;</a>&nbsp;&nbsp;&nbsp;Evade
<LI><a href="#[ce]">&gt;&gt;</a>&nbsp;&nbsp;&nbsp;Back
<LI><a href="#[c1]">&gt;&gt;</a>&nbsp;&nbsp;&nbsp;findpoint
<LI><a href="#[c0]">&gt;&gt;</a>&nbsp;&nbsp;&nbsp;First_image
<LI><a href="#[be]">&gt;&gt;</a>&nbsp;&nbsp;&nbsp;End_image
<LI><a href="#[bd]">&gt;&gt;</a>&nbsp;&nbsp;&nbsp;Start_image
</UL>
<BR>[Called By]<UL><LI><a href="#[b0]">&gt;&gt;</a>&nbsp;&nbsp;&nbsp;main
</UL>

<P><STRONG><a name="[1a0]"></a>delay_ms</STRONG> (Thumb, 36 bytes, Stack size 0 bytes, delay.o(.text), UNUSED)

<P><STRONG><a name="[78]"></a>PIT1_HandlerU</STRONG> (Thumb, 38 bytes, Stack size 0 bytes, delay.o(.text))
<BR>[Address Reference Count : 1]<UL><LI> init.o(.text)
</UL>
<P><STRONG><a name="[c1]"></a>findpoint</STRONG> (Thumb, 1412 bytes, Stack size 48 bytes, img_processing.o(.text))
<BR><BR>[Stack]<UL><LI>Max Depth = 292 + Unknown Stack Size
<LI>Call Chain = findpoint &rArr; LCD_printf &rArr; LCD_DispChar &rArr; _LCD_DispChar &rArr; LCD_Draw_Point &rArr; SPI_ReadWriteByte
</UL>
<BR>[Calls]<UL><LI><a href="#[cf]">&gt;&gt;</a>&nbsp;&nbsp;&nbsp;LCD_printf
<LI><a href="#[d1]">&gt;&gt;</a>&nbsp;&nbsp;&nbsp;__aeabi_f2d
<LI><a href="#[d0]">&gt;&gt;</a>&nbsp;&nbsp;&nbsp;__2printf
</UL>
<BR>[Called By]<UL><LI><a href="#[c0]">&gt;&gt;</a>&nbsp;&nbsp;&nbsp;First_image
<LI><a href="#[bb]">&gt;&gt;</a>&nbsp;&nbsp;&nbsp;Run_car
</UL>

<P><STRONG><a name="[c6]"></a>findbarrier</STRONG> (Thumb, 574 bytes, Stack size 64 bytes, img_processing.o(.text))
<BR><BR>[Stack]<UL><LI>Max Depth = 308 + Unknown Stack Size
<LI>Call Chain = findbarrier &rArr; LCD_printf &rArr; LCD_DispChar &rArr; _LCD_DispChar &rArr; LCD_Draw_Point &rArr; SPI_ReadWriteByte
</UL>
<BR>[Calls]<UL><LI><a href="#[d2]">&gt;&gt;</a>&nbsp;&nbsp;&nbsp;min_point
<LI><a href="#[cf]">&gt;&gt;</a>&nbsp;&nbsp;&nbsp;LCD_printf
</UL>
<BR>[Called By]<UL><LI><a href="#[bb]">&gt;&gt;</a>&nbsp;&nbsp;&nbsp;Run_car
</UL>

<P><STRONG><a name="[b6]"></a>Init</STRONG> (Thumb, 354 bytes, Stack size 8 bytes, init.o(.text))
<BR><BR>[Stack]<UL><LI>Max Depth = 104<LI>Call Chain = Init &rArr; FTM_PWM_QuickInit &rArr; FTM_SetMode &rArr; FTM_DualChlConfig
</UL>
<BR>[Calls]<UL><LI><a href="#[d5]">&gt;&gt;</a>&nbsp;&nbsp;&nbsp;UART_QuickInit
<LI><a href="#[db]">&gt;&gt;</a>&nbsp;&nbsp;&nbsp;PIT_QuickInit
<LI><a href="#[dd]">&gt;&gt;</a>&nbsp;&nbsp;&nbsp;PIT_ITDMAConfig
<LI><a href="#[dc]">&gt;&gt;</a>&nbsp;&nbsp;&nbsp;PIT_CallbackInstall
<LI><a href="#[d4]">&gt;&gt;</a>&nbsp;&nbsp;&nbsp;GPIO_QuickInit
<LI><a href="#[d6]">&gt;&gt;</a>&nbsp;&nbsp;&nbsp;FTM_QD_QuickInit
<LI><a href="#[d9]">&gt;&gt;</a>&nbsp;&nbsp;&nbsp;FTM_PWM_QuickInit
<LI><a href="#[da]">&gt;&gt;</a>&nbsp;&nbsp;&nbsp;FTM_PWM_ChangeDuty
<LI><a href="#[d3]">&gt;&gt;</a>&nbsp;&nbsp;&nbsp;DelayInit
<LI><a href="#[d7]">&gt;&gt;</a>&nbsp;&nbsp;&nbsp;CMT_PWM_QuickInit
<LI><a href="#[d8]">&gt;&gt;</a>&nbsp;&nbsp;&nbsp;CMT_PWM_ChangDuty
</UL>
<BR>[Called By]<UL><LI><a href="#[b0]">&gt;&gt;</a>&nbsp;&nbsp;&nbsp;main
</UL>

<P><STRONG><a name="[d2]"></a>min_point</STRONG> (Thumb, 146 bytes, Stack size 12 bytes, car_test.o(.text))
<BR><BR>[Stack]<UL><LI>Max Depth = 12<LI>Call Chain = min_point
</UL>
<BR>[Called By]<UL><LI><a href="#[de]">&gt;&gt;</a>&nbsp;&nbsp;&nbsp;barrier_Test
<LI><a href="#[c6]">&gt;&gt;</a>&nbsp;&nbsp;&nbsp;findbarrier
</UL>

<P><STRONG><a name="[de]"></a>barrier_Test</STRONG> (Thumb, 940 bytes, Stack size 40 bytes, car_test.o(.text))
<BR><BR>[Stack]<UL><LI>Max Depth = 284 + Unknown Stack Size
<LI>Call Chain = barrier_Test &rArr; LCD_printf &rArr; LCD_DispChar &rArr; _LCD_DispChar &rArr; LCD_Draw_Point &rArr; SPI_ReadWriteByte
</UL>
<BR>[Calls]<UL><LI><a href="#[df]">&gt;&gt;</a>&nbsp;&nbsp;&nbsp;LCD_Draw_Point
<LI><a href="#[d2]">&gt;&gt;</a>&nbsp;&nbsp;&nbsp;min_point
<LI><a href="#[cf]">&gt;&gt;</a>&nbsp;&nbsp;&nbsp;LCD_printf
<LI><a href="#[c2]">&gt;&gt;</a>&nbsp;&nbsp;&nbsp;OV7620_Init
<LI><a href="#[c4]">&gt;&gt;</a>&nbsp;&nbsp;&nbsp;LCD_Init
<LI><a href="#[c5]">&gt;&gt;</a>&nbsp;&nbsp;&nbsp;GPIO_ToggleBit
<LI><a href="#[be]">&gt;&gt;</a>&nbsp;&nbsp;&nbsp;End_image
<LI><a href="#[bd]">&gt;&gt;</a>&nbsp;&nbsp;&nbsp;Start_image
</UL>
<BR>[Called By]<UL><LI><a href="#[b9]">&gt;&gt;</a>&nbsp;&nbsp;&nbsp;Test_module
</UL>

<P><STRONG><a name="[e0]"></a>PID_Test</STRONG> (Thumb, 308 bytes, Stack size 8 bytes, car_test.o(.text))
<BR><BR>[Stack]<UL><LI>Max Depth = 180<LI>Call Chain = PID_Test &rArr; LCD_Init &rArr; SPI_QuickInit &rArr; SPI_Init &rArr; SPI_CTARConfig &rArr; dspi_hal_set_baud
</UL>
<BR>[Calls]<UL><LI><a href="#[e1]">&gt;&gt;</a>&nbsp;&nbsp;&nbsp;UART_ReadByte
<LI><a href="#[cc]">&gt;&gt;</a>&nbsp;&nbsp;&nbsp;PID_speed_set
<LI><a href="#[c4]">&gt;&gt;</a>&nbsp;&nbsp;&nbsp;LCD_Init
<LI><a href="#[c5]">&gt;&gt;</a>&nbsp;&nbsp;&nbsp;GPIO_ToggleBit
<LI><a href="#[e4]">&gt;&gt;</a>&nbsp;&nbsp;&nbsp;__aeabi_dmul
<LI><a href="#[e3]">&gt;&gt;</a>&nbsp;&nbsp;&nbsp;__aeabi_ui2d
<LI><a href="#[e5]">&gt;&gt;</a>&nbsp;&nbsp;&nbsp;__aeabi_d2f
<LI><a href="#[e2]">&gt;&gt;</a>&nbsp;&nbsp;&nbsp;__aeabi_ui2f
</UL>
<BR>[Called By]<UL><LI><a href="#[b9]">&gt;&gt;</a>&nbsp;&nbsp;&nbsp;Test_module
</UL>

<P><STRONG><a name="[e6]"></a>LCD_Test</STRONG> (Thumb, 656 bytes, Stack size 16 bytes, car_test.o(.text))
<BR><BR>[Stack]<UL><LI>Max Depth = 260 + Unknown Stack Size
<LI>Call Chain = LCD_Test &rArr; LCD_printf &rArr; LCD_DispChar &rArr; _LCD_DispChar &rArr; LCD_Draw_Point &rArr; SPI_ReadWriteByte
</UL>
<BR>[Calls]<UL><LI><a href="#[df]">&gt;&gt;</a>&nbsp;&nbsp;&nbsp;LCD_Draw_Point
<LI><a href="#[cf]">&gt;&gt;</a>&nbsp;&nbsp;&nbsp;LCD_printf
<LI><a href="#[c2]">&gt;&gt;</a>&nbsp;&nbsp;&nbsp;OV7620_Init
<LI><a href="#[c4]">&gt;&gt;</a>&nbsp;&nbsp;&nbsp;LCD_Init
<LI><a href="#[c5]">&gt;&gt;</a>&nbsp;&nbsp;&nbsp;GPIO_ToggleBit
<LI><a href="#[be]">&gt;&gt;</a>&nbsp;&nbsp;&nbsp;End_image
<LI><a href="#[bd]">&gt;&gt;</a>&nbsp;&nbsp;&nbsp;Start_image
</UL>
<BR>[Called By]<UL><LI><a href="#[b9]">&gt;&gt;</a>&nbsp;&nbsp;&nbsp;Test_module
</UL>

<P><STRONG><a name="[e7]"></a>Image_Test</STRONG> (Thumb, 28 bytes, Stack size 0 bytes, car_test.o(.text))
<BR><BR>[Stack]<UL><LI>Max Depth = 48<LI>Call Chain = Image_Test &rArr; OV7620_Init &rArr; GPIO_QuickInit &rArr; GPIO_Init &rArr; PORT_PinPullConfig
</UL>
<BR>[Calls]<UL><LI><a href="#[c2]">&gt;&gt;</a>&nbsp;&nbsp;&nbsp;OV7620_Init
<LI><a href="#[c5]">&gt;&gt;</a>&nbsp;&nbsp;&nbsp;GPIO_ToggleBit
<LI><a href="#[bc]">&gt;&gt;</a>&nbsp;&nbsp;&nbsp;send_image
<LI><a href="#[be]">&gt;&gt;</a>&nbsp;&nbsp;&nbsp;End_image
<LI><a href="#[bd]">&gt;&gt;</a>&nbsp;&nbsp;&nbsp;Start_image
</UL>
<BR>[Called By]<UL><LI><a href="#[b9]">&gt;&gt;</a>&nbsp;&nbsp;&nbsp;Test_module
</UL>

<P><STRONG><a name="[e8]"></a>Motor_Test</STRONG> (Thumb, 48 bytes, Stack size 0 bytes, car_test.o(.text))
<BR><BR>[Stack]<UL><LI>Max Depth = 16<LI>Call Chain = Motor_Test &rArr; FTM_PWM_ChangeDuty
</UL>
<BR>[Calls]<UL><LI><a href="#[da]">&gt;&gt;</a>&nbsp;&nbsp;&nbsp;FTM_PWM_ChangeDuty
</UL>
<BR>[Called By]<UL><LI><a href="#[b9]">&gt;&gt;</a>&nbsp;&nbsp;&nbsp;Test_module
</UL>

<P><STRONG><a name="[e9]"></a>Servo_Test</STRONG> (Thumb, 110 bytes, Stack size 8 bytes, car_test.o(.text))
<BR><BR>[Stack]<UL><LI>Max Depth = 20<LI>Call Chain = Servo_Test &rArr; UART_WriteByte
</UL>
<BR>[Calls]<UL><LI><a href="#[e1]">&gt;&gt;</a>&nbsp;&nbsp;&nbsp;UART_ReadByte
<LI><a href="#[d8]">&gt;&gt;</a>&nbsp;&nbsp;&nbsp;CMT_PWM_ChangDuty
<LI><a href="#[cc]">&gt;&gt;</a>&nbsp;&nbsp;&nbsp;PID_speed_set
<LI><a href="#[c5]">&gt;&gt;</a>&nbsp;&nbsp;&nbsp;GPIO_ToggleBit
<LI><a href="#[bf]">&gt;&gt;</a>&nbsp;&nbsp;&nbsp;UART_WriteByte
</UL>
<BR>[Called By]<UL><LI><a href="#[b9]">&gt;&gt;</a>&nbsp;&nbsp;&nbsp;Test_module
</UL>

<P><STRONG><a name="[ea]"></a>Uart_test</STRONG> (Thumb, 180 bytes, Stack size 40 bytes, car_test.o(.text))
<BR><BR>[Stack]<UL><LI>Max Depth = 184 + Unknown Stack Size
<LI>Call Chain = Uart_test &rArr; printf &rArr; _printf_char_file &rArr; _printf_char_common &rArr; __printf
</UL>
<BR>[Calls]<UL><LI><a href="#[e1]">&gt;&gt;</a>&nbsp;&nbsp;&nbsp;UART_ReadByte
<LI><a href="#[c5]">&gt;&gt;</a>&nbsp;&nbsp;&nbsp;GPIO_ToggleBit
<LI><a href="#[bf]">&gt;&gt;</a>&nbsp;&nbsp;&nbsp;UART_WriteByte
<LI><a href="#[eb]">&gt;&gt;</a>&nbsp;&nbsp;&nbsp;__aeabi_memcpy4
<LI><a href="#[ec]">&gt;&gt;</a>&nbsp;&nbsp;&nbsp;printf
</UL>
<BR>[Called By]<UL><LI><a href="#[b9]">&gt;&gt;</a>&nbsp;&nbsp;&nbsp;Test_module
</UL>

<P><STRONG><a name="[b9]"></a>Test_module</STRONG> (Thumb, 54 bytes, Stack size 8 bytes, car_test.o(.text))
<BR><BR>[Stack]<UL><LI>Max Depth = 292 + Unknown Stack Size
<LI>Call Chain = Test_module &rArr; barrier_Test &rArr; LCD_printf &rArr; LCD_DispChar &rArr; _LCD_DispChar &rArr; LCD_Draw_Point &rArr; SPI_ReadWriteByte
</UL>
<BR>[Calls]<UL><LI><a href="#[ea]">&gt;&gt;</a>&nbsp;&nbsp;&nbsp;Uart_test
<LI><a href="#[e9]">&gt;&gt;</a>&nbsp;&nbsp;&nbsp;Servo_Test
<LI><a href="#[e8]">&gt;&gt;</a>&nbsp;&nbsp;&nbsp;Motor_Test
<LI><a href="#[e7]">&gt;&gt;</a>&nbsp;&nbsp;&nbsp;Image_Test
<LI><a href="#[e6]">&gt;&gt;</a>&nbsp;&nbsp;&nbsp;LCD_Test
<LI><a href="#[e0]">&gt;&gt;</a>&nbsp;&nbsp;&nbsp;PID_Test
<LI><a href="#[de]">&gt;&gt;</a>&nbsp;&nbsp;&nbsp;barrier_Test
</UL>
<BR>[Called By]<UL><LI><a href="#[b0]">&gt;&gt;</a>&nbsp;&nbsp;&nbsp;main
</UL>

<P><STRONG><a name="[ed]"></a>send_PC_data</STRONG> (Thumb, 112 bytes, Stack size 24 bytes, car_test.o(.text))
<BR><BR>[Stack]<UL><LI>Max Depth = 36<LI>Call Chain = send_PC_data &rArr; UART_WriteByte
</UL>
<BR>[Calls]<UL><LI><a href="#[bf]">&gt;&gt;</a>&nbsp;&nbsp;&nbsp;UART_WriteByte
</UL>
<BR>[Called By]<UL><LI><a href="#[77]">&gt;&gt;</a>&nbsp;&nbsp;&nbsp;QD_value
</UL>

<P><STRONG><a name="[77]"></a>QD_value</STRONG> (Thumb, 276 bytes, Stack size 24 bytes, motor.o(.text))
<BR><BR>[Stack]<UL><LI>Max Depth = 268 + Unknown Stack Size
<LI>Call Chain = QD_value &rArr; LCD_printf &rArr; LCD_DispChar &rArr; _LCD_DispChar &rArr; LCD_Draw_Point &rArr; SPI_ReadWriteByte
</UL>
<BR>[Calls]<UL><LI><a href="#[ee]">&gt;&gt;</a>&nbsp;&nbsp;&nbsp;FTM_QD_GetData
<LI><a href="#[ef]">&gt;&gt;</a>&nbsp;&nbsp;&nbsp;FTM_QD_ClearCount
<LI><a href="#[ed]">&gt;&gt;</a>&nbsp;&nbsp;&nbsp;send_PC_data
<LI><a href="#[cf]">&gt;&gt;</a>&nbsp;&nbsp;&nbsp;LCD_printf
<LI><a href="#[d1]">&gt;&gt;</a>&nbsp;&nbsp;&nbsp;__aeabi_f2d
</UL>
<BR>[Address Reference Count : 1]<UL><LI> init.o(.text)
</UL>
<P><STRONG><a name="[cd]"></a>Servo_Control</STRONG> (Thumb, 200 bytes, Stack size 8 bytes, motor.o(.text))
<BR><BR>[Stack]<UL><LI>Max Depth = 36<LI>Call Chain = Servo_Control &rArr; DelayMs &rArr; DWT_DelayMs &rArr; DWT_DelayUs
</UL>
<BR>[Calls]<UL><LI><a href="#[f0]">&gt;&gt;</a>&nbsp;&nbsp;&nbsp;DelayMs
<LI><a href="#[d8]">&gt;&gt;</a>&nbsp;&nbsp;&nbsp;CMT_PWM_ChangDuty
</UL>
<BR>[Called By]<UL><LI><a href="#[bb]">&gt;&gt;</a>&nbsp;&nbsp;&nbsp;Run_car
</UL>

<P><STRONG><a name="[c3]"></a>Motor_PWM_Output</STRONG> (Thumb, 140 bytes, Stack size 16 bytes, motor.o(.text))
<BR><BR>[Stack]<UL><LI>Max Depth = 32<LI>Call Chain = Motor_PWM_Output &rArr; FTM_PWM_ChangeDuty
</UL>
<BR>[Calls]<UL><LI><a href="#[da]">&gt;&gt;</a>&nbsp;&nbsp;&nbsp;FTM_PWM_ChangeDuty
</UL>
<BR>[Called By]<UL><LI><a href="#[79]">&gt;&gt;</a>&nbsp;&nbsp;&nbsp;Motor_PID_Output
<LI><a href="#[ba]">&gt;&gt;</a>&nbsp;&nbsp;&nbsp;Run_init
</UL>

<P><STRONG><a name="[79]"></a>Motor_PID_Output</STRONG> (Thumb, 332 bytes, Stack size 56 bytes, motor.o(.text))
<BR><BR>[Stack]<UL><LI>Max Depth = 88<LI>Call Chain = Motor_PID_Output &rArr; Motor_PWM_Output &rArr; FTM_PWM_ChangeDuty
</UL>
<BR>[Calls]<UL><LI><a href="#[c3]">&gt;&gt;</a>&nbsp;&nbsp;&nbsp;Motor_PWM_Output
<LI><a href="#[f2]">&gt;&gt;</a>&nbsp;&nbsp;&nbsp;__aeabi_fmul
<LI><a href="#[f1]">&gt;&gt;</a>&nbsp;&nbsp;&nbsp;__aeabi_i2f
<LI><a href="#[f4]">&gt;&gt;</a>&nbsp;&nbsp;&nbsp;__aeabi_f2iz
<LI><a href="#[f3]">&gt;&gt;</a>&nbsp;&nbsp;&nbsp;__aeabi_fadd
</UL>
<BR>[Address Reference Count : 1]<UL><LI> init.o(.text)
</UL>
<P><STRONG><a name="[cc]"></a>PID_speed_set</STRONG> (Thumb, 14 bytes, Stack size 0 bytes, motor.o(.text))
<BR><BR>[Called By]<UL><LI><a href="#[e9]">&gt;&gt;</a>&nbsp;&nbsp;&nbsp;Servo_Test
<LI><a href="#[e0]">&gt;&gt;</a>&nbsp;&nbsp;&nbsp;PID_Test
<LI><a href="#[ce]">&gt;&gt;</a>&nbsp;&nbsp;&nbsp;Back
<LI><a href="#[bb]">&gt;&gt;</a>&nbsp;&nbsp;&nbsp;Run_car
</UL>

<P><STRONG><a name="[f5]"></a>ov7620_DMA</STRONG> (Thumb, 38 bytes, Stack size 8 bytes, ov7620.o(.text))
<BR><BR>[Stack]<UL><LI>Max Depth = 8<LI>Call Chain = ov7620_DMA
</UL>
<BR>[Calls]<UL><LI><a href="#[f6]">&gt;&gt;</a>&nbsp;&nbsp;&nbsp;DMA_DisableRequest
</UL>
<BR>[Address Reference Count : 1]<UL><LI> ov7620.o(.text)
</UL>
<P><STRONG><a name="[c2]"></a>OV7620_Init</STRONG> (Thumb, 218 bytes, Stack size 8 bytes, ov7620.o(.text))
<BR><BR>[Stack]<UL><LI>Max Depth = 48<LI>Call Chain = OV7620_Init &rArr; GPIO_QuickInit &rArr; GPIO_Init &rArr; PORT_PinPullConfig
</UL>
<BR>[Calls]<UL><LI><a href="#[f7]">&gt;&gt;</a>&nbsp;&nbsp;&nbsp;GPIO_ITDMAConfig
<LI><a href="#[f9]">&gt;&gt;</a>&nbsp;&nbsp;&nbsp;DMA_Init
<LI><a href="#[fa]">&gt;&gt;</a>&nbsp;&nbsp;&nbsp;DMA_ITConfig
<LI><a href="#[f6]">&gt;&gt;</a>&nbsp;&nbsp;&nbsp;DMA_DisableRequest
<LI><a href="#[fb]">&gt;&gt;</a>&nbsp;&nbsp;&nbsp;DMA_CallbackInstall
<LI><a href="#[f8]">&gt;&gt;</a>&nbsp;&nbsp;&nbsp;NVIC_DisableIRQ
<LI><a href="#[d4]">&gt;&gt;</a>&nbsp;&nbsp;&nbsp;GPIO_QuickInit
</UL>
<BR>[Called By]<UL><LI><a href="#[e7]">&gt;&gt;</a>&nbsp;&nbsp;&nbsp;Image_Test
<LI><a href="#[e6]">&gt;&gt;</a>&nbsp;&nbsp;&nbsp;LCD_Test
<LI><a href="#[de]">&gt;&gt;</a>&nbsp;&nbsp;&nbsp;barrier_Test
<LI><a href="#[ba]">&gt;&gt;</a>&nbsp;&nbsp;&nbsp;Run_init
</UL>

<P><STRONG><a name="[69]"></a>PORTE_IRQHandler</STRONG> (Thumb, 114 bytes, Stack size 8 bytes, ov7620.o(.text))
<BR><BR>[Stack]<UL><LI>Max Depth = 8<LI>Call Chain = PORTE_IRQHandler
</UL>
<BR>[Calls]<UL><LI><a href="#[fc]">&gt;&gt;</a>&nbsp;&nbsp;&nbsp;DMA_SetDestAddress
<LI><a href="#[f8]">&gt;&gt;</a>&nbsp;&nbsp;&nbsp;NVIC_DisableIRQ
</UL>
<BR>[Address Reference Count : 1]<UL><LI> startup_mk60d10.o(RESET)
</UL>
<P><STRONG><a name="[68]"></a>PORTD_IRQHandler</STRONG> (Thumb, 102 bytes, Stack size 8 bytes, ov7620.o(.text))
<BR><BR>[Stack]<UL><LI>Max Depth = 8<LI>Call Chain = PORTD_IRQHandler
</UL>
<BR>[Calls]<UL><LI><a href="#[fd]">&gt;&gt;</a>&nbsp;&nbsp;&nbsp;DMA_EnableRequest
<LI><a href="#[f8]">&gt;&gt;</a>&nbsp;&nbsp;&nbsp;NVIC_DisableIRQ
</UL>
<BR>[Address Reference Count : 1]<UL><LI> startup_mk60d10.o(RESET)
</UL>
<P><STRONG><a name="[b7]"></a>switch_mode</STRONG> (Thumb, 144 bytes, Stack size 8 bytes, switch.o(.text))
<BR><BR>[Stack]<UL><LI>Max Depth = 48<LI>Call Chain = switch_mode &rArr; GPIO_QuickInit &rArr; GPIO_Init &rArr; PORT_PinPullConfig
</UL>
<BR>[Calls]<UL><LI><a href="#[fe]">&gt;&gt;</a>&nbsp;&nbsp;&nbsp;GPIO_ReadBit
<LI><a href="#[d4]">&gt;&gt;</a>&nbsp;&nbsp;&nbsp;GPIO_QuickInit
</UL>
<BR>[Called By]<UL><LI><a href="#[b0]">&gt;&gt;</a>&nbsp;&nbsp;&nbsp;main
</UL>

<P><STRONG><a name="[b8]"></a>switch_data</STRONG> (Thumb, 104 bytes, Stack size 8 bytes, switch.o(.text))
<BR><BR>[Stack]<UL><LI>Max Depth = 8<LI>Call Chain = switch_data
</UL>
<BR>[Calls]<UL><LI><a href="#[fe]">&gt;&gt;</a>&nbsp;&nbsp;&nbsp;GPIO_ReadBit
</UL>
<BR>[Called By]<UL><LI><a href="#[b0]">&gt;&gt;</a>&nbsp;&nbsp;&nbsp;main
</UL>

<P><STRONG><a name="[ff]"></a>speed_tran</STRONG> (Thumb, 38 bytes, Stack size 32 bytes, move.o(.text))
<BR><BR>[Stack]<UL><LI>Max Depth = 64<LI>Call Chain = speed_tran &rArr; __aeabi_dmul
</UL>
<BR>[Calls]<UL><LI><a href="#[e4]">&gt;&gt;</a>&nbsp;&nbsp;&nbsp;__aeabi_dmul
<LI><a href="#[e3]">&gt;&gt;</a>&nbsp;&nbsp;&nbsp;__aeabi_ui2d
<LI><a href="#[100]">&gt;&gt;</a>&nbsp;&nbsp;&nbsp;__aeabi_d2uiz
</UL>
<BR>[Called By]<UL><LI><a href="#[c9]">&gt;&gt;</a>&nbsp;&nbsp;&nbsp;Turn
<LI><a href="#[c7]">&gt;&gt;</a>&nbsp;&nbsp;&nbsp;Lookfor
<LI><a href="#[c8]">&gt;&gt;</a>&nbsp;&nbsp;&nbsp;GotoTarget
<LI><a href="#[cb]">&gt;&gt;</a>&nbsp;&nbsp;&nbsp;Evade
</UL>

<P><STRONG><a name="[c7]"></a>Lookfor</STRONG> (Thumb, 164 bytes, Stack size 8 bytes, move.o(.text))
<BR><BR>[Stack]<UL><LI>Max Depth = 72<LI>Call Chain = Lookfor &rArr; speed_tran &rArr; __aeabi_dmul
</UL>
<BR>[Calls]<UL><LI><a href="#[ff]">&gt;&gt;</a>&nbsp;&nbsp;&nbsp;speed_tran
</UL>
<BR>[Called By]<UL><LI><a href="#[bb]">&gt;&gt;</a>&nbsp;&nbsp;&nbsp;Run_car
</UL>

<P><STRONG><a name="[c8]"></a>GotoTarget</STRONG> (Thumb, 156 bytes, Stack size 32 bytes, move.o(.text))
<BR><BR>[Stack]<UL><LI>Max Depth = 96<LI>Call Chain = GotoTarget &rArr; speed_tran &rArr; __aeabi_dmul
</UL>
<BR>[Calls]<UL><LI><a href="#[ff]">&gt;&gt;</a>&nbsp;&nbsp;&nbsp;speed_tran
<LI><a href="#[e4]">&gt;&gt;</a>&nbsp;&nbsp;&nbsp;__aeabi_dmul
<LI><a href="#[101]">&gt;&gt;</a>&nbsp;&nbsp;&nbsp;__aeabi_i2d
<LI><a href="#[100]">&gt;&gt;</a>&nbsp;&nbsp;&nbsp;__aeabi_d2uiz
<LI><a href="#[102]">&gt;&gt;</a>&nbsp;&nbsp;&nbsp;__aeabi_dadd
</UL>
<BR>[Called By]<UL><LI><a href="#[bb]">&gt;&gt;</a>&nbsp;&nbsp;&nbsp;Run_car
</UL>

<P><STRONG><a name="[c9]"></a>Turn</STRONG> (Thumb, 176 bytes, Stack size 32 bytes, move.o(.text))
<BR><BR>[Stack]<UL><LI>Max Depth = 96<LI>Call Chain = Turn &rArr; speed_tran &rArr; __aeabi_dmul
</UL>
<BR>[Calls]<UL><LI><a href="#[ff]">&gt;&gt;</a>&nbsp;&nbsp;&nbsp;speed_tran
<LI><a href="#[e4]">&gt;&gt;</a>&nbsp;&nbsp;&nbsp;__aeabi_dmul
<LI><a href="#[101]">&gt;&gt;</a>&nbsp;&nbsp;&nbsp;__aeabi_i2d
<LI><a href="#[100]">&gt;&gt;</a>&nbsp;&nbsp;&nbsp;__aeabi_d2uiz
<LI><a href="#[102]">&gt;&gt;</a>&nbsp;&nbsp;&nbsp;__aeabi_dadd
</UL>
<BR>[Called By]<UL><LI><a href="#[bb]">&gt;&gt;</a>&nbsp;&nbsp;&nbsp;Run_car
</UL>

<P><STRONG><a name="[ce]"></a>Back</STRONG> (Thumb, 148 bytes, Stack size 8 bytes, move.o(.text))
<BR><BR>[Stack]<UL><LI>Max Depth = 36<LI>Call Chain = Back &rArr; DelayMs &rArr; DWT_DelayMs &rArr; DWT_DelayUs
</UL>
<BR>[Calls]<UL><LI><a href="#[f0]">&gt;&gt;</a>&nbsp;&nbsp;&nbsp;DelayMs
<LI><a href="#[d8]">&gt;&gt;</a>&nbsp;&nbsp;&nbsp;CMT_PWM_ChangDuty
<LI><a href="#[cc]">&gt;&gt;</a>&nbsp;&nbsp;&nbsp;PID_speed_set
</UL>
<BR>[Called By]<UL><LI><a href="#[bb]">&gt;&gt;</a>&nbsp;&nbsp;&nbsp;Run_car
</UL>

<P><STRONG><a name="[ca]"></a>Pass</STRONG> (Thumb, 42 bytes, Stack size 0 bytes, move.o(.text))
<BR><BR>[Called By]<UL><LI><a href="#[bb]">&gt;&gt;</a>&nbsp;&nbsp;&nbsp;Run_car
</UL>

<P><STRONG><a name="[cb]"></a>Evade</STRONG> (Thumb, 156 bytes, Stack size 8 bytes, move.o(.text))
<BR><BR>[Stack]<UL><LI>Max Depth = 72<LI>Call Chain = Evade &rArr; speed_tran &rArr; __aeabi_dmul
</UL>
<BR>[Calls]<UL><LI><a href="#[ff]">&gt;&gt;</a>&nbsp;&nbsp;&nbsp;speed_tran
</UL>
<BR>[Called By]<UL><LI><a href="#[bb]">&gt;&gt;</a>&nbsp;&nbsp;&nbsp;Run_car
</UL>

<P><STRONG><a name="[7a]"></a>SystemInit</STRONG> (Thumb, 196 bytes, Stack size 0 bytes, system_mk60d10.o(.text))
<BR>[Address Reference Count : 1]<UL><LI> startup_mk60d10.o(.text)
</UL>
<P><STRONG><a name="[1a1]"></a>SystemCoreClockUpdate</STRONG> (Thumb, 324 bytes, Stack size 0 bytes, system_mk60d10.o(.text), UNUSED)

<P><STRONG><a name="[4]"></a>Reset_Handler</STRONG> (Thumb, 8 bytes, Stack size 0 bytes, startup_mk60d10.o(.text))
<BR>[Address Reference Count : 1]<UL><LI> startup_mk60d10.o(RESET)
</UL>
<P><STRONG><a name="[6]"></a>HardFault_Handler</STRONG> (Thumb, 2 bytes, Stack size 0 bytes, startup_mk60d10.o(.text))
<BR><BR>[Calls]<UL><LI><a href="#[6]">&gt;&gt;</a>&nbsp;&nbsp;&nbsp;HardFault_Handler
</UL>
<BR>[Called By]<UL><LI><a href="#[6]">&gt;&gt;</a>&nbsp;&nbsp;&nbsp;HardFault_Handler
</UL>
<BR>[Address Reference Count : 1]<UL><LI> startup_mk60d10.o(RESET)
</UL>
<P><STRONG><a name="[7]"></a>MemManage_Handler</STRONG> (Thumb, 2 bytes, Stack size 0 bytes, startup_mk60d10.o(.text))
<BR><BR>[Calls]<UL><LI><a href="#[7]">&gt;&gt;</a>&nbsp;&nbsp;&nbsp;MemManage_Handler
</UL>
<BR>[Called By]<UL><LI><a href="#[7]">&gt;&gt;</a>&nbsp;&nbsp;&nbsp;MemManage_Handler
</UL>
<BR>[Address Reference Count : 1]<UL><LI> startup_mk60d10.o(RESET)
</UL>
<P><STRONG><a name="[8]"></a>BusFault_Handler</STRONG> (Thumb, 2 bytes, Stack size 0 bytes, startup_mk60d10.o(.text))
<BR><BR>[Calls]<UL><LI><a href="#[8]">&gt;&gt;</a>&nbsp;&nbsp;&nbsp;BusFault_Handler
</UL>
<BR>[Called By]<UL><LI><a href="#[8]">&gt;&gt;</a>&nbsp;&nbsp;&nbsp;BusFault_Handler
</UL>
<BR>[Address Reference Count : 1]<UL><LI> startup_mk60d10.o(RESET)
</UL>
<P><STRONG><a name="[9]"></a>UsageFault_Handler</STRONG> (Thumb, 2 bytes, Stack size 0 bytes, startup_mk60d10.o(.text))
<BR><BR>[Calls]<UL><LI><a href="#[9]">&gt;&gt;</a>&nbsp;&nbsp;&nbsp;UsageFault_Handler
</UL>
<BR>[Called By]<UL><LI><a href="#[9]">&gt;&gt;</a>&nbsp;&nbsp;&nbsp;UsageFault_Handler
</UL>
<BR>[Address Reference Count : 1]<UL><LI> startup_mk60d10.o(RESET)
</UL>
<P><STRONG><a name="[a]"></a>SVC_Handler</STRONG> (Thumb, 2 bytes, Stack size 0 bytes, startup_mk60d10.o(.text))
<BR><BR>[Calls]<UL><LI><a href="#[a]">&gt;&gt;</a>&nbsp;&nbsp;&nbsp;SVC_Handler
</UL>
<BR>[Called By]<UL><LI><a href="#[a]">&gt;&gt;</a>&nbsp;&nbsp;&nbsp;SVC_Handler
</UL>
<BR>[Address Reference Count : 1]<UL><LI> startup_mk60d10.o(RESET)
</UL>
<P><STRONG><a name="[b]"></a>DebugMon_Handler</STRONG> (Thumb, 2 bytes, Stack size 0 bytes, startup_mk60d10.o(.text))
<BR><BR>[Calls]<UL><LI><a href="#[b]">&gt;&gt;</a>&nbsp;&nbsp;&nbsp;DebugMon_Handler
</UL>
<BR>[Called By]<UL><LI><a href="#[b]">&gt;&gt;</a>&nbsp;&nbsp;&nbsp;DebugMon_Handler
</UL>
<BR>[Address Reference Count : 1]<UL><LI> startup_mk60d10.o(RESET)
</UL>
<P><STRONG><a name="[c]"></a>PendSV_Handler</STRONG> (Thumb, 2 bytes, Stack size 0 bytes, startup_mk60d10.o(.text))
<BR><BR>[Calls]<UL><LI><a href="#[c]">&gt;&gt;</a>&nbsp;&nbsp;&nbsp;PendSV_Handler
</UL>
<BR>[Called By]<UL><LI><a href="#[c]">&gt;&gt;</a>&nbsp;&nbsp;&nbsp;PendSV_Handler
</UL>
<BR>[Address Reference Count : 1]<UL><LI> startup_mk60d10.o(RESET)
</UL>
<P><STRONG><a name="[d]"></a>SysTick_Handler</STRONG> (Thumb, 2 bytes, Stack size 0 bytes, startup_mk60d10.o(.text))
<BR><BR>[Calls]<UL><LI><a href="#[d]">&gt;&gt;</a>&nbsp;&nbsp;&nbsp;SysTick_Handler
</UL>
<BR>[Called By]<UL><LI><a href="#[d]">&gt;&gt;</a>&nbsp;&nbsp;&nbsp;SysTick_Handler
</UL>
<BR>[Address Reference Count : 1]<UL><LI> startup_mk60d10.o(RESET)
</UL>
<P><STRONG><a name="[2c]"></a>CAN0_Bus_Off_IRQHandler</STRONG> (Thumb, 0 bytes, Stack size 0 bytes, startup_mk60d10.o(.text))
<BR><BR>[Calls]<UL><LI><a href="#[2c]">&gt;&gt;</a>&nbsp;&nbsp;&nbsp;CAN0_Bus_Off_IRQHandler
</UL>
<BR>[Called By]<UL><LI><a href="#[2c]">&gt;&gt;</a>&nbsp;&nbsp;&nbsp;CAN0_Bus_Off_IRQHandler
</UL>
<BR>[Address Reference Count : 1]<UL><LI> startup_mk60d10.o(RESET)
</UL>
<P><STRONG><a name="[2d]"></a>CAN0_Error_IRQHandler</STRONG> (Thumb, 0 bytes, Stack size 0 bytes, startup_mk60d10.o(.text))
<BR>[Address Reference Count : 1]<UL><LI> startup_mk60d10.o(RESET)
</UL>
<P><STRONG><a name="[2b]"></a>CAN0_ORed_Message_buffer_IRQHandler</STRONG> (Thumb, 0 bytes, Stack size 0 bytes, startup_mk60d10.o(.text))
<BR>[Address Reference Count : 1]<UL><LI> startup_mk60d10.o(RESET)
</UL>
<P><STRONG><a name="[2f]"></a>CAN0_Rx_Warning_IRQHandler</STRONG> (Thumb, 0 bytes, Stack size 0 bytes, startup_mk60d10.o(.text))
<BR>[Address Reference Count : 1]<UL><LI> startup_mk60d10.o(RESET)
</UL>
<P><STRONG><a name="[2e]"></a>CAN0_Tx_Warning_IRQHandler</STRONG> (Thumb, 0 bytes, Stack size 0 bytes, startup_mk60d10.o(.text))
<BR>[Address Reference Count : 1]<UL><LI> startup_mk60d10.o(RESET)
</UL>
<P><STRONG><a name="[30]"></a>CAN0_Wake_Up_IRQHandler</STRONG> (Thumb, 0 bytes, Stack size 0 bytes, startup_mk60d10.o(.text))
<BR>[Address Reference Count : 1]<UL><LI> startup_mk60d10.o(RESET)
</UL>
<P><STRONG><a name="[34]"></a>CAN1_Bus_Off_IRQHandler</STRONG> (Thumb, 0 bytes, Stack size 0 bytes, startup_mk60d10.o(.text))
<BR>[Address Reference Count : 1]<UL><LI> startup_mk60d10.o(RESET)
</UL>
<P><STRONG><a name="[35]"></a>CAN1_Error_IRQHandler</STRONG> (Thumb, 0 bytes, Stack size 0 bytes, startup_mk60d10.o(.text))
<BR>[Address Reference Count : 1]<UL><LI> startup_mk60d10.o(RESET)
</UL>
<P><STRONG><a name="[33]"></a>CAN1_ORed_Message_buffer_IRQHandler</STRONG> (Thumb, 0 bytes, Stack size 0 bytes, startup_mk60d10.o(.text))
<BR>[Address Reference Count : 1]<UL><LI> startup_mk60d10.o(RESET)
</UL>
<P><STRONG><a name="[37]"></a>CAN1_Rx_Warning_IRQHandler</STRONG> (Thumb, 0 bytes, Stack size 0 bytes, startup_mk60d10.o(.text))
<BR>[Address Reference Count : 1]<UL><LI> startup_mk60d10.o(RESET)
</UL>
<P><STRONG><a name="[36]"></a>CAN1_Tx_Warning_IRQHandler</STRONG> (Thumb, 0 bytes, Stack size 0 bytes, startup_mk60d10.o(.text))
<BR>[Address Reference Count : 1]<UL><LI> startup_mk60d10.o(RESET)
</UL>
<P><STRONG><a name="[38]"></a>CAN1_Wake_Up_IRQHandler</STRONG> (Thumb, 0 bytes, Stack size 0 bytes, startup_mk60d10.o(.text))
<BR>[Address Reference Count : 1]<UL><LI> startup_mk60d10.o(RESET)
</UL>
<P><STRONG><a name="[49]"></a>CMP0_IRQHandler</STRONG> (Thumb, 0 bytes, Stack size 0 bytes, startup_mk60d10.o(.text))
<BR>[Address Reference Count : 1]<UL><LI> startup_mk60d10.o(RESET)
</UL>
<P><STRONG><a name="[4a]"></a>CMP1_IRQHandler</STRONG> (Thumb, 0 bytes, Stack size 0 bytes, startup_mk60d10.o(.text))
<BR>[Address Reference Count : 1]<UL><LI> startup_mk60d10.o(RESET)
</UL>
<P><STRONG><a name="[4b]"></a>CMP2_IRQHandler</STRONG> (Thumb, 0 bytes, Stack size 0 bytes, startup_mk60d10.o(.text))
<BR>[Address Reference Count : 1]<UL><LI> startup_mk60d10.o(RESET)
</UL>
<P><STRONG><a name="[4f]"></a>CMT_IRQHandler</STRONG> (Thumb, 0 bytes, Stack size 0 bytes, startup_mk60d10.o(.text))
<BR>[Address Reference Count : 1]<UL><LI> startup_mk60d10.o(RESET)
</UL>
<P><STRONG><a name="[1e]"></a>DMA_Error_IRQHandler</STRONG> (Thumb, 0 bytes, Stack size 0 bytes, startup_mk60d10.o(.text))
<BR>[Address Reference Count : 1]<UL><LI> startup_mk60d10.o(RESET)
</UL>
<P><STRONG><a name="[76]"></a>DefaultISR</STRONG> (Thumb, 0 bytes, Stack size 0 bytes, startup_mk60d10.o(.text))
<BR>[Address Reference Count : 1]<UL><LI> startup_mk60d10.o(RESET)
</UL>
<P><STRONG><a name="[59]"></a>ENET_1588_Timer_IRQHandler</STRONG> (Thumb, 0 bytes, Stack size 0 bytes, startup_mk60d10.o(.text))
<BR>[Address Reference Count : 1]<UL><LI> startup_mk60d10.o(RESET)
</UL>
<P><STRONG><a name="[5c]"></a>ENET_Error_IRQHandler</STRONG> (Thumb, 0 bytes, Stack size 0 bytes, startup_mk60d10.o(.text))
<BR>[Address Reference Count : 1]<UL><LI> startup_mk60d10.o(RESET)
</UL>
<P><STRONG><a name="[5b]"></a>ENET_Receive_IRQHandler</STRONG> (Thumb, 0 bytes, Stack size 0 bytes, startup_mk60d10.o(.text))
<BR>[Address Reference Count : 1]<UL><LI> startup_mk60d10.o(RESET)
</UL>
<P><STRONG><a name="[5a]"></a>ENET_Transmit_IRQHandler</STRONG> (Thumb, 0 bytes, Stack size 0 bytes, startup_mk60d10.o(.text))
<BR>[Address Reference Count : 1]<UL><LI> startup_mk60d10.o(RESET)
</UL>
<P><STRONG><a name="[20]"></a>FTFL_IRQHandler</STRONG> (Thumb, 0 bytes, Stack size 0 bytes, startup_mk60d10.o(.text))
<BR>[Address Reference Count : 1]<UL><LI> startup_mk60d10.o(RESET)
</UL>
<P><STRONG><a name="[26]"></a>I2C0_IRQHandler</STRONG> (Thumb, 0 bytes, Stack size 0 bytes, startup_mk60d10.o(.text))
<BR>[Address Reference Count : 1]<UL><LI> startup_mk60d10.o(RESET)
</UL>
<P><STRONG><a name="[27]"></a>I2C1_IRQHandler</STRONG> (Thumb, 0 bytes, Stack size 0 bytes, startup_mk60d10.o(.text))
<BR>[Address Reference Count : 1]<UL><LI> startup_mk60d10.o(RESET)
</UL>
<P><STRONG><a name="[32]"></a>I2S0_Rx_IRQHandler</STRONG> (Thumb, 0 bytes, Stack size 0 bytes, startup_mk60d10.o(.text))
<BR>[Address Reference Count : 1]<UL><LI> startup_mk60d10.o(RESET)
</UL>
<P><STRONG><a name="[31]"></a>I2S0_Tx_IRQHandler</STRONG> (Thumb, 0 bytes, Stack size 0 bytes, startup_mk60d10.o(.text))
<BR>[Address Reference Count : 1]<UL><LI> startup_mk60d10.o(RESET)
</UL>
<P><STRONG><a name="[23]"></a>LLW_IRQHandler</STRONG> (Thumb, 0 bytes, Stack size 0 bytes, startup_mk60d10.o(.text))
<BR>[Address Reference Count : 1]<UL><LI> startup_mk60d10.o(RESET)
</UL>
<P><STRONG><a name="[63]"></a>LPTimer_IRQHandler</STRONG> (Thumb, 0 bytes, Stack size 0 bytes, startup_mk60d10.o(.text))
<BR>[Address Reference Count : 1]<UL><LI> startup_mk60d10.o(RESET)
</UL>
<P><STRONG><a name="[22]"></a>LVD_LVW_IRQHandler</STRONG> (Thumb, 0 bytes, Stack size 0 bytes, startup_mk60d10.o(.text))
<BR>[Address Reference Count : 1]<UL><LI> startup_mk60d10.o(RESET)
</UL>
<P><STRONG><a name="[62]"></a>MCG_IRQHandler</STRONG> (Thumb, 0 bytes, Stack size 0 bytes, startup_mk60d10.o(.text))
<BR>[Address Reference Count : 1]<UL><LI> startup_mk60d10.o(RESET)
</UL>
<P><STRONG><a name="[1f]"></a>MCM_IRQHandler</STRONG> (Thumb, 0 bytes, Stack size 0 bytes, startup_mk60d10.o(.text))
<BR>[Address Reference Count : 1]<UL><LI> startup_mk60d10.o(RESET)
</UL>
<P><STRONG><a name="[56]"></a>PDB0_IRQHandler</STRONG> (Thumb, 0 bytes, Stack size 0 bytes, startup_mk60d10.o(.text))
<BR>[Address Reference Count : 1]<UL><LI> startup_mk60d10.o(RESET)
</UL>
<P><STRONG><a name="[25]"></a>RNG_IRQHandler</STRONG> (Thumb, 0 bytes, Stack size 0 bytes, startup_mk60d10.o(.text))
<BR>[Address Reference Count : 1]<UL><LI> startup_mk60d10.o(RESET)
</UL>
<P><STRONG><a name="[50]"></a>RTC_IRQHandler</STRONG> (Thumb, 0 bytes, Stack size 0 bytes, startup_mk60d10.o(.text))
<BR>[Address Reference Count : 1]<UL><LI> startup_mk60d10.o(RESET)
</UL>
<P><STRONG><a name="[51]"></a>RTC_Seconds_IRQHandler</STRONG> (Thumb, 0 bytes, Stack size 0 bytes, startup_mk60d10.o(.text))
<BR>[Address Reference Count : 1]<UL><LI> startup_mk60d10.o(RESET)
</UL>
<P><STRONG><a name="[21]"></a>Read_Collision_IRQHandler</STRONG> (Thumb, 0 bytes, Stack size 0 bytes, startup_mk60d10.o(.text))
<BR>[Address Reference Count : 1]<UL><LI> startup_mk60d10.o(RESET)
</UL>
<P><STRONG><a name="[64]"></a>Reserved102_IRQHandler</STRONG> (Thumb, 0 bytes, Stack size 0 bytes, startup_mk60d10.o(.text))
<BR>[Address Reference Count : 1]<UL><LI> startup_mk60d10.o(RESET)
</UL>
<P><STRONG><a name="[6a]"></a>Reserved108_IRQHandler</STRONG> (Thumb, 0 bytes, Stack size 0 bytes, startup_mk60d10.o(.text))
<BR>[Address Reference Count : 1]<UL><LI> startup_mk60d10.o(RESET)
</UL>
<P><STRONG><a name="[6b]"></a>Reserved109_IRQHandler</STRONG> (Thumb, 0 bytes, Stack size 0 bytes, startup_mk60d10.o(.text))
<BR>[Address Reference Count : 1]<UL><LI> startup_mk60d10.o(RESET)
</UL>
<P><STRONG><a name="[6d]"></a>Reserved111_IRQHandler</STRONG> (Thumb, 0 bytes, Stack size 0 bytes, startup_mk60d10.o(.text))
<BR>[Address Reference Count : 1]<UL><LI> startup_mk60d10.o(RESET)
</UL>
<P><STRONG><a name="[6e]"></a>Reserved112_IRQHandler</STRONG> (Thumb, 0 bytes, Stack size 0 bytes, startup_mk60d10.o(.text))
<BR>[Address Reference Count : 1]<UL><LI> startup_mk60d10.o(RESET)
</UL>
<P><STRONG><a name="[6f]"></a>Reserved113_IRQHandler</STRONG> (Thumb, 0 bytes, Stack size 0 bytes, startup_mk60d10.o(.text))
<BR>[Address Reference Count : 1]<UL><LI> startup_mk60d10.o(RESET)
</UL>
<P><STRONG><a name="[70]"></a>Reserved114_IRQHandler</STRONG> (Thumb, 0 bytes, Stack size 0 bytes, startup_mk60d10.o(.text))
<BR>[Address Reference Count : 1]<UL><LI> startup_mk60d10.o(RESET)
</UL>
<P><STRONG><a name="[71]"></a>Reserved115_IRQHandler</STRONG> (Thumb, 0 bytes, Stack size 0 bytes, startup_mk60d10.o(.text))
<BR>[Address Reference Count : 1]<UL><LI> startup_mk60d10.o(RESET)
</UL>
<P><STRONG><a name="[72]"></a>Reserved116_IRQHandler</STRONG> (Thumb, 0 bytes, Stack size 0 bytes, startup_mk60d10.o(.text))
<BR>[Address Reference Count : 1]<UL><LI> startup_mk60d10.o(RESET)
</UL>
<P><STRONG><a name="[73]"></a>Reserved117_IRQHandler</STRONG> (Thumb, 0 bytes, Stack size 0 bytes, startup_mk60d10.o(.text))
<BR>[Address Reference Count : 1]<UL><LI> startup_mk60d10.o(RESET)
</UL>
<P><STRONG><a name="[74]"></a>Reserved118_IRQHandler</STRONG> (Thumb, 0 bytes, Stack size 0 bytes, startup_mk60d10.o(.text))
<BR>[Address Reference Count : 1]<UL><LI> startup_mk60d10.o(RESET)
</UL>
<P><STRONG><a name="[75]"></a>Reserved119_IRQHandler</STRONG> (Thumb, 0 bytes, Stack size 0 bytes, startup_mk60d10.o(.text))
<BR>[Address Reference Count : 1]<UL><LI> startup_mk60d10.o(RESET)
</UL>
<P><STRONG><a name="[39]"></a>Reserved59_IRQHandler</STRONG> (Thumb, 0 bytes, Stack size 0 bytes, startup_mk60d10.o(.text))
<BR>[Address Reference Count : 1]<UL><LI> startup_mk60d10.o(RESET)
</UL>
<P><STRONG><a name="[5d]"></a>Reserved95_IRQHandler</STRONG> (Thumb, 0 bytes, Stack size 0 bytes, startup_mk60d10.o(.text))
<BR>[Address Reference Count : 1]<UL><LI> startup_mk60d10.o(RESET)
</UL>
<P><STRONG><a name="[5e]"></a>SDHC_IRQHandler</STRONG> (Thumb, 0 bytes, Stack size 0 bytes, startup_mk60d10.o(.text))
<BR>[Address Reference Count : 1]<UL><LI> startup_mk60d10.o(RESET)
</UL>
<P><STRONG><a name="[6c]"></a>SWI_IRQHandler</STRONG> (Thumb, 0 bytes, Stack size 0 bytes, startup_mk60d10.o(.text))
<BR>[Address Reference Count : 1]<UL><LI> startup_mk60d10.o(RESET)
</UL>
<P><STRONG><a name="[61]"></a>TSI0_IRQHandler</STRONG> (Thumb, 0 bytes, Stack size 0 bytes, startup_mk60d10.o(.text))
<BR>[Address Reference Count : 1]<UL><LI> startup_mk60d10.o(RESET)
</UL>
<P><STRONG><a name="[3c]"></a>UART0_ERR_IRQHandler</STRONG> (Thumb, 0 bytes, Stack size 0 bytes, startup_mk60d10.o(.text))
<BR>[Address Reference Count : 1]<UL><LI> startup_mk60d10.o(RESET)
</UL>
<P><STRONG><a name="[3a]"></a>UART0_LON_IRQHandler</STRONG> (Thumb, 0 bytes, Stack size 0 bytes, startup_mk60d10.o(.text))
<BR>[Address Reference Count : 1]<UL><LI> startup_mk60d10.o(RESET)
</UL>
<P><STRONG><a name="[3e]"></a>UART1_ERR_IRQHandler</STRONG> (Thumb, 0 bytes, Stack size 0 bytes, startup_mk60d10.o(.text))
<BR>[Address Reference Count : 1]<UL><LI> startup_mk60d10.o(RESET)
</UL>
<P><STRONG><a name="[40]"></a>UART2_ERR_IRQHandler</STRONG> (Thumb, 0 bytes, Stack size 0 bytes, startup_mk60d10.o(.text))
<BR>[Address Reference Count : 1]<UL><LI> startup_mk60d10.o(RESET)
</UL>
<P><STRONG><a name="[42]"></a>UART3_ERR_IRQHandler</STRONG> (Thumb, 0 bytes, Stack size 0 bytes, startup_mk60d10.o(.text))
<BR>[Address Reference Count : 1]<UL><LI> startup_mk60d10.o(RESET)
</UL>
<P><STRONG><a name="[44]"></a>UART4_ERR_IRQHandler</STRONG> (Thumb, 0 bytes, Stack size 0 bytes, startup_mk60d10.o(.text))
<BR>[Address Reference Count : 1]<UL><LI> startup_mk60d10.o(RESET)
</UL>
<P><STRONG><a name="[46]"></a>UART5_ERR_IRQHandler</STRONG> (Thumb, 0 bytes, Stack size 0 bytes, startup_mk60d10.o(.text))
<BR>[Address Reference Count : 1]<UL><LI> startup_mk60d10.o(RESET)
</UL>
<P><STRONG><a name="[57]"></a>USB0_IRQHandler</STRONG> (Thumb, 0 bytes, Stack size 0 bytes, startup_mk60d10.o(.text))
<BR>[Address Reference Count : 1]<UL><LI> startup_mk60d10.o(RESET)
</UL>
<P><STRONG><a name="[58]"></a>USBDCD_IRQHandler</STRONG> (Thumb, 0 bytes, Stack size 0 bytes, startup_mk60d10.o(.text))
<BR>[Address Reference Count : 1]<UL><LI> startup_mk60d10.o(RESET)
</UL>
<P><STRONG><a name="[15e]"></a>__user_initial_stackheap</STRONG> (Thumb, 0 bytes, Stack size unknown bytes, startup_mk60d10.o(.text))
<BR><BR>[Called By]<UL><LI><a href="#[ac]">&gt;&gt;</a>&nbsp;&nbsp;&nbsp;__user_setup_stackheap
</UL>

<P><STRONG><a name="[1a2]"></a>ADC_IsConversionCompleted</STRONG> (Thumb, 26 bytes, Stack size 0 bytes, adc.o(.text), UNUSED)

<P><STRONG><a name="[104]"></a>ADC_ITDMAConfig</STRONG> (Thumb, 170 bytes, Stack size 16 bytes, adc.o(.text), UNUSED)
<BR><BR>[Called By]<UL><LI><a href="#[103]">&gt;&gt;</a>&nbsp;&nbsp;&nbsp;ADC_Calibration
</UL>

<P><STRONG><a name="[105]"></a>ADC_Init</STRONG> (Thumb, 556 bytes, Stack size 8 bytes, adc.o(.text), UNUSED)
<BR><BR>[Calls]<UL><LI><a href="#[103]">&gt;&gt;</a>&nbsp;&nbsp;&nbsp;ADC_Calibration
</UL>
<BR>[Called By]<UL><LI><a href="#[106]">&gt;&gt;</a>&nbsp;&nbsp;&nbsp;ADC_QuickInit
</UL>

<P><STRONG><a name="[1a3]"></a>ADC_EnableHardwareTrigger</STRONG> (Thumb, 46 bytes, Stack size 0 bytes, adc.o(.text), UNUSED)

<P><STRONG><a name="[109]"></a>ADC_ChlMuxConfig</STRONG> (Thumb, 48 bytes, Stack size 0 bytes, adc.o(.text), UNUSED)
<BR><BR>[Called By]<UL><LI><a href="#[106]">&gt;&gt;</a>&nbsp;&nbsp;&nbsp;ADC_QuickInit
</UL>

<P><STRONG><a name="[106]"></a>ADC_QuickInit</STRONG> (Thumb, 146 bytes, Stack size 40 bytes, adc.o(.text), UNUSED)
<BR><BR>[Calls]<UL><LI><a href="#[108]">&gt;&gt;</a>&nbsp;&nbsp;&nbsp;PORT_PinPullConfig
<LI><a href="#[107]">&gt;&gt;</a>&nbsp;&nbsp;&nbsp;PORT_PinMuxConfig
<LI><a href="#[109]">&gt;&gt;</a>&nbsp;&nbsp;&nbsp;ADC_ChlMuxConfig
<LI><a href="#[105]">&gt;&gt;</a>&nbsp;&nbsp;&nbsp;ADC_Init
</UL>

<P><STRONG><a name="[10b]"></a>ADC_StartConversion</STRONG> (Thumb, 54 bytes, Stack size 8 bytes, adc.o(.text), UNUSED)
<BR><BR>[Called By]<UL><LI><a href="#[10a]">&gt;&gt;</a>&nbsp;&nbsp;&nbsp;ADC_QuickReadValue
</UL>

<P><STRONG><a name="[10c]"></a>ADC_ReadValue</STRONG> (Thumb, 16 bytes, Stack size 0 bytes, adc.o(.text), UNUSED)
<BR><BR>[Called By]<UL><LI><a href="#[10a]">&gt;&gt;</a>&nbsp;&nbsp;&nbsp;ADC_QuickReadValue
</UL>

<P><STRONG><a name="[10a]"></a>ADC_QuickReadValue</STRONG> (Thumb, 54 bytes, Stack size 20 bytes, adc.o(.text), UNUSED)
<BR><BR>[Calls]<UL><LI><a href="#[10c]">&gt;&gt;</a>&nbsp;&nbsp;&nbsp;ADC_ReadValue
<LI><a href="#[10b]">&gt;&gt;</a>&nbsp;&nbsp;&nbsp;ADC_StartConversion
</UL>

<P><STRONG><a name="[1a4]"></a>ADC_CallbackInstall</STRONG> (Thumb, 10 bytes, Stack size 0 bytes, adc.o(.text), UNUSED)

<P><STRONG><a name="[47]"></a>ADC0_IRQHandler</STRONG> (Thumb, 16 bytes, Stack size 8 bytes, adc.o(.text))
<BR><BR>[Stack]<UL><LI>Max Depth = 8<LI>Call Chain = ADC0_IRQHandler
</UL>
<BR>[Address Reference Count : 1]<UL><LI> startup_mk60d10.o(RESET)
</UL>
<P><STRONG><a name="[48]"></a>ADC1_IRQHandler</STRONG> (Thumb, 16 bytes, Stack size 8 bytes, adc.o(.text))
<BR><BR>[Stack]<UL><LI>Max Depth = 8<LI>Call Chain = ADC1_IRQHandler
</UL>
<BR>[Address Reference Count : 1]<UL><LI> startup_mk60d10.o(RESET)
</UL>
<P><STRONG><a name="[d7]"></a>CMT_PWM_QuickInit</STRONG> (Thumb, 140 bytes, Stack size 16 bytes, cmt.o(.text))
<BR><BR>[Stack]<UL><LI>Max Depth = 24<LI>Call Chain = CMT_PWM_QuickInit &rArr; CLOCK_GetClockFrequency
</UL>
<BR>[Calls]<UL><LI><a href="#[10d]">&gt;&gt;</a>&nbsp;&nbsp;&nbsp;CLOCK_GetClockFrequency
<LI><a href="#[107]">&gt;&gt;</a>&nbsp;&nbsp;&nbsp;PORT_PinMuxConfig
</UL>
<BR>[Called By]<UL><LI><a href="#[b6]">&gt;&gt;</a>&nbsp;&nbsp;&nbsp;Init
</UL>

<P><STRONG><a name="[d8]"></a>CMT_PWM_ChangDuty</STRONG> (Thumb, 44 bytes, Stack size 0 bytes, cmt.o(.text))
<BR><BR>[Called By]<UL><LI><a href="#[e9]">&gt;&gt;</a>&nbsp;&nbsp;&nbsp;Servo_Test
<LI><a href="#[cd]">&gt;&gt;</a>&nbsp;&nbsp;&nbsp;Servo_Control
<LI><a href="#[ce]">&gt;&gt;</a>&nbsp;&nbsp;&nbsp;Back
<LI><a href="#[b6]">&gt;&gt;</a>&nbsp;&nbsp;&nbsp;Init
</UL>

<P><STRONG><a name="[10d]"></a>CLOCK_GetClockFrequency</STRONG> (Thumb, 124 bytes, Stack size 8 bytes, common.o(.text))
<BR><BR>[Stack]<UL><LI>Max Depth = 8<LI>Call Chain = CLOCK_GetClockFrequency
</UL>
<BR>[Called By]<UL><LI><a href="#[d5]">&gt;&gt;</a>&nbsp;&nbsp;&nbsp;UART_QuickInit
<LI><a href="#[d9]">&gt;&gt;</a>&nbsp;&nbsp;&nbsp;FTM_PWM_QuickInit
<LI><a href="#[d7]">&gt;&gt;</a>&nbsp;&nbsp;&nbsp;CMT_PWM_QuickInit
<LI><a href="#[133]">&gt;&gt;</a>&nbsp;&nbsp;&nbsp;SPI_CTARConfig
<LI><a href="#[12f]">&gt;&gt;</a>&nbsp;&nbsp;&nbsp;WDOG_Init
<LI><a href="#[11e]">&gt;&gt;</a>&nbsp;&nbsp;&nbsp;PIT_Init
</UL>

<P><STRONG><a name="[1a5]"></a>QuickInitEncode</STRONG> (Thumb, 6 bytes, Stack size 0 bytes, common.o(.text), UNUSED)

<P><STRONG><a name="[1a6]"></a>QuickInitDecode</STRONG> (Thumb, 10 bytes, Stack size 12 bytes, common.o(.text), UNUSED)

<P><STRONG><a name="[110]"></a>DWT_DelayInit</STRONG> (Thumb, 26 bytes, Stack size 0 bytes, common.o(.text))
<BR><BR>[Called By]<UL><LI><a href="#[d3]">&gt;&gt;</a>&nbsp;&nbsp;&nbsp;DelayInit
</UL>

<P><STRONG><a name="[10f]"></a>DWT_DelayUs</STRONG> (Thumb, 62 bytes, Stack size 12 bytes, common.o(.text))
<BR><BR>[Stack]<UL><LI>Max Depth = 12<LI>Call Chain = DWT_DelayUs
</UL>
<BR>[Called By]<UL><LI><a href="#[111]">&gt;&gt;</a>&nbsp;&nbsp;&nbsp;DelayUs
<LI><a href="#[10e]">&gt;&gt;</a>&nbsp;&nbsp;&nbsp;DWT_DelayMs
</UL>

<P><STRONG><a name="[10e]"></a>DWT_DelayMs</STRONG> (Thumb, 18 bytes, Stack size 8 bytes, common.o(.text))
<BR><BR>[Stack]<UL><LI>Max Depth = 20<LI>Call Chain = DWT_DelayMs &rArr; DWT_DelayUs
</UL>
<BR>[Calls]<UL><LI><a href="#[10f]">&gt;&gt;</a>&nbsp;&nbsp;&nbsp;DWT_DelayUs
</UL>
<BR>[Called By]<UL><LI><a href="#[f0]">&gt;&gt;</a>&nbsp;&nbsp;&nbsp;DelayMs
</UL>

<P><STRONG><a name="[d3]"></a>DelayInit</STRONG> (Thumb, 8 bytes, Stack size 4 bytes, common.o(.text))
<BR><BR>[Stack]<UL><LI>Max Depth = 4<LI>Call Chain = DelayInit
</UL>
<BR>[Calls]<UL><LI><a href="#[110]">&gt;&gt;</a>&nbsp;&nbsp;&nbsp;DWT_DelayInit
</UL>
<BR>[Called By]<UL><LI><a href="#[b6]">&gt;&gt;</a>&nbsp;&nbsp;&nbsp;Init
</UL>

<P><STRONG><a name="[f0]"></a>DelayMs</STRONG> (Thumb, 12 bytes, Stack size 8 bytes, common.o(.text))
<BR><BR>[Stack]<UL><LI>Max Depth = 28<LI>Call Chain = DelayMs &rArr; DWT_DelayMs &rArr; DWT_DelayUs
</UL>
<BR>[Calls]<UL><LI><a href="#[10e]">&gt;&gt;</a>&nbsp;&nbsp;&nbsp;DWT_DelayMs
</UL>
[...]
<LI><a href="#[aa]">&gt;&gt;</a>&nbsp;&nbsp;&nbsp;_get_lc_numeric
</UL>

<P><STRONG><a name="[b5]"></a>_sys_exit</STRONG> (Thumb, 8 bytes, Stack size 0 bytes, sys_exit.o(.text))
<BR><BR>[Called By]<UL><LI><a href="#[b4]">&gt;&gt;</a>&nbsp;&nbsp;&nbsp;__rt_exit_exit
</UL>

<P><STRONG><a name="[1da]"></a>__I$use$semihosting</STRONG> (Thumb, 0 bytes, Stack size 0 bytes, use_no_semi.o(.text), UNUSED)

<P><STRONG><a name="[1db]"></a>__use_no_semihosting_swi</STRONG> (Thumb, 2 bytes, Stack size 0 bytes, use_no_semi.o(.text), UNUSED)

<P><STRONG><a name="[1dc]"></a>__semihosting_library_function</STRONG> (Thumb, 0 bytes, Stack size 0 bytes, indicate_semi.o(.text), UNUSED)

<P><STRONG><a name="[153]"></a>_btod_d2e</STRONG> (Thumb, 62 bytes, Stack size 0 bytes, btod.o(CL$$btod_d2e))
<BR><BR>[Calls]<UL><LI><a href="#[160]">&gt;&gt;</a>&nbsp;&nbsp;&nbsp;_d2e_norm_op1
</UL>
<BR>[Called By]<UL><LI><a href="#[151]">&gt;&gt;</a>&nbsp;&nbsp;&nbsp;_fp_digits
</UL>

<P><STRONG><a name="[161]"></a>_d2e_denorm_low</STRONG> (Thumb, 70 bytes, Stack size 0 bytes, btod.o(CL$$btod_d2e_denorm_low))
<BR><BR>[Called By]<UL><LI><a href="#[160]">&gt;&gt;</a>&nbsp;&nbsp;&nbsp;_d2e_norm_op1
</UL>

<P><STRONG><a name="[160]"></a>_d2e_norm_op1</STRONG> (Thumb, 96 bytes, Stack size 0 bytes, btod.o(CL$$btod_d2e_norm_op1))
<BR><BR>[Calls]<UL><LI><a href="#[161]">&gt;&gt;</a>&nbsp;&nbsp;&nbsp;_d2e_denorm_low
</UL>
<BR>[Called By]<UL><LI><a href="#[153]">&gt;&gt;</a>&nbsp;&nbsp;&nbsp;_btod_d2e
</UL>

<P><STRONG><a name="[162]"></a>__btod_div_common</STRONG> (Thumb, 696 bytes, Stack size 24 bytes, btod.o(CL$$btod_div_common))
<BR><BR>[Stack]<UL><LI>Max Depth = 24<LI>Call Chain = __btod_div_common
</UL>
<BR>[Called By]<UL><LI><a href="#[154]">&gt;&gt;</a>&nbsp;&nbsp;&nbsp;_btod_ediv
</UL>

<P><STRONG><a name="[163]"></a>_e2e</STRONG> (Thumb, 198 bytes, Stack size 24 bytes, btod.o(CL$$btod_e2e))
<BR><BR>[Stack]<UL><LI>Max Depth = 24<LI>Call Chain = _e2e
</UL>
<BR>[Called By]<UL><LI><a href="#[155]">&gt;&gt;</a>&nbsp;&nbsp;&nbsp;_btod_emul
<LI><a href="#[154]">&gt;&gt;</a>&nbsp;&nbsp;&nbsp;_btod_ediv
</UL>

<P><STRONG><a name="[154]"></a>_btod_ediv</STRONG> (Thumb, 40 bytes, Stack size 24 bytes, btod.o(CL$$btod_ediv))
<BR><BR>[Stack]<UL><LI>Max Depth = 48<LI>Call Chain = _btod_ediv &rArr; _e2e
</UL>
<BR>[Calls]<UL><LI><a href="#[163]">&gt;&gt;</a>&nbsp;&nbsp;&nbsp;_e2e
<LI><a href="#[162]">&gt;&gt;</a>&nbsp;&nbsp;&nbsp;__btod_div_common
</UL>
<BR>[Called By]<UL><LI><a href="#[152]">&gt;&gt;</a>&nbsp;&nbsp;&nbsp;_btod_etento
<LI><a href="#[151]">&gt;&gt;</a>&nbsp;&nbsp;&nbsp;_fp_digits
</UL>

<P><STRONG><a name="[155]"></a>_btod_emul</STRONG> (Thumb, 40 bytes, Stack size 24 bytes, btod.o(CL$$btod_emul))
<BR><BR>[Stack]<UL><LI>Max Depth = 48<LI>Call Chain = _btod_emul &rArr; _e2e
</UL>
<BR>[Calls]<UL><LI><a href="#[164]">&gt;&gt;</a>&nbsp;&nbsp;&nbsp;__btod_mult_common
<LI><a href="#[163]">&gt;&gt;</a>&nbsp;&nbsp;&nbsp;_e2e
</UL>
<BR>[Called By]<UL><LI><a href="#[152]">&gt;&gt;</a>&nbsp;&nbsp;&nbsp;_btod_etento
<LI><a href="#[151]">&gt;&gt;</a>&nbsp;&nbsp;&nbsp;_fp_digits
</UL>

<P><STRONG><a name="[164]"></a>__btod_mult_common</STRONG> (Thumb, 580 bytes, Stack size 16 bytes, btod.o(CL$$btod_mult_common))
<BR><BR>[Stack]<UL><LI>Max Depth = 16<LI>Call Chain = __btod_mult_common
</UL>
<BR>[Called By]<UL><LI><a href="#[155]">&gt;&gt;</a>&nbsp;&nbsp;&nbsp;_btod_emul
</UL>

<P><STRONG><a name="[157]"></a>__ARM_fpclassify</STRONG> (Thumb, 40 bytes, Stack size 0 bytes, fpclassify.o(i.__ARM_fpclassify))
<BR><BR>[Called By]<UL><LI><a href="#[159]">&gt;&gt;</a>&nbsp;&nbsp;&nbsp;_printf_fp_hex_real
<LI><a href="#[156]">&gt;&gt;</a>&nbsp;&nbsp;&nbsp;_printf_fp_dec_real
</UL>

<P><STRONG><a name="[147]"></a>_is_digit</STRONG> (Thumb, 14 bytes, Stack size 0 bytes, __printf_wp.o(i._is_digit))
<BR><BR>[Called By]<UL><LI><a href="#[146]">&gt;&gt;</a>&nbsp;&nbsp;&nbsp;__printf
</UL>

<P><STRONG><a name="[aa]"></a>_get_lc_numeric</STRONG> (Thumb, 44 bytes, Stack size 8 bytes, lc_numeric_c.o(locale$$code))
<BR><BR>[Stack]<UL><LI>Max Depth = 8<LI>Call Chain = _get_lc_numeric
</UL>
<BR>[Calls]<UL><LI><a href="#[165]">&gt;&gt;</a>&nbsp;&nbsp;&nbsp;strcmp
</UL>
<BR>[Called By]<UL><LI><a href="#[a9]">&gt;&gt;</a>&nbsp;&nbsp;&nbsp;__rt_lib_init_lc_numeric_2
</UL>

<P><STRONG><a name="[7f]"></a>_get_lc_ctype</STRONG> (Thumb, 44 bytes, Stack size 8 bytes, lc_ctype_c.o(locale$$code))
<BR><BR>[Stack]<UL><LI>Max Depth = 8<LI>Call Chain = _get_lc_ctype
</UL>
<BR>[Calls]<UL><LI><a href="#[165]">&gt;&gt;</a>&nbsp;&nbsp;&nbsp;strcmp
</UL>
<BR>[Called By]<UL><LI><a href="#[a8]">&gt;&gt;</a>&nbsp;&nbsp;&nbsp;__rt_lib_init_lc_ctype_2
</UL>
<BR>[Address Reference Count : 1]<UL><LI> rt_ctype_table.o(.text)
</UL>
<P><STRONG><a name="[e5]"></a>__aeabi_d2f</STRONG> (Thumb, 0 bytes, Stack size 32 bytes, d2f.o(x$fpl$d2f))
<BR><BR>[Stack]<UL><LI>Max Depth = 32<LI>Call Chain = __aeabi_d2f
</UL>
<BR>[Called By]<UL><LI><a href="#[e0]">&gt;&gt;</a>&nbsp;&nbsp;&nbsp;PID_Test
</UL>

<P><STRONG><a name="[166]"></a>_d2f</STRONG> (Thumb, 98 bytes, Stack size 32 bytes, d2f.o(x$fpl$d2f), UNUSED)
<BR><BR>[Calls]<UL><LI><a href="#[167]">&gt;&gt;</a>&nbsp;&nbsp;&nbsp;__fpl_fretinf
<LI><a href="#[168]">&gt;&gt;</a>&nbsp;&nbsp;&nbsp;__fpl_dnaninf
</UL>

<P><STRONG><a name="[102]"></a>__aeabi_dadd</STRONG> (Thumb, 0 bytes, Stack size 16 bytes, daddsub_clz.o(x$fpl$dadd))
<BR><BR>[Stack]<UL><LI>Max Depth = 16<LI>Call Chain = __aeabi_dadd
</UL>
<BR>[Called By]<UL><LI><a href="#[c9]">&gt;&gt;</a>&nbsp;&nbsp;&nbsp;Turn
<LI><a href="#[c8]">&gt;&gt;</a>&nbsp;&nbsp;&nbsp;GotoTarget
</UL>

<P><STRONG><a name="[169]"></a>_dadd</STRONG> (Thumb, 332 bytes, Stack size 16 bytes, daddsub_clz.o(x$fpl$dadd), UNUSED)
<BR><BR>[Calls]<UL><LI><a href="#[16a]">&gt;&gt;</a>&nbsp;&nbsp;&nbsp;_dsub1
<LI><a href="#[16b]">&gt;&gt;</a>&nbsp;&nbsp;&nbsp;__fpl_dretinf
<LI><a href="#[168]">&gt;&gt;</a>&nbsp;&nbsp;&nbsp;__fpl_dnaninf
</UL>

<P><STRONG><a name="[100]"></a>__aeabi_d2uiz</STRONG> (Thumb, 0 bytes, Stack size 32 bytes, dfixu.o(x$fpl$dfixu))
<BR><BR>[Stack]<UL><LI>Max Depth = 32<LI>Call Chain = __aeabi_d2uiz
</UL>
<BR>[Called By]<UL><LI><a href="#[ff]">&gt;&gt;</a>&nbsp;&nbsp;&nbsp;speed_tran
<LI><a href="#[c9]">&gt;&gt;</a>&nbsp;&nbsp;&nbsp;Turn
<LI><a href="#[c8]">&gt;&gt;</a>&nbsp;&nbsp;&nbsp;GotoTarget
</UL>

<P><STRONG><a name="[16c]"></a>_dfixu</STRONG> (Thumb, 90 bytes, Stack size 32 bytes, dfixu.o(x$fpl$dfixu), UNUSED)
<BR><BR>[Calls]<UL><LI><a href="#[168]">&gt;&gt;</a>&nbsp;&nbsp;&nbsp;__fpl_dnaninf
</UL>

<P><STRONG><a name="[101]"></a>__aeabi_i2d</STRONG> (Thumb, 0 bytes, Stack size 0 bytes, dflt_clz.o(x$fpl$dflt))
<BR><BR>[Called By]<UL><LI><a href="#[c9]">&gt;&gt;</a>&nbsp;&nbsp;&nbsp;Turn
<LI><a href="#[c8]">&gt;&gt;</a>&nbsp;&nbsp;&nbsp;GotoTarget
</UL>

<P><STRONG><a name="[1dd]"></a>_dflt</STRONG> (Thumb, 46 bytes, Stack size 0 bytes, dflt_clz.o(x$fpl$dflt), UNUSED)

<P><STRONG><a name="[e3]"></a>__aeabi_ui2d</STRONG> (Thumb, 0 bytes, Stack size 0 bytes, dflt_clz.o(x$fpl$dfltu))
<BR><BR>[Called By]<UL><LI><a href="#[ff]">&gt;&gt;</a>&nbsp;&nbsp;&nbsp;speed_tran
<LI><a href="#[e0]">&gt;&gt;</a>&nbsp;&nbsp;&nbsp;PID_Test
</UL>

<P><STRONG><a name="[1de]"></a>_dfltu</STRONG> (Thumb, 38 bytes, Stack size 0 bytes, dflt_clz.o(x$fpl$dfltu), UNUSED)

<P><STRONG><a name="[e4]"></a>__aeabi_dmul</STRONG> (Thumb, 0 bytes, Stack size 32 bytes, dmul.o(x$fpl$dmul))
<BR><BR>[Stack]<UL><LI>Max Depth = 32<LI>Call Chain = __aeabi_dmul
</UL>
<BR>[Called By]<UL><LI><a href="#[ff]">&gt;&gt;</a>&nbsp;&nbsp;&nbsp;speed_tran
<LI><a href="#[e0]">&gt;&gt;</a>&nbsp;&nbsp;&nbsp;PID_Test
<LI><a href="#[c9]">&gt;&gt;</a>&nbsp;&nbsp;&nbsp;Turn
<LI><a href="#[c8]">&gt;&gt;</a>&nbsp;&nbsp;&nbsp;GotoTarget
</UL>

<P><STRONG><a name="[16d]"></a>_dmul</STRONG> (Thumb, 332 bytes, Stack size 32 bytes, dmul.o(x$fpl$dmul), UNUSED)
<BR><BR>[Calls]<UL><LI><a href="#[16b]">&gt;&gt;</a>&nbsp;&nbsp;&nbsp;__fpl_dretinf
<LI><a href="#[168]">&gt;&gt;</a>&nbsp;&nbsp;&nbsp;__fpl_dnaninf
</UL>

<P><STRONG><a name="[168]"></a>__fpl_dnaninf</STRONG> (Thumb, 156 bytes, Stack size 16 bytes, dnaninf.o(x$fpl$dnaninf), UNUSED)
<BR><BR>[Called By]<UL><LI><a href="#[16d]">&gt;&gt;</a>&nbsp;&nbsp;&nbsp;_dmul
<LI><a href="#[16c]">&gt;&gt;</a>&nbsp;&nbsp;&nbsp;_dfixu
<LI><a href="#[16e]">&gt;&gt;</a>&nbsp;&nbsp;&nbsp;_dsub
<LI><a href="#[169]">&gt;&gt;</a>&nbsp;&nbsp;&nbsp;_dadd
<LI><a href="#[166]">&gt;&gt;</a>&nbsp;&nbsp;&nbsp;_d2f
</UL>

<P><STRONG><a name="[16b]"></a>__fpl_dretinf</STRONG> (Thumb, 12 bytes, Stack size 0 bytes, dretinf.o(x$fpl$dretinf), UNUSED)
<BR><BR>[Called By]<UL><LI><a href="#[170]">&gt;&gt;</a>&nbsp;&nbsp;&nbsp;_f2d
<LI><a href="#[16d]">&gt;&gt;</a>&nbsp;&nbsp;&nbsp;_dmul
<LI><a href="#[169]">&gt;&gt;</a>&nbsp;&nbsp;&nbsp;_dadd
</UL>

<P><STRONG><a name="[1df]"></a>__aeabi_dsub</STRONG> (Thumb, 0 bytes, Stack size 32 bytes, daddsub_clz.o(x$fpl$dsub), UNUSED)

<P><STRONG><a name="[16e]"></a>_dsub</STRONG> (Thumb, 464 bytes, Stack size 32 bytes, daddsub_clz.o(x$fpl$dsub), UNUSED)
<BR><BR>[Calls]<UL><LI><a href="#[16f]">&gt;&gt;</a>&nbsp;&nbsp;&nbsp;_dadd1
<LI><a href="#[168]">&gt;&gt;</a>&nbsp;&nbsp;&nbsp;__fpl_dnaninf
</UL>

<P><STRONG><a name="[d1]"></a>__aeabi_f2d</STRONG> (Thumb, 0 bytes, Stack size 16 bytes, f2d.o(x$fpl$f2d))
<BR><BR>[Stack]<UL><LI>Max Depth = 16<LI>Call Chain = __aeabi_f2d
</UL>
<BR>[Called By]<UL><LI><a href="#[77]">&gt;&gt;</a>&nbsp;&nbsp;&nbsp;QD_value
<LI><a href="#[c1]">&gt;&gt;</a>&nbsp;&nbsp;&nbsp;findpoint
</UL>

<P><STRONG><a name="[170]"></a>_f2d</STRONG> (Thumb, 86 bytes, Stack size 16 bytes, f2d.o(x$fpl$f2d), UNUSED)
<BR><BR>[Calls]<UL><LI><a href="#[171]">&gt;&gt;</a>&nbsp;&nbsp;&nbsp;__fpl_fnaninf
<LI><a href="#[16b]">&gt;&gt;</a>&nbsp;&nbsp;&nbsp;__fpl_dretinf
</UL>

<P><STRONG><a name="[f3]"></a>__aeabi_fadd</STRONG> (Thumb, 0 bytes, Stack size 16 bytes, faddsub_clz.o(x$fpl$fadd))
<BR><BR>[Stack]<UL><LI>Max Depth = 16<LI>Call Chain = __aeabi_fadd
</UL>
<BR>[Called By]<UL><LI><a href="#[79]">&gt;&gt;</a>&nbsp;&nbsp;&nbsp;Motor_PID_Output
</UL>

<P><STRONG><a name="[172]"></a>_fadd</STRONG> (Thumb, 196 bytes, Stack size 16 bytes, faddsub_clz.o(x$fpl$fadd), UNUSED)
<BR><BR>[Calls]<UL><LI><a href="#[167]">&gt;&gt;</a>&nbsp;&nbsp;&nbsp;__fpl_fretinf
<LI><a href="#[171]">&gt;&gt;</a>&nbsp;&nbsp;&nbsp;__fpl_fnaninf
<LI><a href="#[173]">&gt;&gt;</a>&nbsp;&nbsp;&nbsp;_fsub1
</UL>

<P><STRONG><a name="[f4]"></a>__aeabi_f2iz</STRONG> (Thumb, 0 bytes, Stack size 16 bytes, ffix.o(x$fpl$ffix))
<BR><BR>[Stack]<UL><LI>Max Depth = 16<LI>Call Chain = __aeabi_f2iz
</UL>
<BR>[Called By]<UL><LI><a href="#[79]">&gt;&gt;</a>&nbsp;&nbsp;&nbsp;Motor_PID_Output
</UL>

<P><STRONG><a name="[174]"></a>_ffix</STRONG> (Thumb, 54 bytes, Stack size 16 bytes, ffix.o(x$fpl$ffix), UNUSED)
<BR><BR>[Calls]<UL><LI><a href="#[171]">&gt;&gt;</a>&nbsp;&nbsp;&nbsp;__fpl_fnaninf
</UL>

<P><STRONG><a name="[f1]"></a>__aeabi_i2f</STRONG> (Thumb, 0 bytes, Stack size 0 bytes, fflt_clz.o(x$fpl$fflt))
<BR><BR>[Called By]<UL><LI><a href="#[79]">&gt;&gt;</a>&nbsp;&nbsp;&nbsp;Motor_PID_Output
</UL>

<P><STRONG><a name="[1e0]"></a>_fflt</STRONG> (Thumb, 48 bytes, Stack size 0 bytes, fflt_clz.o(x$fpl$fflt), UNUSED)

<P><STRONG><a name="[e2]"></a>__aeabi_ui2f</STRONG> (Thumb, 0 bytes, Stack size 0 bytes, fflt_clz.o(x$fpl$ffltu))
<BR><BR>[Called By]<UL><LI><a href="#[e0]">&gt;&gt;</a>&nbsp;&nbsp;&nbsp;PID_Test
</UL>

<P><STRONG><a name="[1e1]"></a>_ffltu</STRONG> (Thumb, 38 bytes, Stack size 0 bytes, fflt_clz.o(x$fpl$ffltu), UNUSED)

<P><STRONG><a name="[f2]"></a>__aeabi_fmul</STRONG> (Thumb, 0 bytes, Stack size 16 bytes, fmul.o(x$fpl$fmul))
<BR><BR>[Stack]<UL><LI>Max Depth = 16<LI>Call Chain = __aeabi_fmul
</UL>
<BR>[Called By]<UL><LI><a href="#[79]">&gt;&gt;</a>&nbsp;&nbsp;&nbsp;Motor_PID_Output
</UL>

<P><STRONG><a name="[175]"></a>_fmul</STRONG> (Thumb, 258 bytes, Stack size 16 bytes, fmul.o(x$fpl$fmul), UNUSED)
<BR><BR>[Calls]<UL><LI><a href="#[167]">&gt;&gt;</a>&nbsp;&nbsp;&nbsp;__fpl_fretinf
<LI><a href="#[171]">&gt;&gt;</a>&nbsp;&nbsp;&nbsp;__fpl_fnaninf
</UL>

<P><STRONG><a name="[171]"></a>__fpl_fnaninf</STRONG> (Thumb, 140 bytes, Stack size 8 bytes, fnaninf.o(x$fpl$fnaninf), UNUSED)
<BR><BR>[Called By]<UL><LI><a href="#[170]">&gt;&gt;</a>&nbsp;&nbsp;&nbsp;_f2d
<LI><a href="#[175]">&gt;&gt;</a>&nbsp;&nbsp;&nbsp;_fmul
<LI><a href="#[174]">&gt;&gt;</a>&nbsp;&nbsp;&nbsp;_ffix
<LI><a href="#[176]">&gt;&gt;</a>&nbsp;&nbsp;&nbsp;_fsub
<LI><a href="#[172]">&gt;&gt;</a>&nbsp;&nbsp;&nbsp;_fadd
</UL>

<P><STRONG><a name="[167]"></a>__fpl_fretinf</STRONG> (Thumb, 10 bytes, Stack size 0 bytes, fretinf.o(x$fpl$fretinf), UNUSED)
<BR><BR>[Called By]<UL><LI><a href="#[166]">&gt;&gt;</a>&nbsp;&nbsp;&nbsp;_d2f
<LI><a href="#[175]">&gt;&gt;</a>&nbsp;&nbsp;&nbsp;_fmul
<LI><a href="#[172]">&gt;&gt;</a>&nbsp;&nbsp;&nbsp;_fadd
</UL>

<P><STRONG><a name="[1e2]"></a>__aeabi_fsub</STRONG> (Thumb, 0 bytes, Stack size 16 bytes, faddsub_clz.o(x$fpl$fsub), UNUSED)

<P><STRONG><a name="[176]"></a>_fsub</STRONG> (Thumb, 234 bytes, Stack size 16 bytes, faddsub_clz.o(x$fpl$fsub), UNUSED)
<BR><BR>[Calls]<UL><LI><a href="#[171]">&gt;&gt;</a>&nbsp;&nbsp;&nbsp;__fpl_fnaninf
<LI><a href="#[177]">&gt;&gt;</a>&nbsp;&nbsp;&nbsp;_fadd1
</UL>

<P><STRONG><a name="[89]"></a>_printf_fp_dec</STRONG> (Thumb, 4 bytes, Stack size 0 bytes, printf1.o(x$fpl$printf1))
<BR><BR>[Stack]<UL><LI>Max Depth = 320<LI>Call Chain = _printf_fp_dec &rArr; _printf_fp_dec_real &rArr; _fp_digits &rArr; _btod_etento &rArr; _btod_emul &rArr; _e2e
</UL>
<BR>[Calls]<UL><LI><a href="#[156]">&gt;&gt;</a>&nbsp;&nbsp;&nbsp;_printf_fp_dec_real
</UL>
<BR>[Called By]<UL><LI><a href="#[8b]">&gt;&gt;</a>&nbsp;&nbsp;&nbsp;_printf_g
<LI><a href="#[8a]">&gt;&gt;</a>&nbsp;&nbsp;&nbsp;_printf_e
<LI><a href="#[88]">&gt;&gt;</a>&nbsp;&nbsp;&nbsp;_printf_f
</UL>

<P><STRONG><a name="[8d]"></a>_printf_fp_hex</STRONG> (Thumb, 4 bytes, Stack size 0 bytes, printf2.o(x$fpl$printf2))
<BR><BR>[Stack]<UL><LI>Max Depth = 112<LI>Call Chain = _printf_fp_hex &rArr; _printf_fp_hex_real &rArr; _printf_fp_infnan &rArr; _printf_post_padding
</UL>
<BR>[Calls]<UL><LI><a href="#[159]">&gt;&gt;</a>&nbsp;&nbsp;&nbsp;_printf_fp_hex_real
</UL>
<BR>[Called By]<UL><LI><a href="#[8c]">&gt;&gt;</a>&nbsp;&nbsp;&nbsp;_printf_a
</UL>
<P>
<H3>
Local Symbols
</H3>
<P><STRONG><a name="[f8]"></a>NVIC_DisableIRQ</STRONG> (Thumb, 18 bytes, Stack size 0 bytes, ov7620.o(.text))
<BR><BR>[Called By]<UL><LI><a href="#[68]">&gt;&gt;</a>&nbsp;&nbsp;&nbsp;PORTD_IRQHandler
<LI><a href="#[69]">&gt;&gt;</a>&nbsp;&nbsp;&nbsp;PORTE_IRQHandler
<LI><a href="#[c2]">&gt;&gt;</a>&nbsp;&nbsp;&nbsp;OV7620_Init
</UL>

<P><STRONG><a name="[103]"></a>ADC_Calibration</STRONG> (Thumb, 324 bytes, Stack size 20 bytes, adc.o(.text), UNUSED)
<BR><BR>[Calls]<UL><LI><a href="#[104]">&gt;&gt;</a>&nbsp;&nbsp;&nbsp;ADC_ITDMAConfig
</UL>
<BR>[Called By]<UL><LI><a href="#[105]">&gt;&gt;</a>&nbsp;&nbsp;&nbsp;ADC_Init
</UL>

<P><STRONG><a name="[113]"></a>NVIC_EnableIRQ</STRONG> (Thumb, 22 bytes, Stack size 0 bytes, dac.o(.text), UNUSED)
<BR><BR>[Called By]<UL><LI><a href="#[112]">&gt;&gt;</a>&nbsp;&nbsp;&nbsp;DAC_ITDMAConfig
</UL>

<P><STRONG><a name="[118]"></a>_FTM_InitBasic</STRONG> (Thumb, 182 bytes, Stack size 8 bytes, ftm.o(.text))
<BR><BR>[Stack]<UL><LI>Max Depth = 8<LI>Call Chain = _FTM_InitBasic
</UL>
<BR>[Called By]<UL><LI><a href="#[d6]">&gt;&gt;</a>&nbsp;&nbsp;&nbsp;FTM_QD_QuickInit
<LI><a href="#[d9]">&gt;&gt;</a>&nbsp;&nbsp;&nbsp;FTM_PWM_QuickInit
<LI><a href="#[11a]">&gt;&gt;</a>&nbsp;&nbsp;&nbsp;FTM_IC_QuickInit
</UL>

<P><STRONG><a name="[115]"></a>get_channel_pair_index</STRONG> (Thumb, 40 bytes, Stack size 0 bytes, ftm.o(.text))
<BR><BR>[Called By]<UL><LI><a href="#[114]">&gt;&gt;</a>&nbsp;&nbsp;&nbsp;FTM_DualChlConfig
</UL>

<P><STRONG><a name="[114]"></a>FTM_DualChlConfig</STRONG> (Thumb, 180 bytes, Stack size 24 bytes, ftm.o(.text))
<BR><BR>[Stack]<UL><LI>Max Depth = 24<LI>Call Chain = FTM_DualChlConfig
</UL>
<BR>[Calls]<UL><LI><a href="#[115]">&gt;&gt;</a>&nbsp;&nbsp;&nbsp;get_channel_pair_index
</UL>
<BR>[Called By]<UL><LI><a href="#[116]">&gt;&gt;</a>&nbsp;&nbsp;&nbsp;FTM_SetMode
</UL>

<P><STRONG><a name="[116]"></a>FTM_SetMode</STRONG> (Thumb, 1138 bytes, Stack size 16 bytes, ftm.o(.text))
<BR><BR>[Stack]<UL><LI>Max Depth = 40<LI>Call Chain = FTM_SetMode &rArr; FTM_DualChlConfig
</UL>
<BR>[Calls]<UL><LI><a href="#[117]">&gt;&gt;</a>&nbsp;&nbsp;&nbsp;FTM_PWM_InvertPolarity
<LI><a href="#[114]">&gt;&gt;</a>&nbsp;&nbsp;&nbsp;FTM_DualChlConfig
</UL>
<BR>[Called By]<UL><LI><a href="#[d6]">&gt;&gt;</a>&nbsp;&nbsp;&nbsp;FTM_QD_QuickInit
<LI><a href="#[d9]">&gt;&gt;</a>&nbsp;&nbsp;&nbsp;FTM_PWM_QuickInit
<LI><a href="#[11a]">&gt;&gt;</a>&nbsp;&nbsp;&nbsp;FTM_IC_QuickInit
</UL>

<P><STRONG><a name="[11d]"></a>NVIC_EnableIRQ</STRONG> (Thumb, 22 bytes, Stack size 0 bytes, gpio.o(.text))
<BR><BR>[Called By]<UL><LI><a href="#[f7]">&gt;&gt;</a>&nbsp;&nbsp;&nbsp;GPIO_ITDMAConfig
</UL>

<P><STRONG><a name="[11f]"></a>PIT_IRQHandler</STRONG> (Thumb, 42 bytes, Stack size 8 bytes, pit.o(.text))
<BR><BR>[Stack]<UL><LI>Max Depth = 8<LI>Call Chain = PIT_IRQHandler
</UL>
<BR>[Called By]<UL><LI><a href="#[55]">&gt;&gt;</a>&nbsp;&nbsp;&nbsp;PIT3_IRQHandler
<LI><a href="#[54]">&gt;&gt;</a>&nbsp;&nbsp;&nbsp;PIT2_IRQHandler
<LI><a href="#[53]">&gt;&gt;</a>&nbsp;&nbsp;&nbsp;PIT1_IRQHandler
<LI><a href="#[52]">&gt;&gt;</a>&nbsp;&nbsp;&nbsp;PIT0_IRQHandler
</UL>

<P><STRONG><a name="[123]"></a>NVIC_EnableIRQ</STRONG> (Thumb, 22 bytes, Stack size 0 bytes, uart.o(.text), UNUSED)
<BR><BR>[Called By]<UL><LI><a href="#[122]">&gt;&gt;</a>&nbsp;&nbsp;&nbsp;UART_ITDMAConfig
</UL>

<P><STRONG><a name="[130]"></a>WDOG_Unlock</STRONG> (Thumb, 20 bytes, Stack size 0 bytes, wdog.o(.text), UNUSED)
<BR><BR>[Called By]<UL><LI><a href="#[132]">&gt;&gt;</a>&nbsp;&nbsp;&nbsp;WDOG_ITDMAConfig
<LI><a href="#[12f]">&gt;&gt;</a>&nbsp;&nbsp;&nbsp;WDOG_Init
</UL>

<P><STRONG><a name="[134]"></a>dspi_hal_set_baud</STRONG> (Thumb, 226 bytes, Stack size 60 bytes, spi.o(.text))
<BR><BR>[Stack]<UL><LI>Max Depth = 60<LI>Call Chain = dspi_hal_set_baud
</UL>
<BR>[Called By]<UL><LI><a href="#[133]">&gt;&gt;</a>&nbsp;&nbsp;&nbsp;SPI_CTARConfig
</UL>

<P><STRONG><a name="[16f]"></a>_dadd1</STRONG> (Thumb, 0 bytes, Stack size unknown bytes, daddsub_clz.o(x$fpl$dadd), UNUSED)
<BR><BR>[Called By]<UL><LI><a href="#[16e]">&gt;&gt;</a>&nbsp;&nbsp;&nbsp;_dsub
</UL>

<P><STRONG><a name="[16a]"></a>_dsub1</STRONG> (Thumb, 0 bytes, Stack size unknown bytes, daddsub_clz.o(x$fpl$dsub), UNUSED)
<BR><BR>[Called By]<UL><LI><a href="#[169]">&gt;&gt;</a>&nbsp;&nbsp;&nbsp;_dadd
</UL>

<P><STRONG><a name="[177]"></a>_fadd1</STRONG> (Thumb, 0 bytes, Stack size unknown bytes, faddsub_clz.o(x$fpl$fadd), UNUSED)
<BR><BR>[Called By]<UL><LI><a href="#[176]">&gt;&gt;</a>&nbsp;&nbsp;&nbsp;_fsub
</UL>

<P><STRONG><a name="[173]"></a>_fsub1</STRONG> (Thumb, 0 bytes, Stack size unknown bytes, faddsub_clz.o(x$fpl$fsub), UNUSED)
<BR><BR>[Called By]<UL><LI><a href="#[172]">&gt;&gt;</a>&nbsp;&nbsp;&nbsp;_fadd
</UL>

<P><STRONG><a name="[7d]"></a>_printf_input_char</STRONG> (Thumb, 10 bytes, Stack size 0 bytes, _printf_char_common.o(.text))
<BR>[Address Reference Count : 1]<UL><LI> _printf_char_common.o(.text)
</UL>
<P><STRONG><a name="[151]"></a>_fp_digits</STRONG> (Thumb, 428 bytes, Stack size 96 bytes, _printf_fp_dec.o(.text))
<BR><BR>[Stack]<UL><LI>Max Depth = 216<LI>Call Chain = _fp_digits &rArr; _btod_etento &rArr; _btod_emul &rArr; _e2e
</UL>
<BR>[Calls]<UL><LI><a href="#[155]">&gt;&gt;</a>&nbsp;&nbsp;&nbsp;_btod_emul
<LI><a href="#[154]">&gt;&gt;</a>&nbsp;&nbsp;&nbsp;_btod_ediv
<LI><a href="#[153]">&gt;&gt;</a>&nbsp;&nbsp;&nbsp;_btod_d2e
<LI><a href="#[152]">&gt;&gt;</a>&nbsp;&nbsp;&nbsp;_btod_etento
<LI><a href="#[14f]">&gt;&gt;</a>&nbsp;&nbsp;&nbsp;_ll_udiv10
</UL>
<BR>[Called By]<UL><LI><a href="#[156]">&gt;&gt;</a>&nbsp;&nbsp;&nbsp;_printf_fp_dec_real
</UL>
<P>
<H3>
Undefined Global Symbols
</H3><HR></body></html>
